<6>[    0.000000] Booting Linux on physical CPU 0x0000000000 [0x410fd042]
<5>[    0.000000] Linux version 6.12.103 (dvh@hp) (aarch64-linux-gnu-gcc (Debian 14.2.0-19) 14.2.0, GNU ld (GNU Binutils for Debian) 2.44) #16 SMP PREEMPT Wed Aug 19 16:16:31 CEST 2026
<4>[    0.000000] KASLR disabled due to lack of seed
<6>[    0.000000] Machine model: Anbernic RG351P (pid351)
<6>[    0.000000] efi: UEFI not found.
<6>[    0.000000] OF: reserved mem: Reserved memory: No reserved-memory node in the DT
<6>[    0.000000] NUMA: Faking a node at [mem 0x0000000000200000-0x000000003fffffff]
<6>[    0.000000] NODE_DATA(0) allocated [mem 0x3fdc3300-0x3fdc593f]
<6>[    0.000000] Zone ranges:
<6>[    0.000000]   DMA      [mem 0x0000000000200000-0x000000003fffffff]
<6>[    0.000000]   DMA32    empty
<6>[    0.000000]   Normal   empty
<6>[    0.000000] Movable zone start for each node
<6>[    0.000000] Early memory node ranges
<6>[    0.000000]   node   0: [mem 0x0000000000200000-0x000000003fffffff]
<6>[    0.000000] Initmem setup node 0 [mem 0x0000000000200000-0x000000003fffffff]
<6>[    0.000000] On node 0, zone DMA: 512 pages in unavailable ranges
<6>[    0.000000] cma: Reserved 16 MiB at 0x000000003dc00000 on node -1
<6>[    0.000000] psci: probing for conduit method from DT.
<6>[    0.000000] psci: PSCIv1.1 detected in firmware.
<6>[    0.000000] psci: Using standard PSCI v0.2 function IDs
<6>[    0.000000] psci: MIGRATE_INFO_TYPE not supported.
<6>[    0.000000] psci: SMC Calling Convention v1.2
<6>[    0.000000] percpu: Embedded 22 pages/cpu s57504 r0 d32608 u90112
<7>[    0.000000] pcpu-alloc: s57504 r0 d32608 u90112 alloc=22*4096
<7>[    0.000000] pcpu-alloc: [0] 0 [0] 1 [0] 2 [0] 3 
<6>[    0.000000] Detected VIPT I-cache on CPU0
<6>[    0.000000] alternatives: applying boot alternatives
<5>[    0.000000] Kernel command line: console=ttyS2,1500000 console=tty0 panic=5 cma=16M printk.devkmsg=on
<6>[    0.000000] Dentry cache hash table entries: 131072 (order: 8, 1048576 bytes, linear)
<6>[    0.000000] Inode-cache hash table entries: 65536 (order: 7, 524288 bytes, linear)
<6>[    0.000000] Fallback order for Node 0: 0 
<6>[    0.000000] Built 1 zonelists, mobility grouping on.  Total pages: 261632
<6>[    0.000000] Policy zone: DMA
<6>[    0.000000] mem auto-init: stack:all(zero), heap alloc:off, heap free:off
<6>[    0.000000] software IO TLB: SWIOTLB bounce buffer size adjusted to 0MB
<6>[    0.000000] software IO TLB: area num 4.
<6>[    0.000000] software IO TLB: mapped [mem 0x000000003da80000-0x000000003db80000] (1MB)
<6>[    0.000000] SLUB: HWalign=64, Order=0-3, MinObjects=0, CPUs=4, Nodes=1
<6>[    0.000000] rcu: Preemptible hierarchical RCU implementation.
<6>[    0.000000] rcu: 	RCU event tracing is enabled.
<6>[    0.000000] rcu: 	RCU restricting CPUs from NR_CPUS=512 to nr_cpu_ids=4.
<6>[    0.000000] 	Trampoline variant of Tasks RCU enabled.
<6>[    0.000000] 	Tracing variant of Tasks RCU enabled.
<6>[    0.000000] rcu: RCU calculated value of scheduler-enlistment delay is 25 jiffies.
<6>[    0.000000] rcu: Adjusting geometry for rcu_fanout_leaf=16, nr_cpu_ids=4
<6>[    0.000000] RCU Tasks: Setting shift to 2 and lim to 1 rcu_task_cb_adjust=1 rcu_task_cpu_ids=4.
<6>[    0.000000] RCU Tasks Trace: Setting shift to 2 and lim to 1 rcu_task_cb_adjust=1 rcu_task_cpu_ids=4.
<6>[    0.000000] NR_IRQS: 64, nr_irqs: 64, preallocated irqs: 0
<6>[    0.000000] Root IRQ handler: gic_handle_irq
<6>[    0.000000] GIC: Using split EOI/Deactivate mode
<6>[    0.000000] rcu: srcu_init: Setting srcu_struct sizes based on contention.
<6>[    0.000000] clocksource: jiffies: mask: 0xffffffff max_cycles: 0xffffffff, max_idle_ns: 7645041785100000 ns
<6>[    0.000000] arch_timer: cp15 timer(s) running at 24.00MHz (phys).
<6>[    0.000000] clocksource: arch_sys_counter: mask: 0xffffffffffffff max_cycles: 0x588fe9dc0, max_idle_ns: 440795202592 ns
<6>[    0.000002] sched_clock: 56 bits at 24MHz, resolution 41ns, wraps every 4398046511097ns
<6>[    0.001490] Console: colour dummy device 80x25
<6>[    0.001527] printk: legacy console [tty0] enabled
<6>[    0.002756] Calibrating delay loop (skipped), value calculated using timer frequency.. 48.00 BogoMIPS (lpj=96000)
<6>[    0.002822] pid_max: default: 32768 minimum: 301
<6>[    0.003000] LSM: initializing lsm=capability
<6>[    0.003191] Mount-cache hash table entries: 2048 (order: 2, 16384 bytes, linear)
<6>[    0.003251] Mountpoint-cache hash table entries: 2048 (order: 2, 16384 bytes, linear)
<4>[    0.005431] cacheinfo: Unable to detect cache hierarchy for CPU 0
<6>[    0.008360] rcu: Hierarchical SRCU implementation.
<6>[    0.008434] rcu: 	Max phase no-delay instances is 1000.
<6>[    0.009048] Timer migration: 1 hierarchy levels; 8 children per group; 1 crossnode level
<6>[    0.010079] EFI services will not be available.
<6>[    0.010807] smp: Bringing up secondary CPUs ...
<6>[    0.012184] Detected VIPT I-cache on CPU1
<6>[    0.012372] CPU1: Booted secondary processor 0x0000000001 [0x410fd042]
<6>[    0.013959] Detected VIPT I-cache on CPU2
<6>[    0.014134] CPU2: Booted secondary processor 0x0000000002 [0x410fd042]
<6>[    0.015696] Detected VIPT I-cache on CPU3
<6>[    0.015881] CPU3: Booted secondary processor 0x0000000003 [0x410fd042]
<6>[    0.016233] smp: Brought up 1 node, 4 CPUs
<6>[    0.016405] SMP: Total of 4 processors activated.
<6>[    0.016433] CPU: All CPU(s) started at EL2
<6>[    0.016521] CPU features: detected: 32-bit EL0 Support
<6>[    0.016551] CPU features: detected: 32-bit EL1 Support
<6>[    0.016586] CPU features: detected: CRC32 instructions
<6>[    0.016706] alternatives: applying system-wide alternatives
<6>[    0.019272] Memory: 972352K/1046528K available (15872K kernel code, 3132K rwdata, 7952K rodata, 3200K init, 1034K bss, 53216K reserved, 16384K cma-reserved)
<6>[    0.021052] devtmpfs: initialized
<6>[    0.040524] futex hash table entries: 1024 (order: 4, 65536 bytes, linear)
<6>[    0.042566] 24896 pages in range for non-PLT usage
<6>[    0.042601] 516416 pages in range for PLT usage
<6>[    0.043128] pinctrl core: initialized pinctrl subsystem
<6>[    0.044644] DMI not present or invalid.
<6>[    0.046927] DMA: preallocated 128 KiB GFP_KERNEL pool for atomic allocations
<6>[    0.047292] DMA: preallocated 128 KiB GFP_KERNEL|GFP_DMA pool for atomic allocations
<6>[    0.047679] DMA: preallocated 128 KiB GFP_KERNEL|GFP_DMA32 pool for atomic allocations
<6>[    0.051412] thermal_sys: Registered thermal governor 'step_wise'
<6>[    0.051444] thermal_sys: Registered thermal governor 'power_allocator'
<6>[    0.051652] cpuidle: using governor menu
<6>[    0.052272] hw-breakpoint: found 6 breakpoint and 4 watchpoint registers.
<6>[    0.052522] ASID allocator initialised with 65536 entries
<6>[    0.053102] Serial: AMBA PL011 UART driver
<6>[    0.075505] /dsi@ff450000: Fixed dependency cycle(s) with /dsi@ff450000/panel@0
<6>[    0.075869] /dsi@ff450000/panel@0: Fixed dependency cycle(s) with /dsi@ff450000
<6>[    0.076646] /dsi@ff450000: Fixed dependency cycle(s) with /vop@ff460000
<6>[    0.076846] /vop@ff460000: Fixed dependency cycle(s) with /dsi@ff450000
<4>[    0.097465] gpio gpiochip0: Static allocation of GPIO base is deprecated, use dynamic allocation.
<6>[    0.098278] rockchip-gpio ff040000.gpio: probed /pinctrl/gpio@ff040000
<4>[    0.099105] gpio gpiochip1: Static allocation of GPIO base is deprecated, use dynamic allocation.
<6>[    0.099609] rockchip-gpio ff250000.gpio: probed /pinctrl/gpio@ff250000
<4>[    0.100359] gpio gpiochip2: Static allocation of GPIO base is deprecated, use dynamic allocation.
<6>[    0.100928] rockchip-gpio ff260000.gpio: probed /pinctrl/gpio@ff260000
<4>[    0.101837] gpio gpiochip3: Static allocation of GPIO base is deprecated, use dynamic allocation.
<6>[    0.102345] rockchip-gpio ff270000.gpio: probed /pinctrl/gpio@ff270000
<6>[    0.108682] HugeTLB: registered 1.00 GiB page size, pre-allocated 0 pages
<6>[    0.108758] HugeTLB: 0 KiB vmemmap can be freed for a 1.00 GiB page
<6>[    0.108797] HugeTLB: registered 32.0 MiB page size, pre-allocated 0 pages
<6>[    0.108829] HugeTLB: 0 KiB vmemmap can be freed for a 32.0 MiB page
<6>[    0.108866] HugeTLB: registered 2.00 MiB page size, pre-allocated 0 pages
<6>[    0.108901] HugeTLB: 0 KiB vmemmap can be freed for a 2.00 MiB page
<6>[    0.108989] HugeTLB: registered 64.0 KiB page size, pre-allocated 0 pages
<6>[    0.109024] HugeTLB: 0 KiB vmemmap can be freed for a 64.0 KiB page
<6>[    0.113757] ACPI: Interpreter disabled.
<6>[    0.115353] iommu: Default domain type: Translated
<6>[    0.115428] iommu: DMA domain TLB invalidation policy: strict mode
<5>[    0.116781] SCSI subsystem initialized
<7>[    0.117322] libata version 3.00 loaded.
<6>[    0.117656] usbcore: registered new interface driver usbfs
<6>[    0.117763] usbcore: registered new interface driver hub
<6>[    0.117863] usbcore: registered new device driver usb
<6>[    0.119877] EDAC MC: Ver: 3.0.0
<6>[    0.120752] scmi_core: SCMI protocol bus registered
<6>[    0.121926] FPGA manager framework
<6>[    0.122612] Advanced Linux Sound Architecture Driver Initialized.
<6>[    0.123083] vgaarb: loaded
<6>[    0.123883] clocksource: Switched to clocksource arch_sys_counter
<5>[    0.124535] VFS: Disk quotas dquot_6.6.0
<6>[    0.124646] VFS: Dquot-cache hash table entries: 512 (order 0, 4096 bytes)
<6>[    0.125540] pnp: PnP ACPI: disabled
<6>[    0.142980] PCI: CLS 0 bytes, default 64
<6>[    0.161203] kvm [1]: nv: 554 coarse grained trap handlers
<6>[    0.162434] kvm [1]: IPA Size Limit: 40 bits
<6>[    0.166964] kvm [1]: vgic interrupt IRQ9
<6>[    0.167096] kvm [1]: Hyp nVHE mode initialized successfully
<6>[    0.171215] workingset: timestamp_bits=42 max_order=18 bucket_order=0
<6>[    0.172129] squashfs: version 4.0 (2009/01/31) Phillip Lougher
<6>[    0.172712] fuse: init (API version 7.41)
<6>[    0.335009] Block layer SCSI generic (bsg) driver version 0.4 loaded (major 244)
<6>[    0.335095] io scheduler mq-deadline registered
<6>[    0.335143] io scheduler kyber registered
<6>[    0.335258] io scheduler bfq registered
<6>[    0.351840] ledtrig-cpu: registered to indicate activity on CPUs
<6>[    0.364359] dma-pl330 ff240000.dma-controller: Loaded driver for PL330 DMAC-241330
<6>[    0.364452] dma-pl330 ff240000.dma-controller: 	DBUFF-128x8bytes Num_Chans-8 Num_Peri-32 Num_Events-16
<6>[    0.378320] Serial: 8250/16550 driver, 4 ports, IRQ sharing enabled
<6>[    0.383567] printk: legacy console [ttyS2] disabled
<6>[    0.384599] ff160000.serial: ttyS2 at MMIO 0xff160000 (irq = 22, base_baud = 1500000) is a 16550A
<6>[    0.384862] printk: legacy console [ttyS2] enabled
<6>[    0.474166] rockchip-vop ff460000.vop: Adding to iommu group 0
<6>[    0.479032] /dsi@ff450000: Fixed dependency cycle(s) with /dsi@ff450000/panel@0
<6>[    0.479970] /dsi@ff450000/panel@0: Fixed dependency cycle(s) with /dsi@ff450000
<6>[    0.514118] loop: module loaded
<6>[    0.517088] megasas: 07.727.03.00-rc1
<6>[    0.517653] mpt3sas version 48.100.00.00 loaded
<6>[    0.538893] VFIO - User Level meta-driver version: 0.3
<4>[    0.541499] rockchip-usb2phy ff2c0000.syscon:usb2phy@100: Requested PHY is disabled
<4>[    0.542304] dwc2 ff300000.usb: supply vusb_d not found, using dummy regulator
<4>[    0.543244] dwc2 ff300000.usb: supply vusb_a not found, using dummy regulator
<4>[    0.544237] dwc2 ff300000.usb: Configuration mismatch. dr_mode forced to host
<4>[    0.555765] rockchip-usb2phy ff2c0000.syscon:usb2phy@100: Requested PHY is disabled
<4>[    0.556571] rockchip-usb2phy ff2c0000.syscon:usb2phy@100: Requested PHY is disabled
<6>[    0.557295] dwc2 ff300000.usb: DWC OTG Controller
<6>[    0.557806] dwc2 ff300000.usb: new USB bus registered, assigned bus number 1
<6>[    0.558518] dwc2 ff300000.usb: irq 27, io mem 0xff300000
<6>[    0.561186] hub 1-0:1.0: USB hub found
<6>[    0.561676] hub 1-0:1.0: 1 port detected
<6>[    0.566283] usbcore: registered new interface driver cdc_acm
<6>[    0.566863] cdc_acm: USB Abstract Control Model driver for USB modems and ISDN adapters
<6>[    0.567676] usbcore: registered new interface driver usb-storage
<6>[    0.568567] usbcore: registered new interface driver cp210x
<6>[    0.569150] usbserial: USB Serial support registered for cp210x
<6>[    0.569781] usbcore: registered new interface driver ftdi_sio
<6>[    0.570364] usbserial: USB Serial support registered for FTDI USB Serial Device
<6>[    0.571123] usbcore: registered new interface driver option
<6>[    0.571686] usbserial: USB Serial support registered for GSM modem (1-port)
<6>[    0.573045] usbcore: registered new device driver onboard-usb-dev
<4>[    0.580554] pwm-vibrator vibrator: supply vcc not found, using dummy regulator
<6>[    0.581931] input: pwm-vibrator as /devices/platform/vibrator/input/input0
<6>[    0.586051] i2c_dev: i2c /dev entries driver
<6>[    0.622957] vcc_bl: Bringing 2800000uV into 3300000-3300000uV
<6>[    0.625400] vcc_lcd: Bringing 1800000uV into 2800000-2800000uV
<6>[    0.629046] usb_midu: Bringing 4700000uV into 5000000-5000000uV
<6>[    0.634918] input: rk805 pwrkey as /devices/platform/ff180000.i2c/i2c-0/0-0020/rk805-pwrkey.2.auto/input/input1
<6>[    0.641604] rk808-rtc rk808-rtc.3.auto: registered as rtc0
<6>[    0.643023] rk808-rtc rk808-rtc.3.auto: setting system clock to 2017-08-07T09:20:54 UTC (1502097654)
<4>[    0.662624] rockchip-thermal ff280000.tsadc: Missing tshut mode property, using default (cru)
<4>[    0.663470] rockchip-thermal ff280000.tsadc: Missing tshut-polarity property, using default (low)
<6>[    0.668504] device-mapper: ioctl: 4.48.0-ioctl (2023-03-01) initialised: dm-devel@lists.linux.dev
<6>[    0.672147] cpu cpu0: EM: created perf domain
<6>[    0.676636] sdhci: Secure Digital Host Controller Interface driver
<6>[    0.677236] sdhci: Copyright(c) Pierre Ossman
<6>[    0.678205] Synopsys Designware Multimedia Card Interface Driver
<6>[    0.679606] sdhci-pltfm: SDHCI platform and OF driver helper
<6>[    0.680725] dwmmc_rockchip ff370000.mmc: IDMAC supports 32-bit address mode.
<6>[    0.681440] dwmmc_rockchip ff370000.mmc: Using internal DMA controller.
<6>[    0.682051] dwmmc_rockchip ff370000.mmc: Version ID is 270a
<6>[    0.682416] SMCCC: SOC_ID: ARCH_SOC_ID not implemented, skipping ....
<6>[    0.682635] dwmmc_rockchip ff370000.mmc: DW MMC controller at irq 55,32 bit host data width,256 deep fifo
<6>[    0.684276] usbcore: registered new interface driver usbhid
<6>[    0.684815] usbhid: USB HID core driver
<6>[    0.685165] dwmmc_rockchip ff370000.mmc: Got CD GPIO
<4>[    0.691703] SPI driver st-magn-spi has no spi_device_id for st,lis3mdl-magn
<4>[    0.692436] SPI driver st-magn-spi has no spi_device_id for st,lsm303agr-magn
<4>[    0.693090] SPI driver st-magn-spi has no spi_device_id for st,lsm9ds1-magn
<4>[    0.693712] SPI driver st-magn-spi has no spi_device_id for st,lsm303c-magn
<6>[    0.696996] hw perfevents: enabled with armv8_cortex_a35 PMU driver, 7 (0,8000003f) counters available
<6>[    0.700601]  cs_system_cfg: CoreSight Configuration manager initialised
<6>[    0.700684] mmc_host mmc0: Bus speed (slot 0) = 400000Hz (slot req 400000Hz, actual 400000HZ div = 0)
<6>[    0.704689] gnss: GNSS driver registered with major 236
<6>[    0.740464] Demotion targets for Node 0: null
<6>[    0.764479] mmc_host mmc0: Bus speed (slot 0) = 50000000Hz (slot req 50000000Hz, actual 50000000HZ div = 0)
<6>[    0.768235] mmc0: new high speed SDHC card at address 0001
<6>[    0.770369] mmcblk0: mmc0:0001 00000 29.2 GiB
<6>[    0.775334]  mmcblk0: p1 p2
<6>[    0.781307] rockchip-drm display-subsystem: bound ff460000.vop (ops vop_component_ops)
<6>[    0.782488] rockchip-drm display-subsystem: bound ff450000.dsi (ops dw_mipi_dsi_rockchip_ops)
<6>[    0.784730] [drm] Initialized rockchip 1.0.0 for display-subsystem on minor 0
<6>[    0.848717] usb 1-1: new high-speed USB device number 2 using dwc2
<6>[    1.046013] hub 1-1:1.0: USB hub found
<6>[    1.046566] hub 1-1:1.0: 4 ports detected
<6>[    1.230750] Console: switching to colour frame buffer device 40x30
<6>[    1.284070] rockchip-drm display-subsystem: [drm] fb0: rockchipdrmfb frame buffer device
<6>[    1.330666] input: rk817_int Headphones as /devices/platform/rk817-sound/sound/card0/input2
<6>[    1.342969] clk: Disabling unused clocks
<6>[    1.348592] PM: genpd: Disabling unused power domains
<6>[    1.355002] ALSA device list:
<6>[    1.356747]   #0: rk817_int
<6>[    1.361170] Freeing unused kernel memory: 3200K
<6>[    1.364188] Run /init as init process
<7>[    1.365864]   with arguments:
<7>[    1.365885]     /init
<7>[    1.365894]   with environment:
<7>[    1.365900]     HOME=/
<7>[    1.365906]     TERM=linux
<12>[    1.371170] pid351: running as PID 1
<4>[    1.378386] FAT-fs (mmcblk0p1): Volume was not properly unmounted. Some data may be corrupt. Please run fsck.
<12>[    1.393688] pid351: playing /boot/pid351/roms/smb.nes
<12>[    1.398118] pid351: connector 40, crtc 36, mode 320x480@60
<6>[    1.580065] usb 1-1.2: new full-speed USB device number 3 using dwc2
<6>[    1.681787] input: OpenSimHardware OSH PB Controller Keyboard as /devices/platform/ff300000.usb/usb1/1-1/1-1.2/1-1.2:1.0/0003:1209:3100.0001/input/input3
<6>[    1.745027] input: OpenSimHardware OSH PB Controller Mouse as /devices/platform/ff300000.usb/usb1/1-1/1-1.2/1-1.2:1.0/0003:1209:3100.0001/input/input4
<6>[    1.756146] input: OpenSimHardware OSH PB Controller as /devices/platform/ff300000.usb/usb1/1-1/1-1.2/1-1.2:1.0/0003:1209:3100.0001/input/input5
<6>[    1.767747] hid-generic 0003:1209:3100.0001: input: USB HID v1.11 Keyboard [OpenSimHardware OSH PB Controller] on usb-ff300000.usb-1.2/input0
<12>[    2.020391] pid351: pad on /dev/input/event5 (OpenSimHardware OSH PB Controller)
<12>[    2.029463] pid351: pad appeared after 60 ms
<12>[    2.036007] pid351: display up, rotating counter-clockwise
<12>[    2.047618] pid351: audio card 0 is "rk817int" driver "simple-card" (rk817_int)
<12>[    2.056029] pid351: audio "Playback Mux" = 0
<12>[    2.065313] pid351: audio "Master Playback Volume" = 255
<12>[    2.164299] pid351: audio jack /dev/input/event2 "rk817_int Headphones" reports headphones INSERTED
<12>[    2.340796] pid351: audio accepts channels     2 .. 8
<12>[    2.346838] pid351: audio accepts rate         8000 .. 96000
<12>[    2.352406] pid351: audio accepts period_size  4 .. 65536
<12>[    2.357955] pid351: audio accepts periods      2 .. 32768
<12>[    2.363657] pid351: audio accepts buffer_size  8 .. 131072
<12>[    2.375283] pid351: audio /dev/snd/pcmC0D0p: 48000 Hz, period 512, buffer 4096 (85.3 ms), 799 frames/video frame
<12>[    2.417678] pid351: first frame 256x224 pitch=512 (2.0 bytes/pixel)
<12>[    2.429659] pid351: core fceumm, 256x224, 60.100 fps, 48000 Hz -> 48000 Hz (stretch -0.133%)
<5>[    3.219944] random: crng init done
<12>[    7.446431] pid351: fceumm 60.07 fps  emu 60.07 (1.00x)  frames=301  ring=1532  aud=2560 x1  scale=3861 blit=2478 us
<12>[   12.462009] pid351: fceumm 60.01 fps  emu 60.01 (1.00x)  frames=602  ring=1478  aud=2537 x1  scale=3324 blit=2127 us
<12>[   17.476922] pid351: fceumm 60.02 fps  emu 60.02 (1.00x)  frames=903  ring=1423  aud=2538 x1  scale=3090 blit=2184 us
<12>[   22.491967] pid351: fceumm 60.02 fps  emu 60.02 (1.00x)  frames=1204  ring=1370  aud=2538 x1  scale=3086 blit=2233 us
<12>[   27.506756] pid351: fceumm 60.02 fps  emu 60.02 (1.00x)  frames=1505  ring=1315  aud=2547 x1  scale=3079 blit=2547 us
<6>[   31.712304] vcc_wifi: disabling
<12>[   32.522132] pid351: fceumm 60.02 fps  emu 60.02 (1.00x)  frames=1806  ring=1262  aud=2532 x1  scale=3179 blit=2209 us
<12>[   37.536979] pid351: fceumm 60.02 fps  emu 60.02 (1.00x)  frames=2107  ring=1209  aud=2540 x1  scale=3220 blit=2283 us
<12>[   42.552081] pid351: fceumm 60.02 fps  emu 60.02 (1.00x)  frames=2408  ring=1159  aud=2533 x1  scale=3087 blit=2233 us
<12>[   47.564967] pid351: fceumm 34.71 fps  emu 97.55 (2.81x)  frames=2582  ring=1147  aud=2788 x1  scale=3114 blit=2152 us
<12>[   52.579838] pid351: fceumm 60.02 fps  emu 60.02 (1.00x)  frames=2883  ring=1101  aud=2796 x1  scale=3328 blit=2362 us
<12>[   57.594747] pid351: fceumm 60.02 fps  emu 60.02 (1.00x)  frames=3184  ring=1056  aud=2797 x1  scale=3332 blit=2244 us
<12>[   62.609959] pid351: fceumm 60.02 fps  emu 60.02 (1.00x)  frames=3485  ring=1014  aud=2790 x1  scale=3311 blit=2319 us
<12>[   67.625141] pid351: fceumm 60.02 fps  emu 60.02 (1.00x)  frames=3786  ring=975  aud=2782 x1  scale=3283 blit=4071 us
<12>[   72.639847] pid351: fceumm 60.02 fps  emu 60.02 (1.00x)  frames=4087  ring=938  aud=2799 x1  scale=3153 blit=2314 us
<12>[   77.655011] pid351: fceumm 60.02 fps  emu 60.02 (1.00x)  frames=4388  ring=902  aud=2792 x1  scale=3120 blit=2242 us
<12>[   79.671135] pid351: exit (combo) after 4509 frames
