<6>[    0.000000] Booting Linux on physical CPU 0x0000000000 [0x410fd042]
<5>[    0.000000] Linux version 6.12.103 (dvh@hp) (aarch64-linux-gnu-gcc (Debian 14.2.0-19) 14.2.0, GNU ld (GNU Binutils for Debian) 2.44) #16 SMP PREEMPT Wed Aug 19 16:16:31 CEST 2026
<4>[    0.000000] KASLR disabled due to lack of seed
<6>[    0.000000] Machine model: Anbernic RG351P (pid351)
<6>[    0.000000] efi: UEFI not found.
<6>[    0.000000] OF: reserved mem: Reserved memory: No reserved-memory node in the DT
<6>[    0.000000] NUMA: Faking a node at [mem 0x0000000000200000-0x000000003fffffff]
<6>[    0.000000] NODE_DATA(0) allocated [mem 0x3fdc3300-0x3fdc593f]
<6>[    0.000000] Zone ranges:
<6>[    0.000000]   DMA      [mem 0x0000000000200000-0x000000003fffffff]
<6>[    0.000000]   DMA32    empty
<6>[    0.000000]   Normal   empty
<6>[    0.000000] Movable zone start for each node
<6>[    0.000000] Early memory node ranges
<6>[    0.000000]   node   0: [mem 0x0000000000200000-0x000000003fffffff]
<6>[    0.000000] Initmem setup node 0 [mem 0x0000000000200000-0x000000003fffffff]
<6>[    0.000000] On node 0, zone DMA: 512 pages in unavailable ranges
<6>[    0.000000] cma: Reserved 16 MiB at 0x000000003dc00000 on node -1
<6>[    0.000000] psci: probing for conduit method from DT.
<6>[    0.000000] psci: PSCIv1.1 detected in firmware.
<6>[    0.000000] psci: Using standard PSCI v0.2 function IDs
<6>[    0.000000] psci: MIGRATE_INFO_TYPE not supported.
<6>[    0.000000] psci: SMC Calling Convention v1.2
<6>[    0.000000] percpu: Embedded 22 pages/cpu s57504 r0 d32608 u90112
<7>[    0.000000] pcpu-alloc: s57504 r0 d32608 u90112 alloc=22*4096
<7>[    0.000000] pcpu-alloc: [0] 0 [0] 1 [0] 2 [0] 3 
<6>[    0.000000] Detected VIPT I-cache on CPU0
<6>[    0.000000] alternatives: applying boot alternatives
<5>[    0.000000] Kernel command line: console=ttyS2,1500000 console=tty0 panic=5 cma=16M printk.devkmsg=on
<6>[    0.000000] Dentry cache hash table entries: 131072 (order: 8, 1048576 bytes, linear)
<6>[    0.000000] Inode-cache hash table entries: 65536 (order: 7, 524288 bytes, linear)
<6>[    0.000000] Fallback order for Node 0: 0 
<6>[    0.000000] Built 1 zonelists, mobility grouping on.  Total pages: 261632
<6>[    0.000000] Policy zone: DMA
<6>[    0.000000] mem auto-init: stack:all(zero), heap alloc:off, heap free:off
<6>[    0.000000] software IO TLB: SWIOTLB bounce buffer size adjusted to 0MB
<6>[    0.000000] software IO TLB: area num 4.
<6>[    0.000000] software IO TLB: mapped [mem 0x000000003da80000-0x000000003db80000] (1MB)
<6>[    0.000000] SLUB: HWalign=64, Order=0-3, MinObjects=0, CPUs=4, Nodes=1
<6>[    0.000000] rcu: Preemptible hierarchical RCU implementation.
<6>[    0.000000] rcu: 	RCU event tracing is enabled.
<6>[    0.000000] rcu: 	RCU restricting CPUs from NR_CPUS=512 to nr_cpu_ids=4.
<6>[    0.000000] 	Trampoline variant of Tasks RCU enabled.
<6>[    0.000000] 	Tracing variant of Tasks RCU enabled.
<6>[    0.000000] rcu: RCU calculated value of scheduler-enlistment delay is 25 jiffies.
<6>[    0.000000] rcu: Adjusting geometry for rcu_fanout_leaf=16, nr_cpu_ids=4
<6>[    0.000000] RCU Tasks: Setting shift to 2 and lim to 1 rcu_task_cb_adjust=1 rcu_task_cpu_ids=4.
<6>[    0.000000] RCU Tasks Trace: Setting shift to 2 and lim to 1 rcu_task_cb_adjust=1 rcu_task_cpu_ids=4.
<6>[    0.000000] NR_IRQS: 64, nr_irqs: 64, preallocated irqs: 0
<6>[    0.000000] Root IRQ handler: gic_handle_irq
<6>[    0.000000] GIC: Using split EOI/Deactivate mode
<6>[    0.000000] rcu: srcu_init: Setting srcu_struct sizes based on contention.
<6>[    0.000000] clocksource: jiffies: mask: 0xffffffff max_cycles: 0xffffffff, max_idle_ns: 7645041785100000 ns
<6>[    0.000000] arch_timer: cp15 timer(s) running at 24.00MHz (phys).
<6>[    0.000000] clocksource: arch_sys_counter: mask: 0xffffffffffffff max_cycles: 0x588fe9dc0, max_idle_ns: 440795202592 ns
<6>[    0.000002] sched_clock: 56 bits at 24MHz, resolution 41ns, wraps every 4398046511097ns
<6>[    0.001482] Console: colour dummy device 80x25
<6>[    0.001518] printk: legacy console [tty0] enabled
<6>[    0.002745] Calibrating delay loop (skipped), value calculated using timer frequency.. 48.00 BogoMIPS (lpj=96000)
<6>[    0.002811] pid_max: default: 32768 minimum: 301
<6>[    0.002990] LSM: initializing lsm=capability
<6>[    0.003180] Mount-cache hash table entries: 2048 (order: 2, 16384 bytes, linear)
<6>[    0.003240] Mountpoint-cache hash table entries: 2048 (order: 2, 16384 bytes, linear)
<4>[    0.005411] cacheinfo: Unable to detect cache hierarchy for CPU 0
<6>[    0.008343] rcu: Hierarchical SRCU implementation.
<6>[    0.008416] rcu: 	Max phase no-delay instances is 1000.
<6>[    0.009033] Timer migration: 1 hierarchy levels; 8 children per group; 1 crossnode level
<6>[    0.010065] EFI services will not be available.
<6>[    0.010793] smp: Bringing up secondary CPUs ...
<6>[    0.012163] Detected VIPT I-cache on CPU1
<6>[    0.012350] CPU1: Booted secondary processor 0x0000000001 [0x410fd042]
<6>[    0.013934] Detected VIPT I-cache on CPU2
<6>[    0.014109] CPU2: Booted secondary processor 0x0000000002 [0x410fd042]
<6>[    0.015685] Detected VIPT I-cache on CPU3
<6>[    0.015867] CPU3: Booted secondary processor 0x0000000003 [0x410fd042]
<6>[    0.016227] smp: Brought up 1 node, 4 CPUs
<6>[    0.016399] SMP: Total of 4 processors activated.
<6>[    0.016430] CPU: All CPU(s) started at EL2
<6>[    0.016517] CPU features: detected: 32-bit EL0 Support
<6>[    0.016548] CPU features: detected: 32-bit EL1 Support
<6>[    0.016581] CPU features: detected: CRC32 instructions
<6>[    0.016701] alternatives: applying system-wide alternatives
<6>[    0.019268] Memory: 972352K/1046528K available (15872K kernel code, 3132K rwdata, 7952K rodata, 3200K init, 1034K bss, 53216K reserved, 16384K cma-reserved)
<6>[    0.021054] devtmpfs: initialized
<6>[    0.040566] futex hash table entries: 1024 (order: 4, 65536 bytes, linear)
<6>[    0.042601] 24896 pages in range for non-PLT usage
<6>[    0.042637] 516416 pages in range for PLT usage
<6>[    0.043170] pinctrl core: initialized pinctrl subsystem
<6>[    0.044676] DMI not present or invalid.
<6>[    0.046984] DMA: preallocated 128 KiB GFP_KERNEL pool for atomic allocations
<6>[    0.047346] DMA: preallocated 128 KiB GFP_KERNEL|GFP_DMA pool for atomic allocations
<6>[    0.047732] DMA: preallocated 128 KiB GFP_KERNEL|GFP_DMA32 pool for atomic allocations
<6>[    0.051480] thermal_sys: Registered thermal governor 'step_wise'
<6>[    0.051513] thermal_sys: Registered thermal governor 'power_allocator'
<6>[    0.051722] cpuidle: using governor menu
<6>[    0.052345] hw-breakpoint: found 6 breakpoint and 4 watchpoint registers.
<6>[    0.052599] ASID allocator initialised with 65536 entries
<6>[    0.053177] Serial: AMBA PL011 UART driver
<6>[    0.075615] /dsi@ff450000: Fixed dependency cycle(s) with /dsi@ff450000/panel@0
<6>[    0.075975] /dsi@ff450000/panel@0: Fixed dependency cycle(s) with /dsi@ff450000
<6>[    0.076790] /dsi@ff450000: Fixed dependency cycle(s) with /vop@ff460000
<6>[    0.076997] /vop@ff460000: Fixed dependency cycle(s) with /dsi@ff450000
<4>[    0.097554] gpio gpiochip0: Static allocation of GPIO base is deprecated, use dynamic allocation.
<6>[    0.098357] rockchip-gpio ff040000.gpio: probed /pinctrl/gpio@ff040000
<4>[    0.099185] gpio gpiochip1: Static allocation of GPIO base is deprecated, use dynamic allocation.
<6>[    0.099694] rockchip-gpio ff250000.gpio: probed /pinctrl/gpio@ff250000
<4>[    0.100448] gpio gpiochip2: Static allocation of GPIO base is deprecated, use dynamic allocation.
<6>[    0.100990] rockchip-gpio ff260000.gpio: probed /pinctrl/gpio@ff260000
<4>[    0.101913] gpio gpiochip3: Static allocation of GPIO base is deprecated, use dynamic allocation.
<6>[    0.102420] rockchip-gpio ff270000.gpio: probed /pinctrl/gpio@ff270000
<6>[    0.108760] HugeTLB: registered 1.00 GiB page size, pre-allocated 0 pages
<6>[    0.108836] HugeTLB: 0 KiB vmemmap can be freed for a 1.00 GiB page
<6>[    0.108936] HugeTLB: registered 32.0 MiB page size, pre-allocated 0 pages
<6>[    0.108969] HugeTLB: 0 KiB vmemmap can be freed for a 32.0 MiB page
<6>[    0.109004] HugeTLB: registered 2.00 MiB page size, pre-allocated 0 pages
<6>[    0.109036] HugeTLB: 0 KiB vmemmap can be freed for a 2.00 MiB page
<6>[    0.109075] HugeTLB: registered 64.0 KiB page size, pre-allocated 0 pages
<6>[    0.109106] HugeTLB: 0 KiB vmemmap can be freed for a 64.0 KiB page
<6>[    0.113802] ACPI: Interpreter disabled.
<6>[    0.115366] iommu: Default domain type: Translated
<6>[    0.115442] iommu: DMA domain TLB invalidation policy: strict mode
<5>[    0.116800] SCSI subsystem initialized
<7>[    0.117333] libata version 3.00 loaded.
<6>[    0.117671] usbcore: registered new interface driver usbfs
<6>[    0.117775] usbcore: registered new interface driver hub
<6>[    0.117875] usbcore: registered new device driver usb
<6>[    0.119867] EDAC MC: Ver: 3.0.0
<6>[    0.120698] scmi_core: SCMI protocol bus registered
<6>[    0.121922] FPGA manager framework
<6>[    0.122612] Advanced Linux Sound Architecture Driver Initialized.
<6>[    0.123078] vgaarb: loaded
<6>[    0.123867] clocksource: Switched to clocksource arch_sys_counter
<5>[    0.124527] VFS: Disk quotas dquot_6.6.0
<6>[    0.124629] VFS: Dquot-cache hash table entries: 512 (order 0, 4096 bytes)
<6>[    0.125463] pnp: PnP ACPI: disabled
<6>[    0.142965] PCI: CLS 0 bytes, default 64
<6>[    0.157474] kvm [1]: nv: 554 coarse grained trap handlers
<6>[    0.158707] kvm [1]: IPA Size Limit: 40 bits
<6>[    0.163253] kvm [1]: vgic interrupt IRQ9
<6>[    0.163390] kvm [1]: Hyp nVHE mode initialized successfully
<6>[    0.167448] workingset: timestamp_bits=42 max_order=18 bucket_order=0
<6>[    0.168372] squashfs: version 4.0 (2009/01/31) Phillip Lougher
<6>[    0.168911] fuse: init (API version 7.41)
<6>[    0.330961] Block layer SCSI generic (bsg) driver version 0.4 loaded (major 244)
<6>[    0.331048] io scheduler mq-deadline registered
<6>[    0.331096] io scheduler kyber registered
<6>[    0.331211] io scheduler bfq registered
<6>[    0.347727] ledtrig-cpu: registered to indicate activity on CPUs
<6>[    0.360148] dma-pl330 ff240000.dma-controller: Loaded driver for PL330 DMAC-241330
<6>[    0.360240] dma-pl330 ff240000.dma-controller: 	DBUFF-128x8bytes Num_Chans-8 Num_Peri-32 Num_Events-16
<6>[    0.374029] Serial: 8250/16550 driver, 4 ports, IRQ sharing enabled
<6>[    0.379214] printk: legacy console [ttyS2] disabled
<6>[    0.380217] ff160000.serial: ttyS2 at MMIO 0xff160000 (irq = 22, base_baud = 1500000) is a 16550A
<6>[    0.380447] printk: legacy console [ttyS2] enabled
<6>[    0.469831] rockchip-vop ff460000.vop: Adding to iommu group 0
<6>[    0.474935] /dsi@ff450000: Fixed dependency cycle(s) with /dsi@ff450000/panel@0
<6>[    0.475806] /dsi@ff450000/panel@0: Fixed dependency cycle(s) with /dsi@ff450000
<6>[    0.509610] loop: module loaded
<6>[    0.512534] megasas: 07.727.03.00-rc1
<6>[    0.513091] mpt3sas version 48.100.00.00 loaded
<6>[    0.533232] VFIO - User Level meta-driver version: 0.3
<4>[    0.535674] rockchip-usb2phy ff2c0000.syscon:usb2phy@100: Requested PHY is disabled
<4>[    0.536579] dwc2 ff300000.usb: supply vusb_d not found, using dummy regulator
<4>[    0.537569] dwc2 ff300000.usb: supply vusb_a not found, using dummy regulator
<4>[    0.538435] dwc2 ff300000.usb: Configuration mismatch. dr_mode forced to host
<4>[    0.549749] rockchip-usb2phy ff2c0000.syscon:usb2phy@100: Requested PHY is disabled
<4>[    0.550499] rockchip-usb2phy ff2c0000.syscon:usb2phy@100: Requested PHY is disabled
<6>[    0.551217] dwc2 ff300000.usb: DWC OTG Controller
<6>[    0.551706] dwc2 ff300000.usb: new USB bus registered, assigned bus number 1
<6>[    0.552494] dwc2 ff300000.usb: irq 27, io mem 0xff300000
<6>[    0.554876] hub 1-0:1.0: USB hub found
<6>[    0.555334] hub 1-0:1.0: 1 port detected
<6>[    0.560001] usbcore: registered new interface driver cdc_acm
<6>[    0.560577] cdc_acm: USB Abstract Control Model driver for USB modems and ISDN adapters
<6>[    0.561406] usbcore: registered new interface driver usb-storage
<6>[    0.562126] usbcore: registered new interface driver cp210x
<6>[    0.562695] usbserial: USB Serial support registered for cp210x
<6>[    0.563305] usbcore: registered new interface driver ftdi_sio
<6>[    0.563962] usbserial: USB Serial support registered for FTDI USB Serial Device
<6>[    0.564739] usbcore: registered new interface driver option
<6>[    0.565305] usbserial: USB Serial support registered for GSM modem (1-port)
<6>[    0.566616] usbcore: registered new device driver onboard-usb-dev
<4>[    0.574092] pwm-vibrator vibrator: supply vcc not found, using dummy regulator
<6>[    0.575458] input: pwm-vibrator as /devices/platform/vibrator/input/input0
<6>[    0.579564] i2c_dev: i2c /dev entries driver
<6>[    0.616627] vcc_bl: Bringing 2800000uV into 3300000-3300000uV
<6>[    0.619038] vcc_lcd: Bringing 1800000uV into 2800000-2800000uV
<6>[    0.622681] usb_midu: Bringing 4700000uV into 5000000-5000000uV
<6>[    0.628627] input: rk805 pwrkey as /devices/platform/ff180000.i2c/i2c-0/0-0020/rk805-pwrkey.2.auto/input/input1
<6>[    0.635207] rk808-rtc rk808-rtc.3.auto: registered as rtc0
<6>[    0.636629] rk808-rtc rk808-rtc.3.auto: setting system clock to 2017-08-07T09:12:28 UTC (1502097148)
<4>[    0.656437] rockchip-thermal ff280000.tsadc: Missing tshut mode property, using default (cru)
<4>[    0.657283] rockchip-thermal ff280000.tsadc: Missing tshut-polarity property, using default (low)
<6>[    0.662488] device-mapper: ioctl: 4.48.0-ioctl (2023-03-01) initialised: dm-devel@lists.linux.dev
<6>[    0.666143] cpu cpu0: EM: created perf domain
<6>[    0.670660] sdhci: Secure Digital Host Controller Interface driver
<6>[    0.671264] sdhci: Copyright(c) Pierre Ossman
<6>[    0.673119] Synopsys Designware Multimedia Card Interface Driver
<6>[    0.674936] sdhci-pltfm: SDHCI platform and OF driver helper
<6>[    0.676220] dwmmc_rockchip ff370000.mmc: IDMAC supports 32-bit address mode.
<6>[    0.676953] dwmmc_rockchip ff370000.mmc: Using internal DMA controller.
<6>[    0.677569] dwmmc_rockchip ff370000.mmc: Version ID is 270a
<6>[    0.677844] SMCCC: SOC_ID: ARCH_SOC_ID not implemented, skipping ....
<6>[    0.678145] dwmmc_rockchip ff370000.mmc: DW MMC controller at irq 55,32 bit host data width,256 deep fifo
<6>[    0.679674] usbcore: registered new interface driver usbhid
<6>[    0.680276] usbhid: USB HID core driver
<6>[    0.680662] dwmmc_rockchip ff370000.mmc: Got CD GPIO
<4>[    0.687679] SPI driver st-magn-spi has no spi_device_id for st,lis3mdl-magn
<4>[    0.688434] SPI driver st-magn-spi has no spi_device_id for st,lsm303agr-magn
<4>[    0.689084] SPI driver st-magn-spi has no spi_device_id for st,lsm9ds1-magn
<4>[    0.689708] SPI driver st-magn-spi has no spi_device_id for st,lsm303c-magn
<6>[    0.693274] hw perfevents: enabled with armv8_cortex_a35 PMU driver, 7 (0,8000003f) counters available
<6>[    0.696619] mmc_host mmc0: Bus speed (slot 0) = 400000Hz (slot req 400000Hz, actual 400000HZ div = 0)
<6>[    0.697104]  cs_system_cfg: CoreSight Configuration manager initialised
<6>[    0.701496] gnss: GNSS driver registered with major 236
<6>[    0.737635] Demotion targets for Node 0: null
<6>[    0.762852] mmc_host mmc0: Bus speed (slot 0) = 50000000Hz (slot req 50000000Hz, actual 50000000HZ div = 0)
<6>[    0.764102] mmc0: new high speed SDHC card at address 0001
<6>[    0.766175] mmcblk0: mmc0:0001 00000 29.2 GiB
<6>[    0.770797]  mmcblk0: p1 p2
<6>[    0.774611] rockchip-drm display-subsystem: bound ff460000.vop (ops vop_component_ops)
<6>[    0.775793] rockchip-drm display-subsystem: bound ff450000.dsi (ops dw_mipi_dsi_rockchip_ops)
<6>[    0.778000] [drm] Initialized rockchip 1.0.0 for display-subsystem on minor 0
<6>[    0.848320] usb 1-1: new high-speed USB device number 2 using dwc2
<6>[    1.045987] hub 1-1:1.0: USB hub found
<6>[    1.046548] hub 1-1:1.0: 4 ports detected
<6>[    1.240811] Console: switching to colour frame buffer device 40x30
<6>[    1.294017] rockchip-drm display-subsystem: [drm] fb0: rockchipdrmfb frame buffer device
<6>[    1.324438] input: rk817_int Headphones as /devices/platform/rk817-sound/sound/card0/input2
<6>[    1.332426] clk: Disabling unused clocks
<6>[    1.336135] PM: genpd: Disabling unused power domains
<6>[    1.340092] ALSA device list:
<6>[    1.341678]   #0: rk817_int
<6>[    1.345557] Freeing unused kernel memory: 3200K
<6>[    1.348386] Run /init as init process
<7>[    1.349886]   with arguments:
<7>[    1.349899]     /init
<7>[    1.349906]   with environment:
<7>[    1.349913]     HOME=/
<7>[    1.349919]     TERM=linux
<12>[    1.355554] pid351: running as PID 1
<4>[    1.362295] FAT-fs (mmcblk0p1): Volume was not properly unmounted. Some data may be corrupt. Please run fsck.
<12>[    1.378388] pid351: playing /boot/pid351/roms/smb.nes
<12>[    1.381988] pid351: connector 40, crtc 36, mode 320x480@60
<6>[    1.588305] usb 1-1.2: new full-speed USB device number 3 using dwc2
<6>[    1.691194] input: OpenSimHardware OSH PB Controller Keyboard as /devices/platform/ff300000.usb/usb1/1-1/1-1.2/1-1.2:1.0/0003:1209:3100.0001/input/input3
<6>[    1.757030] input: OpenSimHardware OSH PB Controller Mouse as /devices/platform/ff300000.usb/usb1/1-1/1-1.2/1-1.2:1.0/0003:1209:3100.0001/input/input4
<6>[    1.768088] input: OpenSimHardware OSH PB Controller as /devices/platform/ff300000.usb/usb1/1-1/1-1.2/1-1.2:1.0/0003:1209:3100.0001/input/input5
<6>[    1.779759] hid-generic 0003:1209:3100.0001: input: USB HID v1.11 Keyboard [OpenSimHardware OSH PB Controller] on usb-ff300000.usb-1.2/input0
<12>[    1.904597] pid351: pad on /dev/input/event5 (OpenSimHardware OSH PB Controller)
<12>[    1.913015] pid351: pad appeared after 60 ms
<12>[    1.918876] pid351: display up, rotating counter-clockwise
<12>[    1.930308] pid351: audio card 0 is "rk817int" driver "simple-card" (rk817_int)
<12>[    1.938580] pid351: audio "Playback Mux" = 0
<12>[    1.946204] pid351: audio "Master Playback Volume" = 255
<12>[    2.044299] pid351: audio jack /dev/input/event2 "rk817_int Headphones" reports headphones INSERTED
<12>[    2.222188] pid351: audio accepts channels     2 .. 8
<12>[    2.228433] pid351: audio accepts rate         8000 .. 96000
<12>[    2.234490] pid351: audio accepts period_size  4 .. 65536
<12>[    2.240437] pid351: audio accepts periods      2 .. 32768
<12>[    2.246451] pid351: audio accepts buffer_size  8 .. 131072
<12>[    2.257527] pid351: audio /dev/snd/pcmC0D0p: 48000 Hz, period 512, buffer 4096 (85.3 ms), 799 frames/video frame
<12>[    2.305813] pid351: first frame 256x224 pitch=512 (2.0 bytes/pixel)
<12>[    2.316948] pid351: core fceumm, 256x224, 60.100 fps, 48000 Hz -> 48000 Hz (stretch -0.133%)
<5>[    3.227959] random: crng init done
<12>[    7.333455] pid351: fceumm 60.07 fps  emu 60.07 (1.00x)  frames=301  ring=1532  aud=2544 x1  scale=3852 blit=2322 us
<12>[   12.336518] pid351: fceumm 59.96 fps  emu 59.96 (1.00x)  frames=601  ring=1478  aud=2313 x1  scale=3315 blit=2356 us
<12>[   17.351239] pid351: fceumm 60.02 fps  emu 60.02 (1.00x)  frames=902  ring=1424  aud=2330 x1  scale=3129 blit=2899 us
<12>[   22.366291] pid351: fceumm 60.02 fps  emu 60.02 (1.00x)  frames=1203  ring=1371  aud=2330 x1  scale=3119 blit=2271 us
<12>[   27.381745] pid351: fceumm 60.01 fps  emu 60.01 (1.00x)  frames=1504  ring=1316  aud=2307 x1  scale=3253 blit=2219 us
<6>[   31.712287] vcc_wifi: disabling
<12>[   32.396312] pid351: fceumm 60.03 fps  emu 60.03 (1.00x)  frames=1805  ring=1262  aud=2324 x1  scale=3120 blit=5014 us
<12>[   37.411287] pid351: fceumm 60.02 fps  emu 60.02 (1.00x)  frames=2106  ring=1209  aud=2333 x1  scale=3112 blit=2235 us
<12>[   42.426231] pid351: fceumm 60.02 fps  emu 60.02 (1.00x)  frames=2407  ring=1159  aud=2333 x1  scale=3175 blit=3064 us
<12>[   47.441461] pid351: fceumm 60.02 fps  emu 60.02 (1.00x)  frames=2708  ring=1111  aud=2318 x1  scale=3131 blit=2273 us
<12>[   52.456723] pid351: fceumm 60.02 fps  emu 60.02 (1.00x)  frames=3009  ring=1066  aud=2311 x1  scale=3209 blit=2269 us
<12>[   57.471440] pid351: fceumm 60.02 fps  emu 60.02 (1.00x)  frames=3310  ring=1024  aud=2327 x1  scale=3096 blit=2251 us
<12>[   62.486468] pid351: fceumm 60.02 fps  emu 60.02 (1.00x)  frames=3611  ring=985  aud=2320 x1  scale=3113 blit=2346 us
<12>[   67.487818] pid351: fceumm 44.99 fps  emu 82.18 (1.83x)  frames=3836  ring=963  aud=2816 x1  scale=3117 blit=2197 us
<12>[   72.499749] pid351: fceumm 29.93 fps  emu 112.53 (3.76x)  frames=3986  ring=962  aud=3237 x1  scale=3110 blit=2172 us
<12>[   77.514779] pid351: fceumm 49.05 fps  emu 79.56 (1.62x)  frames=4232  ring=939  aud=3327 x1  scale=3123 blit=2300 us
<12>[   82.530056] pid351: fceumm 60.02 fps  emu 60.02 (1.00x)  frames=4533  ring=904  aud=3312 x1  scale=3120 blit=2311 us
<12>[   87.545115] pid351: fceumm 60.02 fps  emu 60.02 (1.00x)  frames=4834  ring=871  aud=3313 x1  scale=3113 blit=2281 us
<12>[   92.560043] pid351: fceumm 60.02 fps  emu 60.02 (1.00x)  frames=5135  ring=840  aud=3313 x1  scale=3133 blit=3163 us
<12>[   97.574904] pid351: fceumm 60.02 fps  emu 60.02 (1.00x)  frames=5436  ring=810  aud=3322 x1  scale=3131 blit=2252 us
<12>[  102.589932] pid351: fceumm 60.02 fps  emu 60.02 (1.00x)  frames=5737  ring=781  aud=3323 x1  scale=3371 blit=2189 us
<12>[  107.605129] pid351: fceumm 60.02 fps  emu 60.02 (1.00x)  frames=6038  ring=756  aud=3315 x1  scale=3102 blit=2183 us
<12>[  112.619810] pid351: fceumm 60.02 fps  emu 60.02 (1.00x)  frames=6339  ring=730  aud=3324 x1  scale=3112 blit=2234 us
<12>[  117.634816] pid351: fceumm 60.02 fps  emu 60.02 (1.00x)  frames=6640  ring=706  aud=3325 x1  scale=3319 blit=2355 us
<12>[  122.650353] pid351: fceumm 60.01 fps  emu 60.01 (1.00x)  frames=6941  ring=686  aud=3301 x1  scale=3309 blit=2307 us
<12>[  127.666168] pid351: fceumm 56.62 fps  emu 64.99 (1.15x)  frames=7225  ring=666  aud=2816 x1  scale=3301 blit=2208 us
<12>[  132.679378] pid351: fceumm 28.33 fps  emu 111.51 (3.94x)  frames=7367  ring=665  aud=2816 x1  scale=3100 blit=2202 us
<12>[  137.711768] pid351: fceumm 29.61 fps  emu 112.47 (3.80x)  frames=7516  ring=664  aud=2816 x1  scale=3106 blit=2139 us
<12>[  142.726596] pid351: fceumm 46.86 fps  emu 86.94 (1.86x)  frames=7751  ring=653  aud=3367 x1  scale=3303 blit=2220 us
<12>[  147.741723] pid351: fceumm 60.02 fps  emu 60.02 (1.00x)  frames=8052  ring=634  aud=3359 x1  scale=3134 blit=2247 us
<12>[  152.756833] pid351: fceumm 60.02 fps  emu 60.02 (1.00x)  frames=8353  ring=616  aud=3352 x1  scale=3228 blit=2282 us
<12>[  157.772045] pid351: fceumm 60.02 fps  emu 60.02 (1.00x)  frames=8654  ring=598  aud=3345 x1  scale=3121 blit=2169 us
<12>[  162.786903] pid351: fceumm 60.02 fps  emu 60.02 (1.00x)  frames=8955  ring=583  aud=3353 x1  scale=3124 blit=2292 us
<12>[  167.802011] pid351: fceumm 60.02 fps  emu 60.02 (1.00x)  frames=9256  ring=567  aud=3346 x1  scale=3111 blit=2292 us
<12>[  172.816870] pid351: fceumm 60.02 fps  emu 60.02 (1.00x)  frames=9557  ring=552  aud=3355 x1  scale=3110 blit=2228 us
<12>[  177.798514] pid351: exit (combo) after 9856 frames
