<6>[    0.000000] Booting Linux on physical CPU 0x0000000000 [0x410fd042]
<5>[    0.000000] Linux version 6.12.103 (dvh@hp) (aarch64-linux-gnu-gcc (Debian 14.2.0-19) 14.2.0, GNU ld (GNU Binutils for Debian) 2.44) #18 SMP PREEMPT Wed Aug 19 16:55:46 CEST 2026
<4>[    0.000000] KASLR disabled due to lack of seed
<6>[    0.000000] Machine model: Anbernic RG351P (pid351)
<6>[    0.000000] efi: UEFI not found.
<6>[    0.000000] OF: reserved mem: Reserved memory: No reserved-memory node in the DT
<6>[    0.000000] NUMA: Faking a node at [mem 0x0000000000200000-0x000000003fffffff]
<6>[    0.000000] NODE_DATA(0) allocated [mem 0x3fdc3300-0x3fdc593f]
<6>[    0.000000] Zone ranges:
<6>[    0.000000]   DMA      [mem 0x0000000000200000-0x000000003fffffff]
<6>[    0.000000]   DMA32    empty
<6>[    0.000000]   Normal   empty
<6>[    0.000000] Movable zone start for each node
<6>[    0.000000] Early memory node ranges
<6>[    0.000000]   node   0: [mem 0x0000000000200000-0x000000003fffffff]
<6>[    0.000000] Initmem setup node 0 [mem 0x0000000000200000-0x000000003fffffff]
<6>[    0.000000] On node 0, zone DMA: 512 pages in unavailable ranges
<6>[    0.000000] cma: Reserved 16 MiB at 0x000000003dc00000 on node -1
<6>[    0.000000] psci: probing for conduit method from DT.
<6>[    0.000000] psci: PSCIv1.1 detected in firmware.
<6>[    0.000000] psci: Using standard PSCI v0.2 function IDs
<6>[    0.000000] psci: MIGRATE_INFO_TYPE not supported.
<6>[    0.000000] psci: SMC Calling Convention v1.2
<6>[    0.000000] percpu: Embedded 22 pages/cpu s57504 r0 d32608 u90112
<7>[    0.000000] pcpu-alloc: s57504 r0 d32608 u90112 alloc=22*4096
<7>[    0.000000] pcpu-alloc: [0] 0 [0] 1 [0] 2 [0] 3 
<6>[    0.000000] Detected VIPT I-cache on CPU0
<6>[    0.000000] alternatives: applying boot alternatives
<5>[    0.000000] Kernel command line: console=ttyS2,1500000 console=tty0 panic=5 cma=16M printk.devkmsg=on
<6>[    0.000000] Dentry cache hash table entries: 131072 (order: 8, 1048576 bytes, linear)
<6>[    0.000000] Inode-cache hash table entries: 65536 (order: 7, 524288 bytes, linear)
<6>[    0.000000] Fallback order for Node 0: 0 
<6>[    0.000000] Built 1 zonelists, mobility grouping on.  Total pages: 261632
<6>[    0.000000] Policy zone: DMA
<6>[    0.000000] mem auto-init: stack:all(zero), heap alloc:off, heap free:off
<6>[    0.000000] software IO TLB: SWIOTLB bounce buffer size adjusted to 0MB
<6>[    0.000000] software IO TLB: area num 4.
<6>[    0.000000] software IO TLB: mapped [mem 0x000000003da80000-0x000000003db80000] (1MB)
<6>[    0.000000] SLUB: HWalign=64, Order=0-3, MinObjects=0, CPUs=4, Nodes=1
<6>[    0.000000] rcu: Preemptible hierarchical RCU implementation.
<6>[    0.000000] rcu: 	RCU event tracing is enabled.
<6>[    0.000000] rcu: 	RCU restricting CPUs from NR_CPUS=512 to nr_cpu_ids=4.
<6>[    0.000000] 	Trampoline variant of Tasks RCU enabled.
<6>[    0.000000] 	Tracing variant of Tasks RCU enabled.
<6>[    0.000000] rcu: RCU calculated value of scheduler-enlistment delay is 25 jiffies.
<6>[    0.000000] rcu: Adjusting geometry for rcu_fanout_leaf=16, nr_cpu_ids=4
<6>[    0.000000] RCU Tasks: Setting shift to 2 and lim to 1 rcu_task_cb_adjust=1 rcu_task_cpu_ids=4.
<6>[    0.000000] RCU Tasks Trace: Setting shift to 2 and lim to 1 rcu_task_cb_adjust=1 rcu_task_cpu_ids=4.
<6>[    0.000000] NR_IRQS: 64, nr_irqs: 64, preallocated irqs: 0
<6>[    0.000000] Root IRQ handler: gic_handle_irq
<6>[    0.000000] GIC: Using split EOI/Deactivate mode
<6>[    0.000000] rcu: srcu_init: Setting srcu_struct sizes based on contention.
<6>[    0.000000] clocksource: jiffies: mask: 0xffffffff max_cycles: 0xffffffff, max_idle_ns: 7645041785100000 ns
<6>[    0.000000] arch_timer: cp15 timer(s) running at 24.00MHz (phys).
<6>[    0.000000] clocksource: arch_sys_counter: mask: 0xffffffffffffff max_cycles: 0x588fe9dc0, max_idle_ns: 440795202592 ns
<6>[    0.000002] sched_clock: 56 bits at 24MHz, resolution 41ns, wraps every 4398046511097ns
<6>[    0.001482] Console: colour dummy device 80x25
<6>[    0.001518] printk: legacy console [tty0] enabled
<6>[    0.002747] Calibrating delay loop (skipped), value calculated using timer frequency.. 48.00 BogoMIPS (lpj=96000)
<6>[    0.002814] pid_max: default: 32768 minimum: 301
<6>[    0.002991] LSM: initializing lsm=capability
<6>[    0.003181] Mount-cache hash table entries: 2048 (order: 2, 16384 bytes, linear)
<6>[    0.003240] Mountpoint-cache hash table entries: 2048 (order: 2, 16384 bytes, linear)
<4>[    0.005423] cacheinfo: Unable to detect cache hierarchy for CPU 0
<6>[    0.008360] rcu: Hierarchical SRCU implementation.
<6>[    0.008432] rcu: 	Max phase no-delay instances is 1000.
<6>[    0.009041] Timer migration: 1 hierarchy levels; 8 children per group; 1 crossnode level
<6>[    0.010073] EFI services will not be available.
<6>[    0.010791] smp: Bringing up secondary CPUs ...
<6>[    0.012171] Detected VIPT I-cache on CPU1
<6>[    0.012360] CPU1: Booted secondary processor 0x0000000001 [0x410fd042]
<6>[    0.013950] Detected VIPT I-cache on CPU2
<6>[    0.014125] CPU2: Booted secondary processor 0x0000000002 [0x410fd042]
<6>[    0.015703] Detected VIPT I-cache on CPU3
<6>[    0.015886] CPU3: Booted secondary processor 0x0000000003 [0x410fd042]
<6>[    0.016236] smp: Brought up 1 node, 4 CPUs
<6>[    0.016406] SMP: Total of 4 processors activated.
<6>[    0.016435] CPU: All CPU(s) started at EL2
<6>[    0.016522] CPU features: detected: 32-bit EL0 Support
<6>[    0.016552] CPU features: detected: 32-bit EL1 Support
<6>[    0.016586] CPU features: detected: CRC32 instructions
<6>[    0.016706] alternatives: applying system-wide alternatives
<6>[    0.019271] Memory: 972352K/1046528K available (15872K kernel code, 3132K rwdata, 7952K rodata, 3200K init, 1034K bss, 53216K reserved, 16384K cma-reserved)
<6>[    0.021050] devtmpfs: initialized
<6>[    0.040502] futex hash table entries: 1024 (order: 4, 65536 bytes, linear)
<6>[    0.042540] 24896 pages in range for non-PLT usage
<6>[    0.042576] 516416 pages in range for PLT usage
<6>[    0.043107] pinctrl core: initialized pinctrl subsystem
<6>[    0.044596] DMI not present or invalid.
<6>[    0.046902] DMA: preallocated 128 KiB GFP_KERNEL pool for atomic allocations
<6>[    0.047229] DMA: preallocated 128 KiB GFP_KERNEL|GFP_DMA pool for atomic allocations
<6>[    0.047616] DMA: preallocated 128 KiB GFP_KERNEL|GFP_DMA32 pool for atomic allocations
<6>[    0.051352] thermal_sys: Registered thermal governor 'step_wise'
<6>[    0.051384] thermal_sys: Registered thermal governor 'power_allocator'
<6>[    0.051599] cpuidle: using governor menu
<6>[    0.052218] hw-breakpoint: found 6 breakpoint and 4 watchpoint registers.
<6>[    0.052464] ASID allocator initialised with 65536 entries
<6>[    0.053048] Serial: AMBA PL011 UART driver
<6>[    0.075516] /dsi@ff450000: Fixed dependency cycle(s) with /dsi@ff450000/panel@0
<6>[    0.075874] /dsi@ff450000/panel@0: Fixed dependency cycle(s) with /dsi@ff450000
<6>[    0.076679] /dsi@ff450000: Fixed dependency cycle(s) with /vop@ff460000
<6>[    0.076882] /vop@ff460000: Fixed dependency cycle(s) with /dsi@ff450000
<4>[    0.097440] gpio gpiochip0: Static allocation of GPIO base is deprecated, use dynamic allocation.
<6>[    0.098242] rockchip-gpio ff040000.gpio: probed /pinctrl/gpio@ff040000
<4>[    0.099070] gpio gpiochip1: Static allocation of GPIO base is deprecated, use dynamic allocation.
<6>[    0.099584] rockchip-gpio ff250000.gpio: probed /pinctrl/gpio@ff250000
<4>[    0.100333] gpio gpiochip2: Static allocation of GPIO base is deprecated, use dynamic allocation.
<6>[    0.100894] rockchip-gpio ff260000.gpio: probed /pinctrl/gpio@ff260000
<4>[    0.101813] gpio gpiochip3: Static allocation of GPIO base is deprecated, use dynamic allocation.
<6>[    0.102319] rockchip-gpio ff270000.gpio: probed /pinctrl/gpio@ff270000
<6>[    0.108679] HugeTLB: registered 1.00 GiB page size, pre-allocated 0 pages
<6>[    0.108756] HugeTLB: 0 KiB vmemmap can be freed for a 1.00 GiB page
<6>[    0.108795] HugeTLB: registered 32.0 MiB page size, pre-allocated 0 pages
<6>[    0.108826] HugeTLB: 0 KiB vmemmap can be freed for a 32.0 MiB page
<6>[    0.108861] HugeTLB: registered 2.00 MiB page size, pre-allocated 0 pages
<6>[    0.108894] HugeTLB: 0 KiB vmemmap can be freed for a 2.00 MiB page
<6>[    0.108987] HugeTLB: registered 64.0 KiB page size, pre-allocated 0 pages
<6>[    0.109023] HugeTLB: 0 KiB vmemmap can be freed for a 64.0 KiB page
<6>[    0.113761] ACPI: Interpreter disabled.
<6>[    0.115368] iommu: Default domain type: Translated
<6>[    0.115444] iommu: DMA domain TLB invalidation policy: strict mode
<5>[    0.116776] SCSI subsystem initialized
<7>[    0.117314] libata version 3.00 loaded.
<6>[    0.117652] usbcore: registered new interface driver usbfs
<6>[    0.117756] usbcore: registered new interface driver hub
<6>[    0.117856] usbcore: registered new device driver usb
<6>[    0.119867] EDAC MC: Ver: 3.0.0
<6>[    0.120748] scmi_core: SCMI protocol bus registered
<6>[    0.121924] FPGA manager framework
<6>[    0.122615] Advanced Linux Sound Architecture Driver Initialized.
<6>[    0.123086] vgaarb: loaded
<6>[    0.123883] clocksource: Switched to clocksource arch_sys_counter
<5>[    0.124539] VFS: Disk quotas dquot_6.6.0
<6>[    0.124648] VFS: Dquot-cache hash table entries: 512 (order 0, 4096 bytes)
<6>[    0.125543] pnp: PnP ACPI: disabled
<6>[    0.142986] PCI: CLS 0 bytes, default 64
<6>[    0.161219] kvm [1]: nv: 554 coarse grained trap handlers
<6>[    0.162450] kvm [1]: IPA Size Limit: 40 bits
<6>[    0.166975] kvm [1]: vgic interrupt IRQ9
<6>[    0.167106] kvm [1]: Hyp nVHE mode initialized successfully
<6>[    0.171226] workingset: timestamp_bits=42 max_order=18 bucket_order=0
<6>[    0.172138] squashfs: version 4.0 (2009/01/31) Phillip Lougher
<6>[    0.172712] fuse: init (API version 7.41)
<6>[    0.334426] Block layer SCSI generic (bsg) driver version 0.4 loaded (major 244)
<6>[    0.334513] io scheduler mq-deadline registered
<6>[    0.334562] io scheduler kyber registered
<6>[    0.334678] io scheduler bfq registered
<6>[    0.351325] ledtrig-cpu: registered to indicate activity on CPUs
<6>[    0.363514] dma-pl330 ff240000.dma-controller: Loaded driver for PL330 DMAC-241330
<6>[    0.363607] dma-pl330 ff240000.dma-controller: 	DBUFF-128x8bytes Num_Chans-8 Num_Peri-32 Num_Events-16
<6>[    0.377550] Serial: 8250/16550 driver, 4 ports, IRQ sharing enabled
<6>[    0.382728] printk: legacy console [ttyS2] disabled
<6>[    0.383638] ff160000.serial: ttyS2 at MMIO 0xff160000 (irq = 22, base_baud = 1500000) is a 16550A
<6>[    0.383945] printk: legacy console [ttyS2] enabled
<6>[    0.473655] rockchip-vop ff460000.vop: Adding to iommu group 0
<6>[    0.478769] /dsi@ff450000: Fixed dependency cycle(s) with /dsi@ff450000/panel@0
<6>[    0.479652] /dsi@ff450000/panel@0: Fixed dependency cycle(s) with /dsi@ff450000
<6>[    0.513293] loop: module loaded
<6>[    0.516127] megasas: 07.727.03.00-rc1
<6>[    0.516737] mpt3sas version 48.100.00.00 loaded
<6>[    0.537351] VFIO - User Level meta-driver version: 0.3
<4>[    0.539788] rockchip-usb2phy ff2c0000.syscon:usb2phy@100: Requested PHY is disabled
<4>[    0.540677] dwc2 ff300000.usb: supply vusb_d not found, using dummy regulator
<4>[    0.541659] dwc2 ff300000.usb: supply vusb_a not found, using dummy regulator
<4>[    0.542596] dwc2 ff300000.usb: Configuration mismatch. dr_mode forced to host
<4>[    0.553933] rockchip-usb2phy ff2c0000.syscon:usb2phy@100: Requested PHY is disabled
<4>[    0.554684] rockchip-usb2phy ff2c0000.syscon:usb2phy@100: Requested PHY is disabled
<6>[    0.555404] dwc2 ff300000.usb: DWC OTG Controller
<6>[    0.555982] dwc2 ff300000.usb: new USB bus registered, assigned bus number 1
<6>[    0.556714] dwc2 ff300000.usb: irq 27, io mem 0xff300000
<6>[    0.558875] hub 1-0:1.0: USB hub found
<6>[    0.559324] hub 1-0:1.0: 1 port detected
<6>[    0.564670] usbcore: registered new interface driver cdc_acm
<6>[    0.565249] cdc_acm: USB Abstract Control Model driver for USB modems and ISDN adapters
<6>[    0.566062] usbcore: registered new interface driver usb-storage
<6>[    0.566805] usbcore: registered new interface driver cp210x
<6>[    0.567374] usbserial: USB Serial support registered for cp210x
<6>[    0.568078] usbcore: registered new interface driver ftdi_sio
<6>[    0.568668] usbserial: USB Serial support registered for FTDI USB Serial Device
<6>[    0.569431] usbcore: registered new interface driver option
<6>[    0.569998] usbserial: USB Serial support registered for GSM modem (1-port)
<6>[    0.571296] usbcore: registered new device driver onboard-usb-dev
<4>[    0.578720] pwm-vibrator vibrator: supply vcc not found, using dummy regulator
<6>[    0.580169] input: pwm-vibrator as /devices/platform/vibrator/input/input0
<6>[    0.584289] i2c_dev: i2c /dev entries driver
<6>[    0.621245] vcc_bl: Bringing 2800000uV into 3300000-3300000uV
<6>[    0.623695] vcc_lcd: Bringing 1800000uV into 2800000-2800000uV
<6>[    0.627394] usb_midu: Bringing 4700000uV into 5000000-5000000uV
<6>[    0.633331] input: rk805 pwrkey as /devices/platform/ff180000.i2c/i2c-0/0-0020/rk805-pwrkey.2.auto/input/input1
<6>[    0.639996] rk808-rtc rk808-rtc.3.auto: registered as rtc0
<6>[    0.641421] rk808-rtc rk808-rtc.3.auto: setting system clock to 2017-08-07T09:51:10 UTC (1502099470)
<4>[    0.661012] rockchip-thermal ff280000.tsadc: Missing tshut mode property, using default (cru)
<4>[    0.661858] rockchip-thermal ff280000.tsadc: Missing tshut-polarity property, using default (low)
<6>[    0.666983] device-mapper: ioctl: 4.48.0-ioctl (2023-03-01) initialised: dm-devel@lists.linux.dev
<6>[    0.670632] cpu cpu0: EM: created perf domain
<6>[    0.675115] sdhci: Secure Digital Host Controller Interface driver
<6>[    0.675716] sdhci: Copyright(c) Pierre Ossman
<6>[    0.677324] Synopsys Designware Multimedia Card Interface Driver
<6>[    0.679089] sdhci-pltfm: SDHCI platform and OF driver helper
<6>[    0.680267] dwmmc_rockchip ff370000.mmc: IDMAC supports 32-bit address mode.
<6>[    0.680992] dwmmc_rockchip ff370000.mmc: Using internal DMA controller.
<6>[    0.681605] dwmmc_rockchip ff370000.mmc: Version ID is 270a
<6>[    0.681967] SMCCC: SOC_ID: ARCH_SOC_ID not implemented, skipping ....
<6>[    0.682182] dwmmc_rockchip ff370000.mmc: DW MMC controller at irq 55,32 bit host data width,256 deep fifo
<6>[    0.683714] usbcore: registered new interface driver usbhid
<6>[    0.684289] usbhid: USB HID core driver
<6>[    0.684663] dwmmc_rockchip ff370000.mmc: Got CD GPIO
<4>[    0.691150] SPI driver st-magn-spi has no spi_device_id for st,lis3mdl-magn
<4>[    0.691819] SPI driver st-magn-spi has no spi_device_id for st,lsm303agr-magn
<4>[    0.692523] SPI driver st-magn-spi has no spi_device_id for st,lsm9ds1-magn
<4>[    0.693159] SPI driver st-magn-spi has no spi_device_id for st,lsm303c-magn
<6>[    0.696419] hw perfevents: enabled with armv8_cortex_a35 PMU driver, 7 (0,8000003f) counters available
<6>[    0.699830]  cs_system_cfg: CoreSight Configuration manager initialised
<6>[    0.700666] mmc_host mmc0: Bus speed (slot 0) = 400000Hz (slot req 400000Hz, actual 400000HZ div = 0)
<6>[    0.703817] gnss: GNSS driver registered with major 236
<6>[    0.740830] Demotion targets for Node 0: null
<6>[    0.763311] mmc_host mmc0: Bus speed (slot 0) = 50000000Hz (slot req 50000000Hz, actual 50000000HZ div = 0)
<6>[    0.764544] mmc0: new high speed SDHC card at address 0001
<6>[    0.766714] mmcblk0: mmc0:0001 00000 29.2 GiB
<6>[    0.770700]  mmcblk0: p1 p2
<6>[    0.773604] rockchip-drm display-subsystem: bound ff460000.vop (ops vop_component_ops)
<6>[    0.774791] rockchip-drm display-subsystem: bound ff450000.dsi (ops dw_mipi_dsi_rockchip_ops)
<6>[    0.777001] [drm] Initialized rockchip 1.0.0 for display-subsystem on minor 0
<6>[    0.848336] usb 1-1: new high-speed USB device number 2 using dwc2
<6>[    1.045993] hub 1-1:1.0: USB hub found
<6>[    1.046549] hub 1-1:1.0: 4 ports detected
<6>[    1.224993] Console: switching to colour frame buffer device 40x30
<6>[    1.275984] rockchip-drm display-subsystem: [drm] fb0: rockchipdrmfb frame buffer device
<6>[    1.311623] input: rk817_int Headphones as /devices/platform/rk817-sound/sound/card0/input2
<6>[    1.321846] clk: Disabling unused clocks
<6>[    1.326052] PM: genpd: Disabling unused power domains
<6>[    1.328856] ALSA device list:
<6>[    1.330299]   #0: rk817_int
<6>[    1.334183] Freeing unused kernel memory: 3200K
<6>[    1.337027] Run /init as init process
<7>[    1.338553]   with arguments:
<7>[    1.338569]     /init
<7>[    1.338578]   with environment:
<7>[    1.338584]     HOME=/
<7>[    1.338590]     TERM=linux
<12>[    1.343393] pid351: running as PID 1
<4>[    1.350482] FAT-fs (mmcblk0p1): Volume was not properly unmounted. Some data may be corrupt. Please run fsck.
<12>[    1.368997] pid351: playing /boot/pid351/roms/smb3.nes
<12>[    1.373144] pid351: connector 40, crtc 36, mode 320x480@60
<6>[    1.564135] usb 1-1.2: new full-speed USB device number 3 using dwc2
<6>[    1.665800] input: OpenSimHardware OSH PB Controller Keyboard as /devices/platform/ff300000.usb/usb1/1-1/1-1.2/1-1.2:1.0/0003:1209:3100.0001/input/input3
<6>[    1.729170] input: OpenSimHardware OSH PB Controller Mouse as /devices/platform/ff300000.usb/usb1/1-1/1-1.2/1-1.2:1.0/0003:1209:3100.0001/input/input4
<6>[    1.740775] input: OpenSimHardware OSH PB Controller as /devices/platform/ff300000.usb/usb1/1-1/1-1.2/1-1.2:1.0/0003:1209:3100.0001/input/input5
<6>[    1.751594] hid-generic 0003:1209:3100.0001: input: USB HID v1.11 Keyboard [OpenSimHardware OSH PB Controller] on usb-ff300000.usb-1.2/input0
<12>[    1.844798] pid351: pad on /dev/input/event5 (OpenSimHardware OSH PB Controller)
<12>[    1.853249] pid351: pad appeared after 60 ms
<12>[    1.859118] pid351: display up, rotating counter-clockwise
<12>[    1.870424] pid351: audio card 0 is "rk817int" driver "simple-card" (rk817_int)
<12>[    1.878776] pid351: audio "Playback Mux" = 0
<12>[    1.885855] pid351: audio "Master Playback Volume" = 255
<12>[    1.988312] pid351: audio jack /dev/input/event2 "rk817_int Headphones" reports headphones INSERTED
<12>[    2.148651] pid351: audio accepts channels     2 .. 8
<12>[    2.154711] pid351: audio accepts rate         8000 .. 96000
<12>[    2.160796] pid351: audio accepts period_size  4 .. 65536
<12>[    2.166212] pid351: audio accepts periods      2 .. 32768
<12>[    2.172031] pid351: audio accepts buffer_size  8 .. 131072
<12>[    2.185751] pid351: audio /dev/snd/pcmC0D0p: 48000 Hz, period 512, buffer 4096 (85.3 ms), 799 frames/video frame
<12>[    2.266413] pid351: first frame 256x224 pitch=512 (2.0 bytes/pixel)
<12>[    2.277736] pid351: core fceumm, 256x224, par 1.1429, 60.100 fps, 48000 Hz -> 48000 Hz (stretch -0.133%)
<5>[    3.171949] random: crng init done
<12>[    7.295251] pid351: fceumm 60.07 fps  emu 60.07 (1.00x)  frames=301  ring=1532  aud=2560 x1  scale=3805 blit=2341 us
<12>[   12.310813] pid351: fceumm 60.01 fps  emu 60.01 (1.00x)  frames=602  ring=1478  aud=2529 x1  scale=3240 blit=2479 us
<12>[   17.326006] pid351: fceumm 60.02 fps  emu 60.02 (1.00x)  frames=903  ring=1423  aud=2522 x1  scale=3058 blit=2298 us
<12>[   22.341057] pid351: fceumm 60.02 fps  emu 60.02 (1.00x)  frames=1204  ring=1370  aud=2522 x1  scale=3055 blit=2312 us
<12>[   27.355966] pid351: fceumm 60.02 fps  emu 60.02 (1.00x)  frames=1505  ring=1315  aud=2531 x1  scale=3054 blit=2342 us
<6>[   31.712210] vcc_wifi: disabling
<12>[   32.370954] pid351: fceumm 60.02 fps  emu 60.02 (1.00x)  frames=1806  ring=1262  aud=2524 x1  scale=3059 blit=2355 us
<12>[   37.386096] pid351: fceumm 60.02 fps  emu 60.02 (1.00x)  frames=2107  ring=1209  aud=2524 x1  scale=3417 blit=2290 us
<12>[   42.401027] pid351: fceumm 60.02 fps  emu 60.02 (1.00x)  frames=2408  ring=1159  aud=2525 x1  scale=3058 blit=2340 us
<12>[   47.415320] pid351: fceumm 60.03 fps  emu 60.03 (1.00x)  frames=2709  ring=1111  aud=2558 x1  scale=3047 blit=2312 us
<12>[   52.430679] pid351: fceumm 60.02 fps  emu 60.02 (1.00x)  frames=3010  ring=1067  aud=2542 x1  scale=3082 blit=2304 us
<12>[   57.445432] pid351: fceumm 60.02 fps  emu 60.02 (1.00x)  frames=3311  ring=1024  aud=2559 x1  scale=3068 blit=2335 us
<12>[   62.460542] pid351: fceumm 60.02 fps  emu 60.02 (1.00x)  frames=3612  ring=984  aud=2552 x1  scale=3289 blit=2442 us
<12>[   67.475777] pid351: fceumm 60.02 fps  emu 60.02 (1.00x)  frames=3913  ring=948  aud=2536 x1  scale=3065 blit=2328 us
<12>[   72.490926] pid351: fceumm 60.02 fps  emu 60.02 (1.00x)  frames=4214  ring=910  aud=2537 x1  scale=3045 blit=2351 us
<12>[   77.505436] pid351: fceumm 60.03 fps  emu 60.03 (1.00x)  frames=4515  ring=877  aud=2562 x1  scale=3057 blit=2350 us
<12>[   81.285019] pid351: save ok
<12>[   82.515075] pid351: fceumm 58.89 fps  emu 58.89 (1.00x)  frames=4810  ring=847  aud=2181 x2  scale=5802 blit=2906 us
<12>[   85.929846] pid351: load ok
<12>[   87.529617] pid351: fceumm 60.02 fps  emu 60.02 (1.00x)  frames=5111  ring=816  aud=2206 x2  scale=3098 blit=2328 us
<12>[   92.544947] pid351: fceumm 60.02 fps  emu 60.02 (1.00x)  frames=5412  ring=788  aud=2190 x2  scale=3065 blit=2383 us
<12>[   97.142758] pid351: load ok
<12>[   97.560119] pid351: fceumm 60.02 fps  emu 60.02 (1.00x)  frames=5713  ring=761  aud=2183 x2  scale=3081 blit=2318 us
<12>[   97.909027] pid351: undo ok
<12>[  102.574969] pid351: fceumm 60.02 fps  emu 60.02 (1.00x)  frames=6014  ring=736  aud=2192 x2  scale=3385 blit=2343 us
<12>[  107.595779] pid351: fceumm 48.60 fps  emu 75.49 (1.55x)  frames=6258  ring=719  aud=-26 x2  scale=3066 blit=2271 us
<12>[  112.626630] pid351: fceumm 25.64 fps  emu 112.11 (4.37x)  frames=6387  ring=716  aud=2728 x3  scale=3058 blit=2255 us
<12>[  117.676689] pid351: fceumm 27.13 fps  emu 105.35 (3.88x)  frames=6524  ring=712  aud=2720 x3  scale=3055 blit=2282 us
<12>[  122.684737] pid351: fceumm 57.51 fps  emu 63.50 (1.10x)  frames=6812  ring=690  aud=3382 x3  scale=3065 blit=2301 us
<12>[  127.699694] pid351: fceumm 60.02 fps  emu 60.02 (1.00x)  frames=7113  ring=670  aud=3390 x3  scale=3310 blit=2347 us
<12>[  132.714900] pid351: fceumm 60.02 fps  emu 60.02 (1.00x)  frames=7414  ring=649  aud=3375 x3  scale=3113 blit=2412 us
<12>[  137.729937] pid351: fceumm 60.02 fps  emu 60.02 (1.00x)  frames=7715  ring=630  aud=3376 x3  scale=3111 blit=2274 us
<12>[  142.745056] pid351: fceumm 60.02 fps  emu 60.02 (1.00x)  frames=8016  ring=612  aud=3368 x3  scale=3073 blit=2424 us
<12>[  147.759692] pid351: fceumm 60.02 fps  emu 60.02 (1.00x)  frames=8317  ring=595  aud=3393 x3  scale=3085 blit=2271 us
<12>[  152.775067] pid351: fceumm 60.02 fps  emu 60.02 (1.00x)  frames=8618  ring=579  aud=3370 x3  scale=3260 blit=2305 us
<12>[  157.790010] pid351: fceumm 60.02 fps  emu 60.02 (1.00x)  frames=8919  ring=564  aud=3379 x3  scale=3114 blit=2466 us
<12>[  162.804844] pid351: fceumm 60.02 fps  emu 60.02 (1.00x)  frames=9220  ring=550  aud=3387 x3  scale=3134 blit=2298 us
<12>[  167.819732] pid351: fceumm 60.02 fps  emu 60.02 (1.00x)  frames=9521  ring=536  aud=3388 x3  scale=3101 blit=2439 us
<12>[  172.834858] pid351: fceumm 60.02 fps  emu 60.02 (1.00x)  frames=9822  ring=523  aud=3389 x3  scale=3154 blit=2265 us
<12>[  177.845249] pid351: fceumm 45.70 fps  emu 79.63 (1.74x)  frames=10051  ring=516  aud=2720 x3  scale=3096 blit=2404 us
<12>[  182.857827] pid351: fceumm 19.75 fps  emu 118.50 (6.00x)  frames=10150  ring=516  aud=2712 x3  scale=3058 blit=2271 us
<12>[  187.863148] pid351: fceumm 57.34 fps  emu 63.33 (1.10x)  frames=10437  ring=505  aud=2734 x3  scale=3080 blit=5115 us
<12>[  192.878471] pid351: fceumm 60.02 fps  emu 60.02 (1.00x)  frames=10738  ring=494  aud=2719 x3  scale=3070 blit=2332 us
<12>[  197.893663] pid351: fceumm 60.02 fps  emu 60.02 (1.00x)  frames=11039  ring=484  aud=2711 x3  scale=3097 blit=3792 us
<12>[  202.908543] pid351: fceumm 60.02 fps  emu 60.02 (1.00x)  frames=11340  ring=474  aud=2712 x3  scale=3073 blit=2378 us
<12>[  207.923607] pid351: fceumm 60.02 fps  emu 60.02 (1.00x)  frames=11641  ring=465  aud=2713 x3  scale=3152 blit=2273 us
<12>[  212.938525] pid351: fceumm 60.02 fps  emu 60.02 (1.00x)  frames=11942  ring=456  aud=2722 x3  scale=3067 blit=2250 us
<12>[  217.985419] pid351: fceumm 31.31 fps  emu 97.68 (3.12x)  frames=12100  ring=453  aud=2712 x3  scale=3058 blit=2228 us
<12>[  223.019821] pid351: fceumm 19.47 fps  emu 116.80 (6.00x)  frames=12198  ring=453  aud=2720 x3  scale=3187 blit=2192 us
<12>[  228.033412] pid351: fceumm 30.72 fps  emu 103.52 (3.37x)  frames=12352  ring=451  aud=2794 x3  scale=3057 blit=2305 us
<12>[  233.048449] pid351: fceumm 60.02 fps  emu 60.02 (1.00x)  frames=12653  ring=443  aud=2795 x3  scale=3245 blit=2418 us
<12>[  238.063569] pid351: fceumm 54.83 fps  emu 66.80 (1.22x)  frames=12928  ring=437  aud=3089 x3  scale=3068 blit=2339 us
<12>[  243.078908] pid351: fceumm 43.47 fps  emu 81.35 (1.87x)  frames=13146  ring=433  aud=3142 x3  scale=3065 blit=2255 us
<12>[  248.093731] pid351: fceumm 50.65 fps  emu 72.58 (1.43x)  frames=13400  ring=426  aud=3210 x3  scale=3064 blit=2352 us
<12>[  249.309089] pid351: load ok
<12>[  250.442152] pid351: undo ok
<12>[  251.774971] pid351: load ok
<12>[  252.024616] pid351: undo ok
<12>[  252.324597] pid351: load ok
<12>[  252.541437] pid351: undo ok
<12>[  252.791136] pid351: load ok
<12>[  253.108415] pid351: fceumm 60.02 fps  emu 60.02 (1.00x)  frames=13701  ring=420  aud=3227 x3  scale=3062 blit=2268 us
<12>[  253.274371] pid351: undo ok
<12>[  258.145697] pid351: fceumm 48.24 fps  emu 78.02 (1.62x)  frames=13944  ring=415  aud=2712 x3  scale=3261 blit=2512 us
<12>[  263.155188] pid351: fceumm 48.51 fps  emu 75.46 (1.56x)  frames=14187  ring=412  aud=3155 x3  scale=3073 blit=2253 us
<12>[  268.170308] pid351: fceumm 41.08 fps  emu 84.94 (2.07x)  frames=14393  ring=408  aud=2934 x3  scale=3058 blit=2294 us
<12>[  273.173764] pid351: fceumm 44.57 fps  emu 80.54 (1.81x)  frames=14616  ring=404  aud=2712 x3  scale=3078 blit=2376 us
<12>[  278.183945] pid351: fceumm 42.71 fps  emu 82.63 (1.93x)  frames=14830  ring=401  aud=2642 x3  scale=3064 blit=2287 us
<12>[  281.282640] 
<12>[  281.283804] pid351: ==== session report ====
<12>[  281.287074] pid351: exit (combo) 279.0 s, 14995 panel frames, 19170 emulated
<12>[  281.290769] pid351: per frame, over 14995 frames (budget 16661 us):
<12>[  281.579803] pid351:   emu      p50   8041  p90   8282  p99  47512  max  48685 us   48.3% of frame
<12>[  281.860661] pid351:   scale    p50   3009  p90   3024  p99   3058  max   5802 us   18.1% of frame
<12>[  282.188548] pid351:   blit     p50   2084  p90   2189  p99   2265  max   5115 us   12.5% of frame
<12>[  282.482955] pid351:   busy     p50  13372  p90  13675  p99  52912  max  54057 us   80.3% of frame
<12>[  282.649049] pid351:   work     p50  16511  p90  16853  p99  52933  max  54077 us   99.1% of frame
<12>[  282.832750] pid351:   vblank   p50   3021  p90   3487  p99   3799  max   5871 us   18.1% of frame
<12>[  282.837241] pid351: pacing: 6 over budget of 14160 normal frames (0.042%), 53.7458 fps against 60.0204 panel
<12>[  282.845005] pid351: fast mode: 835 panel frames, 4175 emulated, 6.00x per frame, 5.99x wall clock
<12>[  282.849815] pid351: audio: 3 xruns, core ring 398..1586, codec level -33
<12>[  282.853029] pid351: state: 1 saved, 6 loaded, 5 undone
<12>[  282.857661] pid351: power: 57% -> 55%, -208636 -> -616620 uA, 1296 MHz, temp 35.4 -> 54.5 peak 55.9 C
<12>[  282.863784] pid351: drain: 43516 uAh over 279.0 s = 561 mA average
<12>[  282.867437] pid351: verdict:
<12>[  282.869244] pid351:   pacing   PASS  (late frames under 0.1%)
<12>[  282.874248] pid351:   audio    FAIL  (no xrun after the first 5 s)
<12>[  282.879158] pid351:   ring     PASS  (never starved)
<12>[  282.883774] pid351:   thermal  PASS  (peak under 70 C)
