<6>[    0.000000] Booting Linux on physical CPU 0x0000000000 [0x410fd042]
<5>[    0.000000] Linux version 6.12.103 (dvh@hp) (aarch64-linux-gnu-gcc (Debian 14.2.0-19) 14.2.0, GNU ld (GNU Binutils for Debian) 2.44) #20 SMP PREEMPT Wed Aug 19 17:33:01 CEST 2026
<4>[    0.000000] KASLR disabled due to lack of seed
<6>[    0.000000] Machine model: Anbernic RG351P (pid351)
<6>[    0.000000] efi: UEFI not found.
<6>[    0.000000] OF: reserved mem: Reserved memory: No reserved-memory node in the DT
<6>[    0.000000] NUMA: Faking a node at [mem 0x0000000000200000-0x000000003fffffff]
<6>[    0.000000] NODE_DATA(0) allocated [mem 0x3fdc3300-0x3fdc593f]
<6>[    0.000000] Zone ranges:
<6>[    0.000000]   DMA      [mem 0x0000000000200000-0x000000003fffffff]
<6>[    0.000000]   DMA32    empty
<6>[    0.000000]   Normal   empty
<6>[    0.000000] Movable zone start for each node
<6>[    0.000000] Early memory node ranges
<6>[    0.000000]   node   0: [mem 0x0000000000200000-0x000000003fffffff]
<6>[    0.000000] Initmem setup node 0 [mem 0x0000000000200000-0x000000003fffffff]
<6>[    0.000000] On node 0, zone DMA: 512 pages in unavailable ranges
<6>[    0.000000] cma: Reserved 16 MiB at 0x000000003dc00000 on node -1
<6>[    0.000000] psci: probing for conduit method from DT.
<6>[    0.000000] psci: PSCIv1.1 detected in firmware.
<6>[    0.000000] psci: Using standard PSCI v0.2 function IDs
<6>[    0.000000] psci: MIGRATE_INFO_TYPE not supported.
<6>[    0.000000] psci: SMC Calling Convention v1.2
<6>[    0.000000] percpu: Embedded 22 pages/cpu s57504 r0 d32608 u90112
<7>[    0.000000] pcpu-alloc: s57504 r0 d32608 u90112 alloc=22*4096
<7>[    0.000000] pcpu-alloc: [0] 0 [0] 1 [0] 2 [0] 3 
<6>[    0.000000] Detected VIPT I-cache on CPU0
<6>[    0.000000] alternatives: applying boot alternatives
<5>[    0.000000] Kernel command line: console=ttyS2,1500000 console=tty0 panic=5 cma=16M printk.devkmsg=on
<6>[    0.000000] Dentry cache hash table entries: 131072 (order: 8, 1048576 bytes, linear)
<6>[    0.000000] Inode-cache hash table entries: 65536 (order: 7, 524288 bytes, linear)
<6>[    0.000000] Fallback order for Node 0: 0 
<6>[    0.000000] Built 1 zonelists, mobility grouping on.  Total pages: 261632
<6>[    0.000000] Policy zone: DMA
<6>[    0.000000] mem auto-init: stack:all(zero), heap alloc:off, heap free:off
<6>[    0.000000] software IO TLB: SWIOTLB bounce buffer size adjusted to 0MB
<6>[    0.000000] software IO TLB: area num 4.
<6>[    0.000000] software IO TLB: mapped [mem 0x000000003da80000-0x000000003db80000] (1MB)
<6>[    0.000000] SLUB: HWalign=64, Order=0-3, MinObjects=0, CPUs=4, Nodes=1
<6>[    0.000000] rcu: Preemptible hierarchical RCU implementation.
<6>[    0.000000] rcu: 	RCU event tracing is enabled.
<6>[    0.000000] rcu: 	RCU restricting CPUs from NR_CPUS=512 to nr_cpu_ids=4.
<6>[    0.000000] 	Trampoline variant of Tasks RCU enabled.
<6>[    0.000000] 	Tracing variant of Tasks RCU enabled.
<6>[    0.000000] rcu: RCU calculated value of scheduler-enlistment delay is 25 jiffies.
<6>[    0.000000] rcu: Adjusting geometry for rcu_fanout_leaf=16, nr_cpu_ids=4
<6>[    0.000000] RCU Tasks: Setting shift to 2 and lim to 1 rcu_task_cb_adjust=1 rcu_task_cpu_ids=4.
<6>[    0.000000] RCU Tasks Trace: Setting shift to 2 and lim to 1 rcu_task_cb_adjust=1 rcu_task_cpu_ids=4.
<6>[    0.000000] NR_IRQS: 64, nr_irqs: 64, preallocated irqs: 0
<6>[    0.000000] Root IRQ handler: gic_handle_irq
<6>[    0.000000] GIC: Using split EOI/Deactivate mode
<6>[    0.000000] rcu: srcu_init: Setting srcu_struct sizes based on contention.
<6>[    0.000000] clocksource: jiffies: mask: 0xffffffff max_cycles: 0xffffffff, max_idle_ns: 7645041785100000 ns
<6>[    0.000000] arch_timer: cp15 timer(s) running at 24.00MHz (phys).
<6>[    0.000000] clocksource: arch_sys_counter: mask: 0xffffffffffffff max_cycles: 0x588fe9dc0, max_idle_ns: 440795202592 ns
<6>[    0.000002] sched_clock: 56 bits at 24MHz, resolution 41ns, wraps every 4398046511097ns
<6>[    0.001473] Console: colour dummy device 80x25
<6>[    0.001510] printk: legacy console [tty0] enabled
<6>[    0.002746] Calibrating delay loop (skipped), value calculated using timer frequency.. 48.00 BogoMIPS (lpj=96000)
<6>[    0.002811] pid_max: default: 32768 minimum: 301
<6>[    0.002988] LSM: initializing lsm=capability
<6>[    0.003180] Mount-cache hash table entries: 2048 (order: 2, 16384 bytes, linear)
<6>[    0.003238] Mountpoint-cache hash table entries: 2048 (order: 2, 16384 bytes, linear)
<4>[    0.005417] cacheinfo: Unable to detect cache hierarchy for CPU 0
<6>[    0.008336] rcu: Hierarchical SRCU implementation.
<6>[    0.008411] rcu: 	Max phase no-delay instances is 1000.
<6>[    0.009025] Timer migration: 1 hierarchy levels; 8 children per group; 1 crossnode level
<6>[    0.010065] EFI services will not be available.
<6>[    0.010787] smp: Bringing up secondary CPUs ...
<6>[    0.012151] Detected VIPT I-cache on CPU1
<6>[    0.012337] CPU1: Booted secondary processor 0x0000000001 [0x410fd042]
<6>[    0.013929] Detected VIPT I-cache on CPU2
<6>[    0.014107] CPU2: Booted secondary processor 0x0000000002 [0x410fd042]
<6>[    0.015683] Detected VIPT I-cache on CPU3
<6>[    0.015866] CPU3: Booted secondary processor 0x0000000003 [0x410fd042]
<6>[    0.016227] smp: Brought up 1 node, 4 CPUs
<6>[    0.016396] SMP: Total of 4 processors activated.
<6>[    0.016424] CPU: All CPU(s) started at EL2
<6>[    0.016513] CPU features: detected: 32-bit EL0 Support
<6>[    0.016543] CPU features: detected: 32-bit EL1 Support
<6>[    0.016578] CPU features: detected: CRC32 instructions
<6>[    0.016697] alternatives: applying system-wide alternatives
<6>[    0.019274] Memory: 972352K/1046528K available (15872K kernel code, 3132K rwdata, 7952K rodata, 3200K init, 1034K bss, 53216K reserved, 16384K cma-reserved)
<6>[    0.021056] devtmpfs: initialized
<6>[    0.040560] futex hash table entries: 1024 (order: 4, 65536 bytes, linear)
<6>[    0.042607] 24896 pages in range for non-PLT usage
<6>[    0.042641] 516416 pages in range for PLT usage
<6>[    0.043174] pinctrl core: initialized pinctrl subsystem
<6>[    0.044670] DMI not present or invalid.
<6>[    0.046979] DMA: preallocated 128 KiB GFP_KERNEL pool for atomic allocations
<6>[    0.047310] DMA: preallocated 128 KiB GFP_KERNEL|GFP_DMA pool for atomic allocations
<6>[    0.047688] DMA: preallocated 128 KiB GFP_KERNEL|GFP_DMA32 pool for atomic allocations
<6>[    0.051425] thermal_sys: Registered thermal governor 'step_wise'
<6>[    0.051458] thermal_sys: Registered thermal governor 'power_allocator'
<6>[    0.051672] cpuidle: using governor menu
<6>[    0.052293] hw-breakpoint: found 6 breakpoint and 4 watchpoint registers.
<6>[    0.052543] ASID allocator initialised with 65536 entries
<6>[    0.053126] Serial: AMBA PL011 UART driver
<6>[    0.075652] /dsi@ff450000: Fixed dependency cycle(s) with /dsi@ff450000/panel@0
<6>[    0.076014] /dsi@ff450000/panel@0: Fixed dependency cycle(s) with /dsi@ff450000
<6>[    0.076812] /dsi@ff450000: Fixed dependency cycle(s) with /vop@ff460000
<6>[    0.077019] /vop@ff460000: Fixed dependency cycle(s) with /dsi@ff450000
<4>[    0.097566] gpio gpiochip0: Static allocation of GPIO base is deprecated, use dynamic allocation.
<6>[    0.098372] rockchip-gpio ff040000.gpio: probed /pinctrl/gpio@ff040000
<4>[    0.099198] gpio gpiochip1: Static allocation of GPIO base is deprecated, use dynamic allocation.
<6>[    0.099709] rockchip-gpio ff250000.gpio: probed /pinctrl/gpio@ff250000
<4>[    0.100456] gpio gpiochip2: Static allocation of GPIO base is deprecated, use dynamic allocation.
<6>[    0.100977] rockchip-gpio ff260000.gpio: probed /pinctrl/gpio@ff260000
<4>[    0.101901] gpio gpiochip3: Static allocation of GPIO base is deprecated, use dynamic allocation.
<6>[    0.102410] rockchip-gpio ff270000.gpio: probed /pinctrl/gpio@ff270000
<6>[    0.108772] HugeTLB: registered 1.00 GiB page size, pre-allocated 0 pages
<6>[    0.108900] HugeTLB: 0 KiB vmemmap can be freed for a 1.00 GiB page
<6>[    0.108944] HugeTLB: registered 32.0 MiB page size, pre-allocated 0 pages
<6>[    0.108977] HugeTLB: 0 KiB vmemmap can be freed for a 32.0 MiB page
<6>[    0.109012] HugeTLB: registered 2.00 MiB page size, pre-allocated 0 pages
<6>[    0.109046] HugeTLB: 0 KiB vmemmap can be freed for a 2.00 MiB page
<6>[    0.109083] HugeTLB: registered 64.0 KiB page size, pre-allocated 0 pages
<6>[    0.109115] HugeTLB: 0 KiB vmemmap can be freed for a 64.0 KiB page
<6>[    0.113803] ACPI: Interpreter disabled.
<6>[    0.115454] iommu: Default domain type: Translated
<6>[    0.115530] iommu: DMA domain TLB invalidation policy: strict mode
<5>[    0.116993] SCSI subsystem initialized
<7>[    0.117527] libata version 3.00 loaded.
<6>[    0.117860] usbcore: registered new interface driver usbfs
<6>[    0.117961] usbcore: registered new interface driver hub
<6>[    0.118060] usbcore: registered new device driver usb
<6>[    0.120172] EDAC MC: Ver: 3.0.0
<6>[    0.121054] scmi_core: SCMI protocol bus registered
<6>[    0.122199] FPGA manager framework
<6>[    0.122969] Advanced Linux Sound Architecture Driver Initialized.
<6>[    0.123564] vgaarb: loaded
<6>[    0.124366] clocksource: Switched to clocksource arch_sys_counter
<5>[    0.125040] VFS: Disk quotas dquot_6.6.0
<6>[    0.125149] VFS: Dquot-cache hash table entries: 512 (order 0, 4096 bytes)
<6>[    0.126084] pnp: PnP ACPI: disabled
<6>[    0.143460] PCI: CLS 0 bytes, default 64
<6>[    0.153239] kvm [1]: nv: 554 coarse grained trap handlers
<6>[    0.154470] kvm [1]: IPA Size Limit: 40 bits
<6>[    0.159008] kvm [1]: vgic interrupt IRQ9
<6>[    0.159143] kvm [1]: Hyp nVHE mode initialized successfully
<6>[    0.163268] workingset: timestamp_bits=42 max_order=18 bucket_order=0
<6>[    0.164066] squashfs: version 4.0 (2009/01/31) Phillip Lougher
<6>[    0.164646] fuse: init (API version 7.41)
<6>[    0.327161] Block layer SCSI generic (bsg) driver version 0.4 loaded (major 244)
<6>[    0.327248] io scheduler mq-deadline registered
<6>[    0.327296] io scheduler kyber registered
<6>[    0.327407] io scheduler bfq registered
<6>[    0.344195] ledtrig-cpu: registered to indicate activity on CPUs
<6>[    0.356531] dma-pl330 ff240000.dma-controller: Loaded driver for PL330 DMAC-241330
<6>[    0.356623] dma-pl330 ff240000.dma-controller: 	DBUFF-128x8bytes Num_Chans-8 Num_Peri-32 Num_Events-16
<6>[    0.370432] Serial: 8250/16550 driver, 4 ports, IRQ sharing enabled
<6>[    0.375602] printk: legacy console [ttyS2] disabled
<6>[    0.376589] ff160000.serial: ttyS2 at MMIO 0xff160000 (irq = 22, base_baud = 1500000) is a 16550A
<6>[    0.376849] printk: legacy console [ttyS2] enabled
<6>[    0.466258] rockchip-vop ff460000.vop: Adding to iommu group 0
<6>[    0.471366] /dsi@ff450000: Fixed dependency cycle(s) with /dsi@ff450000/panel@0
<6>[    0.472236] /dsi@ff450000/panel@0: Fixed dependency cycle(s) with /dsi@ff450000
<6>[    0.506086] loop: module loaded
<6>[    0.508973] megasas: 07.727.03.00-rc1
<6>[    0.509576] mpt3sas version 48.100.00.00 loaded
<6>[    0.530161] VFIO - User Level meta-driver version: 0.3
<4>[    0.532681] rockchip-usb2phy ff2c0000.syscon:usb2phy@100: Requested PHY is disabled
<4>[    0.533488] dwc2 ff300000.usb: supply vusb_d not found, using dummy regulator
<4>[    0.534455] dwc2 ff300000.usb: supply vusb_a not found, using dummy regulator
<4>[    0.535390] dwc2 ff300000.usb: Configuration mismatch. dr_mode forced to host
<4>[    0.546872] rockchip-usb2phy ff2c0000.syscon:usb2phy@100: Requested PHY is disabled
<4>[    0.547621] rockchip-usb2phy ff2c0000.syscon:usb2phy@100: Requested PHY is disabled
<6>[    0.548397] dwc2 ff300000.usb: DWC OTG Controller
<6>[    0.548895] dwc2 ff300000.usb: new USB bus registered, assigned bus number 1
<6>[    0.549617] dwc2 ff300000.usb: irq 27, io mem 0xff300000
<6>[    0.551733] hub 1-0:1.0: USB hub found
<6>[    0.552208] hub 1-0:1.0: 1 port detected
<6>[    0.556855] usbcore: registered new interface driver cdc_acm
<6>[    0.557433] cdc_acm: USB Abstract Control Model driver for USB modems and ISDN adapters
<6>[    0.558256] usbcore: registered new interface driver usb-storage
<6>[    0.558981] usbcore: registered new interface driver cp210x
<6>[    0.559548] usbserial: USB Serial support registered for cp210x
<6>[    0.560157] usbcore: registered new interface driver ftdi_sio
<6>[    0.560820] usbserial: USB Serial support registered for FTDI USB Serial Device
<6>[    0.561593] usbcore: registered new interface driver option
<6>[    0.562161] usbserial: USB Serial support registered for GSM modem (1-port)
<6>[    0.563496] usbcore: registered new device driver onboard-usb-dev
<4>[    0.570964] pwm-vibrator vibrator: supply vcc not found, using dummy regulator
<6>[    0.572447] input: pwm-vibrator as /devices/platform/vibrator/input/input0
<6>[    0.576580] i2c_dev: i2c /dev entries driver
<6>[    0.613906] vcc_bl: Bringing 2800000uV into 3300000-3300000uV
<6>[    0.616409] vcc_lcd: Bringing 1800000uV into 2800000-2800000uV
<6>[    0.620038] usb_midu: Bringing 4700000uV into 5000000-5000000uV
<6>[    0.625985] input: rk805 pwrkey as /devices/platform/ff180000.i2c/i2c-0/0-0020/rk805-pwrkey.2.auto/input/input1
<6>[    0.632685] rk808-rtc rk808-rtc.3.auto: registered as rtc0
<6>[    0.634107] rk808-rtc rk808-rtc.3.auto: setting system clock to 2017-08-07T10:28:37 UTC (1502101717)
<4>[    0.653664] rockchip-thermal ff280000.tsadc: Missing tshut mode property, using default (cru)
<4>[    0.654511] rockchip-thermal ff280000.tsadc: Missing tshut-polarity property, using default (low)
<6>[    0.659655] device-mapper: ioctl: 4.48.0-ioctl (2023-03-01) initialised: dm-devel@lists.linux.dev
<6>[    0.663263] cpu cpu0: EM: created perf domain
<6>[    0.667521] sdhci: Secure Digital Host Controller Interface driver
<6>[    0.668121] sdhci: Copyright(c) Pierre Ossman
<6>[    0.670023] Synopsys Designware Multimedia Card Interface Driver
<6>[    0.671751] sdhci-pltfm: SDHCI platform and OF driver helper
<6>[    0.672923] dwmmc_rockchip ff370000.mmc: IDMAC supports 32-bit address mode.
<6>[    0.673651] dwmmc_rockchip ff370000.mmc: Using internal DMA controller.
<6>[    0.674263] dwmmc_rockchip ff370000.mmc: Version ID is 270a
<6>[    0.674710] SMCCC: SOC_ID: ARCH_SOC_ID not implemented, skipping ....
<6>[    0.674842] dwmmc_rockchip ff370000.mmc: DW MMC controller at irq 55,32 bit host data width,256 deep fifo
<6>[    0.676464] usbcore: registered new interface driver usbhid
<6>[    0.677006] usbhid: USB HID core driver
<6>[    0.677242] dwmmc_rockchip ff370000.mmc: Got CD GPIO
<4>[    0.683393] SPI driver st-magn-spi has no spi_device_id for st,lis3mdl-magn
<4>[    0.684063] SPI driver st-magn-spi has no spi_device_id for st,lsm303agr-magn
<4>[    0.684807] SPI driver st-magn-spi has no spi_device_id for st,lsm9ds1-magn
<4>[    0.685440] SPI driver st-magn-spi has no spi_device_id for st,lsm303c-magn
<6>[    0.688575] hw perfevents: enabled with armv8_cortex_a35 PMU driver, 7 (0,8000003f) counters available
<6>[    0.691940]  cs_system_cfg: CoreSight Configuration manager initialised
<6>[    0.692595] mmc_host mmc0: Bus speed (slot 0) = 400000Hz (slot req 400000Hz, actual 400000HZ div = 0)
<6>[    0.696955] gnss: GNSS driver registered with major 236
<6>[    0.733198] Demotion targets for Node 0: null
<6>[    0.753598] mmc_host mmc0: Bus speed (slot 0) = 50000000Hz (slot req 50000000Hz, actual 50000000HZ div = 0)
<6>[    0.754714] mmc0: new high speed SDHC card at address 0001
<6>[    0.757166] mmcblk0: mmc0:0001 00000 29.2 GiB
<6>[    0.760925]  mmcblk0: p1 p2
<6>[    0.764983] rockchip-drm display-subsystem: bound ff460000.vop (ops vop_component_ops)
<6>[    0.766264] rockchip-drm display-subsystem: bound ff450000.dsi (ops dw_mipi_dsi_rockchip_ops)
<6>[    0.768183] [drm] Initialized rockchip 1.0.0 for display-subsystem on minor 0
<6>[    0.844813] usb 1-1: new high-speed USB device number 2 using dwc2
<6>[    1.041467] hub 1-1:1.0: USB hub found
<6>[    1.041831] hub 1-1:1.0: 4 ports detected
<6>[    1.214309] Console: switching to colour frame buffer device 40x30
<6>[    1.260661] rockchip-drm display-subsystem: [drm] fb0: rockchipdrmfb frame buffer device
<6>[    1.292132] input: rk817_int Headphones as /devices/platform/rk817-sound/sound/card0/input2
<6>[    1.300020] clk: Disabling unused clocks
<6>[    1.303381] PM: genpd: Disabling unused power domains
<6>[    1.306206] ALSA device list:
<6>[    1.307585]   #0: rk817_int
<6>[    1.311219] Freeing unused kernel memory: 3200K
<6>[    1.313934] Run /init as init process
<7>[    1.315355]   with arguments:
<7>[    1.315365]     /init
<7>[    1.315373]   with environment:
<7>[    1.315379]     HOME=/
<7>[    1.315385]     TERM=linux
<12>[    1.319867] pid351: running as PID 1
<4>[    1.327668] FAT-fs (mmcblk0p1): Volume was not properly unmounted. Some data may be corrupt. Please run fsck.
<12>[    1.345020] pid351: playing /boot/pid351/roms/smb3.nes
<12>[    1.350421] pid351: connector 40, crtc 36, mode 320x480@60
<6>[    1.556826] usb 1-1.2: new full-speed USB device number 3 using dwc2
<6>[    1.660280] input: OpenSimHardware OSH PB Controller Keyboard as /devices/platform/ff300000.usb/usb1/1-1/1-1.2/1-1.2:1.0/0003:1209:3100.0001/input/input3
<6>[    1.725719] input: OpenSimHardware OSH PB Controller Mouse as /devices/platform/ff300000.usb/usb1/1-1/1-1.2/1-1.2:1.0/0003:1209:3100.0001/input/input4
<6>[    1.736852] input: OpenSimHardware OSH PB Controller as /devices/platform/ff300000.usb/usb1/1-1/1-1.2/1-1.2:1.0/0003:1209:3100.0001/input/input5
<6>[    1.748663] hid-generic 0003:1209:3100.0001: input: USB HID v1.11 Keyboard [OpenSimHardware OSH PB Controller] on usb-ff300000.usb-1.2/input0
<12>[    1.885302] pid351: pad on /dev/input/event5 (OpenSimHardware OSH PB Controller)
<12>[    1.893715] pid351: pad appeared after 60 ms
<12>[    1.899529] pid351: display up, rotating counter-clockwise
<12>[    1.911124] pid351: audio card 0 is "rk817int" driver "simple-card" (rk817_int)
<12>[    1.919484] pid351: audio "Playback Mux" = 0
<12>[    1.926043] pid351: audio "Master Playback Volume" = 255
<12>[    2.024802] pid351: audio jack /dev/input/event2 "rk817_int Headphones" reports headphones INSERTED
<12>[    2.202162] pid351: audio accepts channels     2 .. 8
<12>[    2.208201] pid351: audio accepts rate         8000 .. 96000
<12>[    2.214279] pid351: audio accepts period_size  4 .. 65536
<12>[    2.220327] pid351: audio accepts periods      2 .. 32768
<12>[    2.225861] pid351: audio accepts buffer_size  8 .. 131072
<12>[    2.238611] pid351: audio /dev/snd/pcmC0D0p: 48000 Hz, period 512, buffer 4096 (85.3 ms), 799 frames/video frame
<12>[    2.306927] pid351: first frame 256x224 pitch=512 (2.0 bytes/pixel)
<12>[    2.316757] pid351: core fceumm, 256x224, par 1.1429, 60.100 fps, 48000 Hz -> 48000 Hz (stretch -0.133%)
<5>[    3.240466] random: crng init done
<12>[    7.334565] pid351: fceumm 60.06 fps  emu 60.06 (1.00x)  frames=301  ring=1532  aud=2528 x1  scale=3544 blit=2472 us
<12>[   12.349619] pid351: fceumm 60.02 fps  emu 60.02 (1.00x)  frames=602  ring=1478  aud=2529 x1  scale=3269 blit=2364 us
<12>[   17.364474] pid351: fceumm 60.02 fps  emu 60.02 (1.00x)  frames=903  ring=1423  aud=2538 x1  scale=3155 blit=2300 us
<12>[   18.450724] pid351: save ok
<12>[   22.375443] pid351: fceumm 59.08 fps  emu 59.08 (1.00x)  frames=1199  ring=1370  aud=2605 x2  scale=5770 blit=2806 us
<12>[   23.007511] pid351: save ok
<12>[   27.389522] pid351: fceumm 58.62 fps  emu 58.62 (1.00x)  frames=1493  ring=1318  aud=1918 x3  scale=6513 blit=3528 us
<6>[   31.712738] vcc_wifi: disabling
<12>[   32.404593] pid351: fceumm 60.02 fps  emu 60.02 (1.00x)  frames=1794  ring=1263  aud=1919 x3  scale=5605 blit=2256 us
<12>[   37.419499] pid351: fceumm 60.02 fps  emu 60.02 (1.00x)  frames=2095  ring=1211  aud=1919 x3  scale=3090 blit=2259 us
<12>[   42.434903] pid351: fceumm 60.02 fps  emu 60.02 (1.00x)  frames=2396  ring=1161  aud=1904 x3  scale=3125 blit=2347 us
<12>[   43.783241] pid351: load ok
<12>[   47.449892] pid351: fceumm 60.02 fps  emu 60.02 (1.00x)  frames=2697  ring=1113  aud=1905 x3  scale=3062 blit=2336 us
<12>[   52.464426] pid351: fceumm 60.02 fps  emu 60.02 (1.00x)  frames=2998  ring=1069  aud=1929 x3  scale=3083 blit=2335 us
<12>[   57.479674] pid351: fceumm 60.02 fps  emu 60.02 (1.00x)  frames=3299  ring=1026  aud=1914 x3  scale=3075 blit=2258 us
<12>[   62.494727] pid351: fceumm 60.02 fps  emu 60.02 (1.00x)  frames=3600  ring=986  aud=1915 x3  scale=3081 blit=3397 us
<12>[   67.509631] pid351: fceumm 60.02 fps  emu 60.02 (1.00x)  frames=3901  ring=948  aud=1923 x3  scale=3179 blit=2267 us
<12>[   68.009070] pid351: save ok
<12>[   72.524403] pid351: fceumm 58.63 fps  emu 58.63 (1.00x)  frames=4195  ring=914  aud=1900 x4  scale=6503 blit=3616 us
<12>[   75.989470] pid351: load ok
<12>[   77.539657] pid351: fceumm 60.02 fps  emu 60.02 (1.00x)  frames=4496  ring=880  aud=1885 x4  scale=3083 blit=2330 us
<12>[   78.054969] pid351: undo ok
<12>[   80.171148] pid351: load ok
<12>[   82.554839] pid351: fceumm 60.02 fps  emu 60.02 (1.00x)  frames=4797  ring=848  aud=1877 x4  scale=3137 blit=3527 us
<12>[   83.486961] pid351: load ok
<12>[   87.569657] pid351: fceumm 60.02 fps  emu 60.02 (1.00x)  frames=5098  ring=818  aud=1886 x4  scale=3053 blit=2288 us
<12>[   92.584895] pid351: fceumm 60.02 fps  emu 60.02 (1.00x)  frames=5399  ring=789  aud=1879 x4  scale=3432 blit=2282 us
<12>[   97.599640] pid351: fceumm 60.02 fps  emu 60.02 (1.00x)  frames=5700  ring=763  aud=1887 x4  scale=3138 blit=2314 us
<12>[  102.603636] pid351: fceumm 30.18 fps  emu 99.12 (3.28x)  frames=5851  ring=755  aud=-70 x4  scale=3050 blit=2331 us
<12>[  106.646088] pid351: load ok
<12>[  107.613041] pid351: fceumm 31.94 fps  emu 97.82 (3.06x)  frames=6011  ring=747  aud=2751 x5  scale=3067 blit=2537 us
<12>[  112.628019] pid351: fceumm 60.02 fps  emu 60.02 (1.00x)  frames=6312  ring=722  aud=2752 x5  scale=3071 blit=2367 us
<12>[  113.593607] pid351: load ok
<12>[  116.509176] pid351: load ok
<12>[  117.642944] pid351: fceumm 60.02 fps  emu 60.02 (1.00x)  frames=6613  ring=699  aud=2752 x5  scale=3345 blit=2371 us
<12>[  118.258829] pid351: load ok
<12>[  121.174571] pid351: load ok
<12>[  122.207277] pid351: load ok
<12>[  122.657835] pid351: fceumm 60.02 fps  emu 60.02 (1.00x)  frames=6914  ring=677  aud=2761 x5  scale=3051 blit=2317 us
<12>[  127.672875] pid351: fceumm 60.02 fps  emu 60.02 (1.00x)  frames=7215  ring=657  aud=2762 x5  scale=3074 blit=2242 us
<12>[  132.688183] pid351: fceumm 60.02 fps  emu 60.02 (1.00x)  frames=7516  ring=638  aud=2746 x5  scale=3066 blit=2667 us
<12>[  137.703139] pid351: fceumm 60.02 fps  emu 60.02 (1.00x)  frames=7817  ring=619  aud=2747 x5  scale=3075 blit=2301 us
<12>[  138.552865] pid351: save ok
<12>[  142.726976] pid351: fceumm 29.06 fps  emu 97.73 (3.36x)  frames=7963  ring=615  aud=-301 x6  scale=6481 blit=3718 us
<12>[  145.150089] pid351: load ok
<12>[  145.799511] pid351: undo ok
<12>[  146.716069] pid351: load ok
<12>[  147.733033] pid351: fceumm 49.74 fps  emu 73.71 (1.48x)  frames=8212  ring=603  aud=2940 x7  scale=3143 blit=2269 us
<12>[  152.748170] pid351: fceumm 60.02 fps  emu 60.02 (1.00x)  frames=8513  ring=586  aud=2933 x7  scale=3089 blit=2306 us
<12>[  157.763384] pid351: fceumm 53.24 fps  emu 70.19 (1.32x)  frames=8780  ring=573  aud=3542 x7  scale=3067 blit=2372 us
<12>[  162.778468] pid351: fceumm 60.02 fps  emu 60.02 (1.00x)  frames=9081  ring=558  aud=3535 x7  scale=3051 blit=2305 us
<12>[  163.294684] pid351: save ok
<12>[  165.176712] pid351: load ok
<12>[  167.793131] pid351: fceumm 59.23 fps  emu 59.23 (1.00x)  frames=9378  ring=543  aud=2492 x8  scale=4711 blit=3079 us
<12>[  167.892071] pid351: undo ok
<12>[  172.807968] pid351: fceumm 60.02 fps  emu 60.02 (1.00x)  frames=9679  ring=532  aud=2500 x8  scale=3090 blit=2282 us
<12>[  177.823340] pid351: fceumm 60.02 fps  emu 60.02 (1.00x)  frames=9980  ring=519  aud=2485 x8  scale=3052 blit=2258 us
<12>[  182.838344] pid351: fceumm 60.02 fps  emu 60.02 (1.00x)  frames=10281  ring=507  aud=2486 x8  scale=3072 blit=2635 us
<12>[  187.853121] pid351: fceumm 60.02 fps  emu 60.02 (1.00x)  frames=10582  ring=496  aud=2494 x8  scale=3064 blit=2308 us
<12>[  192.900722] pid351: fceumm 26.15 fps  emu 107.38 (4.11x)  frames=10714  ring=494  aud=3216 x8  scale=3056 blit=2310 us
<12>[  197.936854] pid351: fceumm 22.44 fps  emu 116.76 (5.20x)  frames=10827  ring=493  aud=3224 x8  scale=3043 blit=2330 us
<12>[  202.972837] pid351: fceumm 50.44 fps  emu 73.27 (1.45x)  frames=11081  ring=484  aud=3216 x8  scale=3076 blit=2322 us
<12>[  208.007599] pid351: fceumm 19.46 fps  emu 116.79 (6.00x)  frames=11179  ring=484  aud=3216 x8  scale=3041 blit=2245 us
<12>[  213.011583] pid351: fceumm 43.96 fps  emu 80.93 (1.84x)  frames=11399  ring=479  aud=3279 x8  scale=3073 blit=2277 us
<12>[  218.026779] pid351: fceumm 60.02 fps  emu 60.02 (1.00x)  frames=11700  ring=469  aud=3272 x8  scale=3069 blit=2360 us
<12>[  220.408227] pid351: load ok
<12>[  222.007887] pid351: undo ok
<12>[  223.041540] pid351: fceumm 60.02 fps  emu 60.02 (1.00x)  frames=12001  ring=460  aud=3289 x8  scale=3205 blit=2273 us
<12>[  228.056612] pid351: fceumm 60.02 fps  emu 60.02 (1.00x)  frames=12302  ring=453  aud=3281 x8  scale=3075 blit=2383 us
<12>[  233.071614] pid351: fceumm 60.02 fps  emu 60.02 (1.00x)  frames=12603  ring=444  aud=3282 x8  scale=3051 blit=2277 us
<12>[  234.686676] pid351: undo none
<12>[  235.053408] pid351: undo none
<12>[  235.270099] pid351: undo none
<12>[  235.436626] pid351: undo none
<12>[  235.570200] pid351: undo none
<12>[  235.986813] pid351: load ok
<12>[  236.319801] pid351: undo ok
<12>[  238.069001] pid351: load ok
<12>[  238.086856] pid351: fceumm 60.02 fps  emu 60.02 (1.00x)  frames=12904  ring=436  aud=3275 x8  scale=3236 blit=3651 us
<12>[  243.132607] pid351: fceumm 54.30 fps  emu 69.17 (1.27x)  frames=13178  ring=429  aud=3272 x8  scale=3092 blit=2277 us
<12>[  248.164635] pid351: fceumm 19.28 fps  emu 115.66 (6.00x)  frames=13275  ring=429  aud=3264 x8  scale=3053 blit=2209 us
<12>[  249.674552] 
<12>[  249.676610] pid351: ==== session report ====
<12>[  249.679570] pid351: exit (combo) 247.4 s, 13354 panel frames, 16844 emulated
<12>[  249.682851] pid351: normal frames (12656 of 13354, budget 16661 us):
<12>[  249.906914] pid351:   emu      p50   7925  p90   8168  p99   8397  max  16832 us   47.6% of frame
<12>[  250.118444] pid351:   scale    p50   3003  p90   3018  p99   3059  max   6513 us   18.0% of frame
<12>[  250.341347] pid351:   blit     p50   2078  p90   2207  p99   2263  max   3718 us   12.5% of frame
<12>[  250.563376] pid351:   busy     p50  13234  p90  13549  p99  14166  max  27762 us   79.4% of frame
<12>[  250.742682] pid351:   vblank   p50   3275  p90   3643  p99   3980  max   5465 us   19.7% of frame
<12>[  250.747378] pid351: fast frames (698, each runs the core 6 times):
<12>[  250.752009] pid351:   emu      p50  46433  p90  47784  p99  48465  max  48666 us  278.7% of frame
<12>[  250.758553] pid351:   busy     p50  51792  p90  53079  p99  53800  max  54883 us  310.9% of frame
<12>[  250.763733] pid351: pacing: 54 over budget of 12656 normal frames (0.427%), 53.9879 fps against 60.0204 panel
<12>[  250.771090] pid351: fast mode: 35.9 s, 698 panel frames, 4188 emulated, 6.00x per frame, 116.6 emu fps = 1.94x wall clock
<12>[  251.220091] pid351:   ceiling is 2.10x - emulation alone is 7925 us/frame at p50, so nothing above that is reachable
<12>[  251.225083] pid351: audio: 8 xruns, core ring 428..1586, codec low water 1652 frames (34.4 ms)
<12>[  251.232063] pid351: state: 5 saved, 16 loaded, 10 undone; last save 872 us on the frame, 63663 us fsync 6 frames later
<12>[  251.238212] pid351: power: backlight 833/1666, governor schedutil, 1296 MHz
<12>[  251.241417] pid351: power: 56% -> 55%, -219128 -> -492608 uA, 1296 MHz, temp 35.0 -> 52.5 peak 55.9 C
<12>[  251.248577] pid351: drain: 36980 uAh over 247.4 s = 538 mA, 3380 mAh pack -> 6.3 h from full, 3.5 h left at 55%
<12>[  251.256009] pid351: verdict:
<12>[  251.258421] pid351:   pacing   FAIL  (late frames under 0.1%)
<12>[  251.262082] pid351:   audio    FAIL  (no xrun after the first 5 s)
<12>[  251.265265] pid351:   ring     PASS  (never starved)
<12>[  251.269947] pid351:   thermal  PASS  (peak under 70 C)
