<6>[    0.000000] Booting Linux on physical CPU 0x0000000000 [0x410fd042]
<5>[    0.000000] Linux version 6.12.103 (dvh@hp) (aarch64-linux-gnu-gcc (Debian 14.2.0-19) 14.2.0, GNU ld (GNU Binutils for Debian) 2.44) #22 SMP PREEMPT Wed Aug 19 17:51:15 CEST 2026
<4>[    0.000000] KASLR disabled due to lack of seed
<6>[    0.000000] Machine model: Anbernic RG351P (pid351)
<6>[    0.000000] efi: UEFI not found.
<6>[    0.000000] OF: reserved mem: Reserved memory: No reserved-memory node in the DT
<6>[    0.000000] NUMA: Faking a node at [mem 0x0000000000200000-0x000000003fffffff]
<6>[    0.000000] NODE_DATA(0) allocated [mem 0x3fdc3300-0x3fdc593f]
<6>[    0.000000] Zone ranges:
<6>[    0.000000]   DMA      [mem 0x0000000000200000-0x000000003fffffff]
<6>[    0.000000]   DMA32    empty
<6>[    0.000000]   Normal   empty
<6>[    0.000000] Movable zone start for each node
<6>[    0.000000] Early memory node ranges
<6>[    0.000000]   node   0: [mem 0x0000000000200000-0x000000003fffffff]
<6>[    0.000000] Initmem setup node 0 [mem 0x0000000000200000-0x000000003fffffff]
<6>[    0.000000] On node 0, zone DMA: 512 pages in unavailable ranges
<6>[    0.000000] cma: Reserved 16 MiB at 0x000000003dc00000 on node -1
<6>[    0.000000] psci: probing for conduit method from DT.
<6>[    0.000000] psci: PSCIv1.1 detected in firmware.
<6>[    0.000000] psci: Using standard PSCI v0.2 function IDs
<6>[    0.000000] psci: MIGRATE_INFO_TYPE not supported.
<6>[    0.000000] psci: SMC Calling Convention v1.2
<6>[    0.000000] percpu: Embedded 22 pages/cpu s57504 r0 d32608 u90112
<7>[    0.000000] pcpu-alloc: s57504 r0 d32608 u90112 alloc=22*4096
<7>[    0.000000] pcpu-alloc: [0] 0 [0] 1 [0] 2 [0] 3 
<6>[    0.000000] Detected VIPT I-cache on CPU0
<6>[    0.000000] alternatives: applying boot alternatives
<5>[    0.000000] Kernel command line: console=ttyS2,1500000 console=tty0 panic=5 cma=16M printk.devkmsg=on
<6>[    0.000000] Dentry cache hash table entries: 131072 (order: 8, 1048576 bytes, linear)
<6>[    0.000000] Inode-cache hash table entries: 65536 (order: 7, 524288 bytes, linear)
<6>[    0.000000] Fallback order for Node 0: 0 
<6>[    0.000000] Built 1 zonelists, mobility grouping on.  Total pages: 261632
<6>[    0.000000] Policy zone: DMA
<6>[    0.000000] mem auto-init: stack:all(zero), heap alloc:off, heap free:off
<6>[    0.000000] software IO TLB: SWIOTLB bounce buffer size adjusted to 0MB
<6>[    0.000000] software IO TLB: area num 4.
<6>[    0.000000] software IO TLB: mapped [mem 0x000000003da80000-0x000000003db80000] (1MB)
<6>[    0.000000] SLUB: HWalign=64, Order=0-3, MinObjects=0, CPUs=4, Nodes=1
<6>[    0.000000] rcu: Preemptible hierarchical RCU implementation.
<6>[    0.000000] rcu: 	RCU event tracing is enabled.
<6>[    0.000000] rcu: 	RCU restricting CPUs from NR_CPUS=512 to nr_cpu_ids=4.
<6>[    0.000000] 	Trampoline variant of Tasks RCU enabled.
<6>[    0.000000] 	Tracing variant of Tasks RCU enabled.
<6>[    0.000000] rcu: RCU calculated value of scheduler-enlistment delay is 25 jiffies.
<6>[    0.000000] rcu: Adjusting geometry for rcu_fanout_leaf=16, nr_cpu_ids=4
<6>[    0.000000] RCU Tasks: Setting shift to 2 and lim to 1 rcu_task_cb_adjust=1 rcu_task_cpu_ids=4.
<6>[    0.000000] RCU Tasks Trace: Setting shift to 2 and lim to 1 rcu_task_cb_adjust=1 rcu_task_cpu_ids=4.
<6>[    0.000000] NR_IRQS: 64, nr_irqs: 64, preallocated irqs: 0
<6>[    0.000000] Root IRQ handler: gic_handle_irq
<6>[    0.000000] GIC: Using split EOI/Deactivate mode
<6>[    0.000000] rcu: srcu_init: Setting srcu_struct sizes based on contention.
<6>[    0.000000] clocksource: jiffies: mask: 0xffffffff max_cycles: 0xffffffff, max_idle_ns: 7645041785100000 ns
<6>[    0.000000] arch_timer: cp15 timer(s) running at 24.00MHz (phys).
<6>[    0.000000] clocksource: arch_sys_counter: mask: 0xffffffffffffff max_cycles: 0x588fe9dc0, max_idle_ns: 440795202592 ns
<6>[    0.000002] sched_clock: 56 bits at 24MHz, resolution 41ns, wraps every 4398046511097ns
<6>[    0.001476] Console: colour dummy device 80x25
<6>[    0.001514] printk: legacy console [tty0] enabled
<6>[    0.002741] Calibrating delay loop (skipped), value calculated using timer frequency.. 48.00 BogoMIPS (lpj=96000)
<6>[    0.002806] pid_max: default: 32768 minimum: 301
<6>[    0.002984] LSM: initializing lsm=capability
<6>[    0.003175] Mount-cache hash table entries: 2048 (order: 2, 16384 bytes, linear)
<6>[    0.003234] Mountpoint-cache hash table entries: 2048 (order: 2, 16384 bytes, linear)
<4>[    0.005418] cacheinfo: Unable to detect cache hierarchy for CPU 0
<6>[    0.008340] rcu: Hierarchical SRCU implementation.
<6>[    0.008414] rcu: 	Max phase no-delay instances is 1000.
<6>[    0.009025] Timer migration: 1 hierarchy levels; 8 children per group; 1 crossnode level
<6>[    0.010050] EFI services will not be available.
<6>[    0.010772] smp: Bringing up secondary CPUs ...
<6>[    0.012145] Detected VIPT I-cache on CPU1
<6>[    0.012333] CPU1: Booted secondary processor 0x0000000001 [0x410fd042]
<6>[    0.013922] Detected VIPT I-cache on CPU2
<6>[    0.014098] CPU2: Booted secondary processor 0x0000000002 [0x410fd042]
<6>[    0.015672] Detected VIPT I-cache on CPU3
<6>[    0.015853] CPU3: Booted secondary processor 0x0000000003 [0x410fd042]
<6>[    0.016218] smp: Brought up 1 node, 4 CPUs
<6>[    0.016389] SMP: Total of 4 processors activated.
<6>[    0.016418] CPU: All CPU(s) started at EL2
<6>[    0.016507] CPU features: detected: 32-bit EL0 Support
<6>[    0.016537] CPU features: detected: 32-bit EL1 Support
<6>[    0.016573] CPU features: detected: CRC32 instructions
<6>[    0.016693] alternatives: applying system-wide alternatives
<6>[    0.019259] Memory: 972352K/1046528K available (15872K kernel code, 3132K rwdata, 7952K rodata, 3200K init, 1034K bss, 53216K reserved, 16384K cma-reserved)
<6>[    0.021044] devtmpfs: initialized
<6>[    0.040584] futex hash table entries: 1024 (order: 4, 65536 bytes, linear)
<6>[    0.042625] 24896 pages in range for non-PLT usage
<6>[    0.042658] 516416 pages in range for PLT usage
<6>[    0.043191] pinctrl core: initialized pinctrl subsystem
<6>[    0.044695] DMI not present or invalid.
<6>[    0.046999] DMA: preallocated 128 KiB GFP_KERNEL pool for atomic allocations
<6>[    0.047333] DMA: preallocated 128 KiB GFP_KERNEL|GFP_DMA pool for atomic allocations
<6>[    0.047713] DMA: preallocated 128 KiB GFP_KERNEL|GFP_DMA32 pool for atomic allocations
<6>[    0.051450] thermal_sys: Registered thermal governor 'step_wise'
<6>[    0.051482] thermal_sys: Registered thermal governor 'power_allocator'
<6>[    0.051695] cpuidle: using governor menu
<6>[    0.052322] hw-breakpoint: found 6 breakpoint and 4 watchpoint registers.
<6>[    0.052572] ASID allocator initialised with 65536 entries
<6>[    0.053153] Serial: AMBA PL011 UART driver
<6>[    0.075666] /dsi@ff450000: Fixed dependency cycle(s) with /dsi@ff450000/panel@0
<6>[    0.076030] /dsi@ff450000/panel@0: Fixed dependency cycle(s) with /dsi@ff450000
<6>[    0.076829] /dsi@ff450000: Fixed dependency cycle(s) with /vop@ff460000
<6>[    0.077027] /vop@ff460000: Fixed dependency cycle(s) with /dsi@ff450000
<4>[    0.097543] gpio gpiochip0: Static allocation of GPIO base is deprecated, use dynamic allocation.
<6>[    0.098349] rockchip-gpio ff040000.gpio: probed /pinctrl/gpio@ff040000
<4>[    0.099185] gpio gpiochip1: Static allocation of GPIO base is deprecated, use dynamic allocation.
<6>[    0.099691] rockchip-gpio ff250000.gpio: probed /pinctrl/gpio@ff250000
<4>[    0.100445] gpio gpiochip2: Static allocation of GPIO base is deprecated, use dynamic allocation.
<6>[    0.100997] rockchip-gpio ff260000.gpio: probed /pinctrl/gpio@ff260000
<4>[    0.101906] gpio gpiochip3: Static allocation of GPIO base is deprecated, use dynamic allocation.
<6>[    0.102408] rockchip-gpio ff270000.gpio: probed /pinctrl/gpio@ff270000
<6>[    0.108812] HugeTLB: registered 1.00 GiB page size, pre-allocated 0 pages
<6>[    0.108888] HugeTLB: 0 KiB vmemmap can be freed for a 1.00 GiB page
<6>[    0.108926] HugeTLB: registered 32.0 MiB page size, pre-allocated 0 pages
<6>[    0.108958] HugeTLB: 0 KiB vmemmap can be freed for a 32.0 MiB page
<6>[    0.109054] HugeTLB: registered 2.00 MiB page size, pre-allocated 0 pages
<6>[    0.109093] HugeTLB: 0 KiB vmemmap can be freed for a 2.00 MiB page
<6>[    0.109131] HugeTLB: registered 64.0 KiB page size, pre-allocated 0 pages
<6>[    0.109163] HugeTLB: 0 KiB vmemmap can be freed for a 64.0 KiB page
<6>[    0.113839] ACPI: Interpreter disabled.
<6>[    0.115416] iommu: Default domain type: Translated
<6>[    0.115493] iommu: DMA domain TLB invalidation policy: strict mode
<5>[    0.116844] SCSI subsystem initialized
<7>[    0.117382] libata version 3.00 loaded.
<6>[    0.117716] usbcore: registered new interface driver usbfs
<6>[    0.117820] usbcore: registered new interface driver hub
<6>[    0.117919] usbcore: registered new device driver usb
<6>[    0.119941] EDAC MC: Ver: 3.0.0
<6>[    0.120835] scmi_core: SCMI protocol bus registered
<6>[    0.122004] FPGA manager framework
<6>[    0.122691] Advanced Linux Sound Architecture Driver Initialized.
<6>[    0.123103] vgaarb: loaded
<6>[    0.123894] clocksource: Switched to clocksource arch_sys_counter
<5>[    0.124571] VFS: Disk quotas dquot_6.6.0
<6>[    0.124684] VFS: Dquot-cache hash table entries: 512 (order 0, 4096 bytes)
<6>[    0.125594] pnp: PnP ACPI: disabled
<6>[    0.143008] PCI: CLS 0 bytes, default 64
<6>[    0.157503] kvm [1]: nv: 554 coarse grained trap handlers
<6>[    0.158727] kvm [1]: IPA Size Limit: 40 bits
<6>[    0.163279] kvm [1]: vgic interrupt IRQ9
<6>[    0.163417] kvm [1]: Hyp nVHE mode initialized successfully
<6>[    0.167517] workingset: timestamp_bits=42 max_order=18 bucket_order=0
<6>[    0.168438] squashfs: version 4.0 (2009/01/31) Phillip Lougher
<6>[    0.169003] fuse: init (API version 7.41)
<6>[    0.331487] Block layer SCSI generic (bsg) driver version 0.4 loaded (major 244)
<6>[    0.331574] io scheduler mq-deadline registered
<6>[    0.331622] io scheduler kyber registered
<6>[    0.331734] io scheduler bfq registered
<6>[    0.348170] ledtrig-cpu: registered to indicate activity on CPUs
<6>[    0.360786] dma-pl330 ff240000.dma-controller: Loaded driver for PL330 DMAC-241330
<6>[    0.360878] dma-pl330 ff240000.dma-controller: 	DBUFF-128x8bytes Num_Chans-8 Num_Peri-32 Num_Events-16
<6>[    0.374741] Serial: 8250/16550 driver, 4 ports, IRQ sharing enabled
<6>[    0.379943] printk: legacy console [ttyS2] disabled
<6>[    0.380891] ff160000.serial: ttyS2 at MMIO 0xff160000 (irq = 22, base_baud = 1500000) is a 16550A
<6>[    0.381145] printk: legacy console [ttyS2] enabled
<6>[    0.470835] rockchip-vop ff460000.vop: Adding to iommu group 0
<6>[    0.476011] /dsi@ff450000: Fixed dependency cycle(s) with /dsi@ff450000/panel@0
<6>[    0.476914] /dsi@ff450000/panel@0: Fixed dependency cycle(s) with /dsi@ff450000
<6>[    0.510366] loop: module loaded
<6>[    0.513320] megasas: 07.727.03.00-rc1
<6>[    0.513923] mpt3sas version 48.100.00.00 loaded
<6>[    0.534811] VFIO - User Level meta-driver version: 0.3
<4>[    0.537406] rockchip-usb2phy ff2c0000.syscon:usb2phy@100: Requested PHY is disabled
<4>[    0.538210] dwc2 ff300000.usb: supply vusb_d not found, using dummy regulator
<4>[    0.539169] dwc2 ff300000.usb: supply vusb_a not found, using dummy regulator
<4>[    0.540178] dwc2 ff300000.usb: Configuration mismatch. dr_mode forced to host
<4>[    0.551556] rockchip-usb2phy ff2c0000.syscon:usb2phy@100: Requested PHY is disabled
<4>[    0.552382] rockchip-usb2phy ff2c0000.syscon:usb2phy@100: Requested PHY is disabled
<6>[    0.553105] dwc2 ff300000.usb: DWC OTG Controller
<6>[    0.553611] dwc2 ff300000.usb: new USB bus registered, assigned bus number 1
<6>[    0.554337] dwc2 ff300000.usb: irq 27, io mem 0xff300000
<6>[    0.557018] hub 1-0:1.0: USB hub found
<6>[    0.557479] hub 1-0:1.0: 1 port detected
<6>[    0.562092] usbcore: registered new interface driver cdc_acm
<6>[    0.562673] cdc_acm: USB Abstract Control Model driver for USB modems and ISDN adapters
<6>[    0.563484] usbcore: registered new interface driver usb-storage
<6>[    0.564376] usbcore: registered new interface driver cp210x
<6>[    0.564975] usbserial: USB Serial support registered for cp210x
<6>[    0.565588] usbcore: registered new interface driver ftdi_sio
<6>[    0.566167] usbserial: USB Serial support registered for FTDI USB Serial Device
<6>[    0.566926] usbcore: registered new interface driver option
<6>[    0.567489] usbserial: USB Serial support registered for GSM modem (1-port)
<6>[    0.568828] usbcore: registered new device driver onboard-usb-dev
<4>[    0.576303] pwm-vibrator vibrator: supply vcc not found, using dummy regulator
<6>[    0.577684] input: pwm-vibrator as /devices/platform/vibrator/input/input0
<6>[    0.581802] i2c_dev: i2c /dev entries driver
<6>[    0.618688] vcc_bl: Bringing 2800000uV into 3300000-3300000uV
<6>[    0.621114] vcc_lcd: Bringing 1800000uV into 2800000-2800000uV
<6>[    0.624809] usb_midu: Bringing 4700000uV into 5000000-5000000uV
<6>[    0.630651] input: rk805 pwrkey as /devices/platform/ff180000.i2c/i2c-0/0-0020/rk805-pwrkey.2.auto/input/input1
<6>[    0.637461] rk808-rtc rk808-rtc.3.auto: registered as rtc0
<6>[    0.638884] rk808-rtc rk808-rtc.3.auto: setting system clock to 2017-08-07T11:06:59 UTC (1502104019)
<4>[    0.658458] rockchip-thermal ff280000.tsadc: Missing tshut mode property, using default (cru)
<4>[    0.659305] rockchip-thermal ff280000.tsadc: Missing tshut-polarity property, using default (low)
<6>[    0.664362] device-mapper: ioctl: 4.48.0-ioctl (2023-03-01) initialised: dm-devel@lists.linux.dev
<6>[    0.668018] cpu cpu0: EM: created perf domain
<6>[    0.672909] sdhci: Secure Digital Host Controller Interface driver
<6>[    0.673550] sdhci: Copyright(c) Pierre Ossman
<6>[    0.674841] Synopsys Designware Multimedia Card Interface Driver
<6>[    0.676554] sdhci-pltfm: SDHCI platform and OF driver helper
<6>[    0.677580] dwmmc_rockchip ff370000.mmc: IDMAC supports 32-bit address mode.
<6>[    0.678296] dwmmc_rockchip ff370000.mmc: Using internal DMA controller.
<6>[    0.678906] dwmmc_rockchip ff370000.mmc: Version ID is 270a
<6>[    0.679223] SMCCC: SOC_ID: ARCH_SOC_ID not implemented, skipping ....
<6>[    0.679484] dwmmc_rockchip ff370000.mmc: DW MMC controller at irq 55,32 bit host data width,256 deep fifo
<6>[    0.681367] usbcore: registered new interface driver usbhid
<6>[    0.681909] usbhid: USB HID core driver
<6>[    0.681955] dwmmc_rockchip ff370000.mmc: Got CD GPIO
<4>[    0.688328] SPI driver st-magn-spi has no spi_device_id for st,lis3mdl-magn
<4>[    0.688999] SPI driver st-magn-spi has no spi_device_id for st,lsm303agr-magn
<4>[    0.689637] SPI driver st-magn-spi has no spi_device_id for st,lsm9ds1-magn
<4>[    0.690260] SPI driver st-magn-spi has no spi_device_id for st,lsm303c-magn
<6>[    0.693545] hw perfevents: enabled with armv8_cortex_a35 PMU driver, 7 (0,8000003f) counters available
<6>[    0.696670] mmc_host mmc0: Bus speed (slot 0) = 400000Hz (slot req 400000Hz, actual 400000HZ div = 0)
<6>[    0.697412]  cs_system_cfg: CoreSight Configuration manager initialised
<6>[    0.701540] gnss: GNSS driver registered with major 236
<6>[    0.737489] Demotion targets for Node 0: null
<6>[    0.759316] mmc_host mmc0: Bus speed (slot 0) = 50000000Hz (slot req 50000000Hz, actual 50000000HZ div = 0)
<6>[    0.760764] mmc0: new high speed SDHC card at address 0001
<6>[    0.762885] mmcblk0: mmc0:0001 00000 29.2 GiB
<6>[    0.766528]  mmcblk0: p1 p2
<6>[    0.770046] rockchip-drm display-subsystem: bound ff460000.vop (ops vop_component_ops)
<6>[    0.771221] rockchip-drm display-subsystem: bound ff450000.dsi (ops dw_mipi_dsi_rockchip_ops)
<6>[    0.773463] [drm] Initialized rockchip 1.0.0 for display-subsystem on minor 0
<6>[    0.848262] usb 1-1: new high-speed USB device number 2 using dwc2
<6>[    1.045830] hub 1-1:1.0: USB hub found
<6>[    1.046310] hub 1-1:1.0: 4 ports detected
<6>[    1.236281] Console: switching to colour frame buffer device 40x30
<6>[    1.288119] rockchip-drm display-subsystem: [drm] fb0: rockchipdrmfb frame buffer device
<6>[    1.335463] input: rk817_int Headphones as /devices/platform/rk817-sound/sound/card0/input2
<6>[    1.346566] clk: Disabling unused clocks
<6>[    1.350664] PM: genpd: Disabling unused power domains
<6>[    1.353551] ALSA device list:
<6>[    1.355001]   #0: rk817_int
<6>[    1.358833] Freeing unused kernel memory: 3200K
<6>[    1.361718] Run /init as init process
<7>[    1.363210]   with arguments:
<7>[    1.363222]     /init
<7>[    1.363229]   with environment:
<7>[    1.363235]     HOME=/
<7>[    1.363241]     TERM=linux
<12>[    1.367970] pid351: running as PID 1
<4>[    1.375721] FAT-fs (mmcblk0p1): Volume was not properly unmounted. Some data may be corrupt. Please run fsck.
<12>[    1.392209] pid351: playing /boot/pid351/roms/smb3.nes
<12>[    1.396388] pid351: connector 40, crtc 36, mode 320x480@60
<6>[    1.576322] usb 1-1.2: new full-speed USB device number 3 using dwc2
<6>[    1.679181] input: OpenSimHardware OSH PB Controller Keyboard as /devices/platform/ff300000.usb/usb1/1-1/1-1.2/1-1.2:1.0/0003:1209:3100.0001/input/input3
<6>[    1.745326] input: OpenSimHardware OSH PB Controller Mouse as /devices/platform/ff300000.usb/usb1/1-1/1-1.2/1-1.2:1.0/0003:1209:3100.0001/input/input4
<6>[    1.756576] input: OpenSimHardware OSH PB Controller as /devices/platform/ff300000.usb/usb1/1-1/1-1.2/1-1.2:1.0/0003:1209:3100.0001/input/input5
<6>[    1.768177] hid-generic 0003:1209:3100.0001: input: USB HID v1.11 Keyboard [OpenSimHardware OSH PB Controller] on usb-ff300000.usb-1.2/input0
<12>[    1.968780] pid351: pad on /dev/input/event5 (OpenSimHardware OSH PB Controller)
<12>[    1.977118] pid351: pad appeared after 60 ms
<12>[    1.982995] pid351: display up, rotating counter-clockwise
<12>[    1.994639] pid351: audio card 0 is "rk817int" driver "simple-card" (rk817_int)
<12>[    2.002925] pid351: audio "Playback Mux" = 0
<12>[    2.010434] pid351: audio "Master Playback Volume" = 255
<12>[    2.084315] pid351: audio jack /dev/input/event2 "rk817_int Headphones" reports headphones INSERTED
<12>[    2.252786] pid351: audio accepts channels     2 .. 8
<12>[    2.258788] pid351: audio accepts rate         8000 .. 96000
<12>[    2.264360] pid351: audio accepts period_size  4 .. 65536
<12>[    2.270457] pid351: audio accepts periods      2 .. 32768
<12>[    2.276368] pid351: audio accepts buffer_size  8 .. 131072
<12>[    2.288754] pid351: audio /dev/snd/pcmC0D0p: 48000 Hz, period 512, buffer 4096 (85.3 ms), 799 frames/video frame
<12>[    2.364305] pid351: first frame 256x224 pitch=512 (2.0 bytes/pixel)
<12>[    2.374602] pid351: core fceumm, 256x224, par 1.1429, 60.100 fps, 48000 Hz -> 48000 Hz (stretch -0.133%)
<5>[    3.299982] random: crng init done
<12>[    7.392512] pid351: fceumm 60.07 fps  emu 60.07 (1.00x)  frames=301  ring=1532  aud=2576 x1  scale=3560 blit=2346 us
<12>[   12.407524] pid351: fceumm 60.02 fps  emu 60.02 (1.00x)  frames=602  ring=1478  aud=2577 x1  scale=3257 blit=2683 us
<12>[   17.422928] pid351: fceumm 60.02 fps  emu 60.02 (1.00x)  frames=903  ring=1423  aud=2554 x1  scale=3063 blit=2316 us
<12>[   18.710489] pid351: load none
<12>[   22.437838] pid351: fceumm 60.02 fps  emu 60.02 (1.00x)  frames=1204  ring=1370  aud=2562 x1  scale=3205 blit=2311 us
<12>[   24.406194] pid351: load none
<12>[   24.756174] pid351: load none
<12>[   25.022616] pid351: load none
<12>[   25.439155] pid351: load none
<12>[   25.739067] pid351: load none
<12>[   26.005556] pid351: load none
<12>[   26.222241] pid351: load none
<12>[   27.255207] pid351: load none
<12>[   27.452645] pid351: fceumm 60.02 fps  emu 60.02 (1.00x)  frames=1505  ring=1315  aud=2571 x1  scale=3264 blit=2359 us
<12>[   27.538455] pid351: load none
<12>[   27.738383] pid351: load none
<12>[   28.638055] pid351: load none
<12>[   28.871332] pid351: load none
<12>[   29.093409] pid351: load none
<12>[   31.260177] pid351: save ok
<6>[   31.712355] vcc_wifi: disabling
<12>[   32.275683] pid351: load ok
<12>[   32.459391] pid351: fceumm 59.92 fps  emu 59.92 (1.00x)  frames=1805  ring=1262  aud=2172 x1  scale=3073 blit=3147 us
<12>[   37.488241] pid351: fceumm 46.73 fps  emu 77.55 (1.66x)  frames=2040  ring=1226  aud=-50 x1  scale=3125 blit=2317 us
<12>[   38.874002] pid351: load ok
<12>[   42.489790] pid351: fceumm 55.98 fps  emu 65.98 (1.18x)  frames=2320  ring=1180  aud=2761 x2  scale=3098 blit=2375 us
<12>[   47.505015] pid351: fceumm 60.02 fps  emu 60.02 (1.00x)  frames=2621  ring=1131  aud=2754 x2  scale=3089 blit=3255 us
<12>[   48.454481] pid351: save ok
<12>[   50.286629] pid351: load ok
<12>[   52.519779] pid351: fceumm 60.02 fps  emu 60.02 (1.00x)  frames=2922  ring=1086  aud=2762 x2  scale=3055 blit=3535 us
<12>[   57.534973] pid351: fceumm 60.02 fps  emu 60.02 (1.00x)  frames=3223  ring=1042  aud=2755 x2  scale=3046 blit=3224 us
<12>[   59.999760] pid351: load ok
<12>[   62.550003] pid351: fceumm 60.02 fps  emu 60.02 (1.00x)  frames=3524  ring=1001  aud=2756 x2  scale=3242 blit=2293 us
<12>[   67.565061] pid351: fceumm 60.02 fps  emu 60.02 (1.00x)  frames=3825  ring=964  aud=2756 x2  scale=3048 blit=2383 us
<12>[   67.748137] pid351: save ok
<12>[   72.580128] pid351: fceumm 60.02 fps  emu 60.02 (1.00x)  frames=4126  ring=927  aud=2749 x2  scale=3164 blit=2331 us
<12>[   72.745884] pid351: load ok
<12>[   77.594787] pid351: fceumm 60.02 fps  emu 60.02 (1.00x)  frames=4427  ring=892  aud=2766 x2  scale=3065 blit=3478 us
<12>[   82.597165] pid351: fceumm 59.17 fps  emu 61.17 (1.03x)  frames=4723  ring=860  aud=3288 x2  scale=3240 blit=2391 us
<12>[   87.628874] pid351: fceumm 19.68 fps  emu 118.05 (6.00x)  frames=4822  ring=860  aud=3272 x2  scale=3048 blit=2212 us
<12>[   91.791108] pid351: save ok
<12>[   92.628936] pid351: fceumm 36.60 fps  emu 94.60 (2.58x)  frames=5005  ring=848  aud=3551 x2  scale=3143 blit=2257 us
<12>[   93.310866] pid351: load ok
<12>[   97.639502] pid351: fceumm 60.07 fps  emu 60.07 (1.00x)  frames=5306  ring=817  aud=3768 x2  scale=3081 blit=2358 us
<12>[  102.644986] pid351: fceumm 59.94 fps  emu 59.94 (1.00x)  frames=5606  ring=788  aud=3425 x2  scale=3174 blit=2618 us
<12>[  107.653330] pid351: fceumm 60.10 fps  emu 60.10 (1.00x)  frames=5907  ring=762  aud=3746 x2  scale=3198 blit=2342 us
<12>[  112.658000] pid351: fceumm 59.94 fps  emu 59.94 (1.00x)  frames=6207  ring=737  aud=3442 x2  scale=3145 blit=2238 us
<12>[  115.748226] pid351: load ok
<12>[  117.664885] pid351: fceumm 46.34 fps  emu 77.30 (1.67x)  frames=6439  ring=721  aud=3236 x2  scale=3227 blit=2268 us
<12>[  121.613521] pid351: save ok
<12>[  122.679646] pid351: fceumm 60.02 fps  emu 60.02 (1.00x)  frames=6740  ring=698  aud=3244 x2  scale=3053 blit=2309 us
<12>[  122.746236] pid351: load ok
<12>[  124.995377] pid351: load ok
<12>[  127.688016] pid351: fceumm 49.12 fps  emu 74.08 (1.51x)  frames=6986  ring=682  aud=3280 x2  scale=3059 blit=2677 us
<12>[  128.732092] pid351: load ok
<12>[  132.070714] pid351: load ok
<12>[  132.694649] pid351: fceumm 55.73 fps  emu 65.71 (1.18x)  frames=7265  ring=663  aud=3769 x2  scale=3160 blit=2218 us
<12>[  134.566634] pid351: undo ok
<12>[  135.476055] pid351: load ok
<12>[  137.714252] pid351: fceumm 59.97 fps  emu 59.97 (1.00x)  frames=7566  ring=643  aud=3554 x2  scale=3186 blit=2336 us
<12>[  137.778282] 
<12>[  137.780354] pid351: ==== session report ====
<12>[  137.784942] pid351: exit (combo) 135.4 s, 7570 panel frames, 8900 emulated
<12>[  137.788008] pid351: normal frames (7304 of 7570, budget 16661 us):
<12>[  137.845613] pid351:   emu      p50   7955  p90   8190  p99   8400  max  13632 us   47.7% of frame
<12>[  137.921592] pid351:   scale    p50   3004  p90   3024  p99   3059  max   3560 us   18.0% of frame
<12>[  138.006323] pid351:   blit     p50   2070  p90   2178  p99   2265  max   3535 us   12.4% of frame
<12>[  138.058753] pid351:   busy     p50  13305  p90  18101  p99  26274  max  27385 us   79.9% of frame
<12>[  138.133029] pid351:   vblank   p50   2675  p90   3479  p99   3774  max   4755 us   16.1% of frame
<12>[  138.137786] pid351: fast frames (266, each runs the core 6 times):
<12>[  138.141686] pid351:   emu      p50  46524  p90  48263  p99  48999  max  49174 us  279.2% of frame
<12>[  138.146764] pid351:   busy     p50  51947  p90  53620  p99  54357  max  54420 us  311.8% of frame
<12>[  138.151009] pid351: pacing: 744 over budget of 7304 normal frames (10.186%), 55.9096 fps against 60.0204 panel
<12>[  138.158794] pid351: fast mode: 13.7 s, 266 panel frames, 1596 emulated, 6.00x per frame, 116.7 emu fps = 1.94x wall clock
<12>[  138.277973] pid351:   ceiling is 2.09x - emulation alone is 7955 us/frame at p50, so nothing above that is reachable
<12>[  138.283034] pid351: audio: 2 xruns, core ring 643..1586, codec low water 552 frames (11.5 ms)
<12>[  138.287976] pid351: state: 5 saved, 26 loaded, 1 undone; last save 1017 us on the frame, published 30 frames later in 448 us
<12>[  138.293575] pid351: power: backlight 833/1666, governor schedutil, 1296 MHz
<12>[  138.298659] pid351: power: 54% -> 54%, -218096 -> -509636 uA, 1296 MHz, temp 33.1 -> 52.9 peak 52.9 C
<12>[  138.303555] pid351: drain: 17544 uAh over 135.4 s = 466 mA, 3380 mAh pack -> 7.2 h from full, 3.9 h left at 54%
<12>[  138.308719] pid351: verdict:
<12>[  138.311046] pid351:   pacing   FAIL  (late frames under 0.1%)
<12>[  138.314651] pid351:   audio    FAIL  (no xrun after the first 5 s)
<12>[  138.317725] pid351:   ring     PASS  (never starved)
<12>[  138.321576] pid351:   thermal  PASS  (peak under 70 C)
