<6>[    0.000000] Booting Linux on physical CPU 0x0000000000 [0x410fd042]
<5>[    0.000000] Linux version 6.12.103 (dvh@hp) (aarch64-linux-gnu-gcc (Debian 14.2.0-19) 14.2.0, GNU ld (GNU Binutils for Debian) 2.44) #27 SMP PREEMPT Wed Aug 19 19:53:39 CEST 2026
<4>[    0.000000] KASLR disabled due to lack of seed
<6>[    0.000000] Machine model: Anbernic RG351P (pid351)
<6>[    0.000000] efi: UEFI not found.
<6>[    0.000000] OF: reserved mem: Reserved memory: No reserved-memory node in the DT
<6>[    0.000000] NUMA: Faking a node at [mem 0x0000000000200000-0x000000003fffffff]
<6>[    0.000000] NODE_DATA(0) allocated [mem 0x3fdc3300-0x3fdc593f]
<6>[    0.000000] Zone ranges:
<6>[    0.000000]   DMA      [mem 0x0000000000200000-0x000000003fffffff]
<6>[    0.000000]   DMA32    empty
<6>[    0.000000]   Normal   empty
<6>[    0.000000] Movable zone start for each node
<6>[    0.000000] Early memory node ranges
<6>[    0.000000]   node   0: [mem 0x0000000000200000-0x000000003fffffff]
<6>[    0.000000] Initmem setup node 0 [mem 0x0000000000200000-0x000000003fffffff]
<6>[    0.000000] On node 0, zone DMA: 512 pages in unavailable ranges
<6>[    0.000000] cma: Reserved 16 MiB at 0x000000003dc00000 on node -1
<6>[    0.000000] psci: probing for conduit method from DT.
<6>[    0.000000] psci: PSCIv1.1 detected in firmware.
<6>[    0.000000] psci: Using standard PSCI v0.2 function IDs
<6>[    0.000000] psci: MIGRATE_INFO_TYPE not supported.
<6>[    0.000000] psci: SMC Calling Convention v1.2
<6>[    0.000000] percpu: Embedded 22 pages/cpu s57504 r0 d32608 u90112
<7>[    0.000000] pcpu-alloc: s57504 r0 d32608 u90112 alloc=22*4096
<7>[    0.000000] pcpu-alloc: [0] 0 [0] 1 [0] 2 [0] 3 
<6>[    0.000000] Detected VIPT I-cache on CPU0
<6>[    0.000000] alternatives: applying boot alternatives
<5>[    0.000000] Kernel command line: console=ttyS2,1500000 console=tty0 quiet vt.global_cursor_default=0 fbcon=rotate:3 panic=5 cma=16M printk.devkmsg=on
<6>[    0.000000] Dentry cache hash table entries: 131072 (order: 8, 1048576 bytes, linear)
<6>[    0.000000] Inode-cache hash table entries: 65536 (order: 7, 524288 bytes, linear)
<6>[    0.000000] Fallback order for Node 0: 0 
<6>[    0.000000] Built 1 zonelists, mobility grouping on.  Total pages: 261632
<6>[    0.000000] Policy zone: DMA
<6>[    0.000000] mem auto-init: stack:all(zero), heap alloc:off, heap free:off
<6>[    0.000000] software IO TLB: SWIOTLB bounce buffer size adjusted to 0MB
<6>[    0.000000] software IO TLB: area num 4.
<6>[    0.000000] software IO TLB: mapped [mem 0x000000003da80000-0x000000003db80000] (1MB)
<6>[    0.000000] SLUB: HWalign=64, Order=0-3, MinObjects=0, CPUs=4, Nodes=1
<6>[    0.000000] rcu: Preemptible hierarchical RCU implementation.
<6>[    0.000000] rcu: 	RCU event tracing is enabled.
<6>[    0.000000] rcu: 	RCU restricting CPUs from NR_CPUS=512 to nr_cpu_ids=4.
<6>[    0.000000] 	Trampoline variant of Tasks RCU enabled.
<6>[    0.000000] 	Tracing variant of Tasks RCU enabled.
<6>[    0.000000] rcu: RCU calculated value of scheduler-enlistment delay is 25 jiffies.
<6>[    0.000000] rcu: Adjusting geometry for rcu_fanout_leaf=16, nr_cpu_ids=4
<6>[    0.000000] RCU Tasks: Setting shift to 2 and lim to 1 rcu_task_cb_adjust=1 rcu_task_cpu_ids=4.
<6>[    0.000000] RCU Tasks Trace: Setting shift to 2 and lim to 1 rcu_task_cb_adjust=1 rcu_task_cpu_ids=4.
<6>[    0.000000] NR_IRQS: 64, nr_irqs: 64, preallocated irqs: 0
<6>[    0.000000] Root IRQ handler: gic_handle_irq
<6>[    0.000000] GIC: Using split EOI/Deactivate mode
<6>[    0.000000] rcu: srcu_init: Setting srcu_struct sizes based on contention.
<6>[    0.000000] clocksource: jiffies: mask: 0xffffffff max_cycles: 0xffffffff, max_idle_ns: 7645041785100000 ns
<6>[    0.000000] arch_timer: cp15 timer(s) running at 24.00MHz (phys).
<6>[    0.000000] clocksource: arch_sys_counter: mask: 0xffffffffffffff max_cycles: 0x588fe9dc0, max_idle_ns: 440795202592 ns
<6>[    0.000002] sched_clock: 56 bits at 24MHz, resolution 41ns, wraps every 4398046511097ns
<6>[    0.001471] Console: colour dummy device 80x25
<6>[    0.001509] printk: legacy console [tty0] enabled
<6>[    0.001790] Calibrating delay loop (skipped), value calculated using timer frequency.. 48.00 BogoMIPS (lpj=96000)
<6>[    0.001826] pid_max: default: 32768 minimum: 301
<6>[    0.001990] LSM: initializing lsm=capability
<6>[    0.002161] Mount-cache hash table entries: 2048 (order: 2, 16384 bytes, linear)
<6>[    0.002196] Mountpoint-cache hash table entries: 2048 (order: 2, 16384 bytes, linear)
<4>[    0.004365] cacheinfo: Unable to detect cache hierarchy for CPU 0
<6>[    0.007305] rcu: Hierarchical SRCU implementation.
<6>[    0.007341] rcu: 	Max phase no-delay instances is 1000.
<6>[    0.008053] Timer migration: 1 hierarchy levels; 8 children per group; 1 crossnode level
<6>[    0.009068] EFI services will not be available.
<6>[    0.009757] smp: Bringing up secondary CPUs ...
<6>[    0.010984] Detected VIPT I-cache on CPU1
<6>[    0.011168] CPU1: Booted secondary processor 0x0000000001 [0x410fd042]
<6>[    0.012937] Detected VIPT I-cache on CPU2
<6>[    0.013122] CPU2: Booted secondary processor 0x0000000002 [0x410fd042]
<6>[    0.014744] Detected VIPT I-cache on CPU3
<6>[    0.014924] CPU3: Booted secondary processor 0x0000000003 [0x410fd042]
<6>[    0.015274] smp: Brought up 1 node, 4 CPUs
<6>[    0.015314] SMP: Total of 4 processors activated.
<6>[    0.015327] CPU: All CPU(s) started at EL2
<6>[    0.015397] CPU features: detected: 32-bit EL0 Support
<6>[    0.015409] CPU features: detected: 32-bit EL1 Support
<6>[    0.015426] CPU features: detected: CRC32 instructions
<6>[    0.015527] alternatives: applying system-wide alternatives
<6>[    0.018104] Memory: 972352K/1046528K available (15872K kernel code, 3132K rwdata, 7952K rodata, 3200K init, 1034K bss, 53216K reserved, 16384K cma-reserved)
<6>[    0.019621] devtmpfs: initialized
<6>[    0.038303] futex hash table entries: 1024 (order: 4, 65536 bytes, linear)
<6>[    0.040315] 24896 pages in range for non-PLT usage
<6>[    0.040350] 516416 pages in range for PLT usage
<6>[    0.040846] pinctrl core: initialized pinctrl subsystem
<6>[    0.042326] DMI not present or invalid.
<6>[    0.044646] DMA: preallocated 128 KiB GFP_KERNEL pool for atomic allocations
<6>[    0.044929] DMA: preallocated 128 KiB GFP_KERNEL|GFP_DMA pool for atomic allocations
<6>[    0.045276] DMA: preallocated 128 KiB GFP_KERNEL|GFP_DMA32 pool for atomic allocations
<6>[    0.048965] thermal_sys: Registered thermal governor 'step_wise'
<6>[    0.048996] thermal_sys: Registered thermal governor 'power_allocator'
<6>[    0.049178] cpuidle: using governor menu
<6>[    0.049803] hw-breakpoint: found 6 breakpoint and 4 watchpoint registers.
<6>[    0.050026] ASID allocator initialised with 65536 entries
<6>[    0.050913] Serial: AMBA PL011 UART driver
<6>[    0.073079] /dsi@ff450000: Fixed dependency cycle(s) with /dsi@ff450000/panel@0
<6>[    0.073394] /dsi@ff450000/panel@0: Fixed dependency cycle(s) with /dsi@ff450000
<6>[    0.074133] /dsi@ff450000: Fixed dependency cycle(s) with /vop@ff460000
<6>[    0.074291] /vop@ff460000: Fixed dependency cycle(s) with /dsi@ff450000
<4>[    0.094704] gpio gpiochip0: Static allocation of GPIO base is deprecated, use dynamic allocation.
<6>[    0.095478] rockchip-gpio ff040000.gpio: probed /pinctrl/gpio@ff040000
<4>[    0.096294] gpio gpiochip1: Static allocation of GPIO base is deprecated, use dynamic allocation.
<6>[    0.096747] rockchip-gpio ff250000.gpio: probed /pinctrl/gpio@ff250000
<4>[    0.097465] gpio gpiochip2: Static allocation of GPIO base is deprecated, use dynamic allocation.
<6>[    0.097949] rockchip-gpio ff260000.gpio: probed /pinctrl/gpio@ff260000
<4>[    0.098849] gpio gpiochip3: Static allocation of GPIO base is deprecated, use dynamic allocation.
<6>[    0.099292] rockchip-gpio ff270000.gpio: probed /pinctrl/gpio@ff270000
<6>[    0.105576] HugeTLB: registered 1.00 GiB page size, pre-allocated 0 pages
<6>[    0.105614] HugeTLB: 0 KiB vmemmap can be freed for a 1.00 GiB page
<6>[    0.105635] HugeTLB: registered 32.0 MiB page size, pre-allocated 0 pages
<6>[    0.105649] HugeTLB: 0 KiB vmemmap can be freed for a 32.0 MiB page
<6>[    0.105667] HugeTLB: registered 2.00 MiB page size, pre-allocated 0 pages
<6>[    0.105681] HugeTLB: 0 KiB vmemmap can be freed for a 2.00 MiB page
<6>[    0.105699] HugeTLB: registered 64.0 KiB page size, pre-allocated 0 pages
<6>[    0.105713] HugeTLB: 0 KiB vmemmap can be freed for a 64.0 KiB page
<6>[    0.110410] ACPI: Interpreter disabled.
<6>[    0.111988] iommu: Default domain type: Translated
<6>[    0.112026] iommu: DMA domain TLB invalidation policy: strict mode
<5>[    0.113495] SCSI subsystem initialized
<7>[    0.113997] libata version 3.00 loaded.
<6>[    0.114327] usbcore: registered new interface driver usbfs
<6>[    0.114408] usbcore: registered new interface driver hub
<6>[    0.114491] usbcore: registered new device driver usb
<6>[    0.116485] EDAC MC: Ver: 3.0.0
<6>[    0.117222] scmi_core: SCMI protocol bus registered
<6>[    0.118354] FPGA manager framework
<6>[    0.119229] Advanced Linux Sound Architecture Driver Initialized.
<6>[    0.119640] vgaarb: loaded
<6>[    0.120518] clocksource: Switched to clocksource arch_sys_counter
<5>[    0.121097] VFS: Disk quotas dquot_6.6.0
<6>[    0.121152] VFS: Dquot-cache hash table entries: 512 (order 0, 4096 bytes)
<6>[    0.121988] pnp: PnP ACPI: disabled
<6>[    0.139596] PCI: CLS 0 bytes, default 64
<6>[    0.149739] kvm [1]: nv: 554 coarse grained trap handlers
<6>[    0.150945] kvm [1]: IPA Size Limit: 40 bits
<6>[    0.155468] kvm [1]: vgic interrupt IRQ9
<6>[    0.155572] kvm [1]: Hyp nVHE mode initialized successfully
<6>[    0.159672] workingset: timestamp_bits=42 max_order=18 bucket_order=0
<6>[    0.160454] squashfs: version 4.0 (2009/01/31) Phillip Lougher
<6>[    0.161045] fuse: init (API version 7.41)
<6>[    0.323804] Block layer SCSI generic (bsg) driver version 0.4 loaded (major 244)
<6>[    0.323848] io scheduler mq-deadline registered
<6>[    0.323880] io scheduler kyber registered
<6>[    0.323988] io scheduler bfq registered
<6>[    0.340562] ledtrig-cpu: registered to indicate activity on CPUs
<6>[    0.352668] dma-pl330 ff240000.dma-controller: Loaded driver for PL330 DMAC-241330
<6>[    0.352718] dma-pl330 ff240000.dma-controller: 	DBUFF-128x8bytes Num_Chans-8 Num_Peri-32 Num_Events-16
<6>[    0.366402] Serial: 8250/16550 driver, 4 ports, IRQ sharing enabled
<6>[    0.371525] printk: legacy console [ttyS2] disabled
<6>[    0.372388] ff160000.serial: ttyS2 at MMIO 0xff160000 (irq = 22, base_baud = 1500000) is a 16550A
<6>[    0.372693] printk: legacy console [ttyS2] enabled
<6>[    0.383287] rockchip-vop ff460000.vop: Adding to iommu group 0
<6>[    0.387602] /dsi@ff450000: Fixed dependency cycle(s) with /dsi@ff450000/panel@0
<6>[    0.387785] /dsi@ff450000/panel@0: Fixed dependency cycle(s) with /dsi@ff450000
<6>[    0.421388] loop: module loaded
<6>[    0.423777] megasas: 07.727.03.00-rc1
<6>[    0.423973] mpt3sas version 48.100.00.00 loaded
<6>[    0.443755] VFIO - User Level meta-driver version: 0.3
<4>[    0.445877] rockchip-usb2phy ff2c0000.syscon:usb2phy@100: Requested PHY is disabled
<4>[    0.445968] dwc2 ff300000.usb: supply vusb_d not found, using dummy regulator
<4>[    0.446310] dwc2 ff300000.usb: supply vusb_a not found, using dummy regulator
<4>[    0.446612] dwc2 ff300000.usb: Configuration mismatch. dr_mode forced to host
<4>[    0.459077] rockchip-usb2phy ff2c0000.syscon:usb2phy@100: Requested PHY is disabled
<4>[    0.459120] rockchip-usb2phy ff2c0000.syscon:usb2phy@100: Requested PHY is disabled
<6>[    0.459144] dwc2 ff300000.usb: DWC OTG Controller
<6>[    0.459220] dwc2 ff300000.usb: new USB bus registered, assigned bus number 1
<6>[    0.459285] dwc2 ff300000.usb: irq 27, io mem 0xff300000
<6>[    0.460982] hub 1-0:1.0: USB hub found
<6>[    0.461074] hub 1-0:1.0: 1 port detected
<6>[    0.465384] usbcore: registered new interface driver cdc_acm
<6>[    0.465425] cdc_acm: USB Abstract Control Model driver for USB modems and ISDN adapters
<6>[    0.465505] usbcore: registered new interface driver usb-storage
<6>[    0.465675] usbcore: registered new interface driver cp210x
<6>[    0.465746] usbserial: USB Serial support registered for cp210x
<6>[    0.465818] usbcore: registered new interface driver ftdi_sio
<6>[    0.465873] usbserial: USB Serial support registered for FTDI USB Serial Device
<6>[    0.465968] usbcore: registered new interface driver option
<6>[    0.466024] usbserial: USB Serial support registered for GSM modem (1-port)
<6>[    0.466594] usbcore: registered new device driver onboard-usb-dev
<4>[    0.473570] pwm-vibrator vibrator: supply vcc not found, using dummy regulator
<6>[    0.474277] input: pwm-vibrator as /devices/platform/vibrator/input/input0
<6>[    0.477752] i2c_dev: i2c /dev entries driver
<6>[    0.515214] vcc_bl: Bringing 2800000uV into 3300000-3300000uV
<6>[    0.517175] vcc_lcd: Bringing 1800000uV into 2800000-2800000uV
<6>[    0.520364] usb_midu: Bringing 4700000uV into 5000000-5000000uV
<6>[    0.525819] input: rk805 pwrkey as /devices/platform/ff180000.i2c/i2c-0/0-0020/rk805-pwrkey.2.auto/input/input1
<6>[    0.531642] rk808-rtc rk808-rtc.3.auto: registered as rtc0
<6>[    0.532593] rk808-rtc rk808-rtc.3.auto: setting system clock to 2017-08-07T12:51:11 UTC (1502110271)
<4>[    0.552124] rockchip-thermal ff280000.tsadc: Missing tshut mode property, using default (cru)
<4>[    0.552176] rockchip-thermal ff280000.tsadc: Missing tshut-polarity property, using default (low)
<6>[    0.556336] device-mapper: ioctl: 4.48.0-ioctl (2023-03-01) initialised: dm-devel@lists.linux.dev
<6>[    0.559257] cpu cpu0: EM: created perf domain
<6>[    0.564868] sdhci: Secure Digital Host Controller Interface driver
<6>[    0.564896] sdhci: Copyright(c) Pierre Ossman
<6>[    0.565595] Synopsys Designware Multimedia Card Interface Driver
<6>[    0.566519] sdhci-pltfm: SDHCI platform and OF driver helper
<6>[    0.567679] dwmmc_rockchip ff370000.mmc: IDMAC supports 32-bit address mode.
<6>[    0.567758] dwmmc_rockchip ff370000.mmc: Using internal DMA controller.
<6>[    0.567776] dwmmc_rockchip ff370000.mmc: Version ID is 270a
<6>[    0.567859] dwmmc_rockchip ff370000.mmc: DW MMC controller at irq 55,32 bit host data width,256 deep fifo
<6>[    0.568957] dwmmc_rockchip ff370000.mmc: Got CD GPIO
<6>[    0.569162] SMCCC: SOC_ID: ARCH_SOC_ID not implemented, skipping ....
<6>[    0.570575] usbcore: registered new interface driver usbhid
<6>[    0.570604] usbhid: USB HID core driver
<4>[    0.578049] SPI driver st-magn-spi has no spi_device_id for st,lis3mdl-magn
<4>[    0.578081] SPI driver st-magn-spi has no spi_device_id for st,lsm303agr-magn
<4>[    0.578089] SPI driver st-magn-spi has no spi_device_id for st,lsm9ds1-magn
<4>[    0.578097] SPI driver st-magn-spi has no spi_device_id for st,lsm303c-magn
<6>[    0.580272] hw perfevents: enabled with armv8_cortex_a35 PMU driver, 7 (0,8000003f) counters available
<6>[    0.582838]  cs_system_cfg: CoreSight Configuration manager initialised
<6>[    0.585018] mmc_host mmc0: Bus speed (slot 0) = 400000Hz (slot req 400000Hz, actual 400000HZ div = 0)
<6>[    0.586439] gnss: GNSS driver registered with major 236
<6>[    0.621389] Demotion targets for Node 0: null
<6>[    0.649630] mmc_host mmc0: Bus speed (slot 0) = 50000000Hz (slot req 50000000Hz, actual 50000000HZ div = 0)
<6>[    0.649882] mmc0: new high speed SDHC card at address 0001
<6>[    0.651567] mmcblk0: mmc0:0001 00000 29.2 GiB
<6>[    0.654520]  mmcblk0: p1 p2
<6>[    0.656324] rockchip-drm display-subsystem: bound ff460000.vop (ops vop_component_ops)
<6>[    0.656907] rockchip-drm display-subsystem: bound ff450000.dsi (ops dw_mipi_dsi_rockchip_ops)
<6>[    0.658276] [drm] Initialized rockchip 1.0.0 for display-subsystem on minor 0
<6>[    0.748941] usb 1-1: new high-speed USB device number 2 using dwc2
<6>[    0.946558] hub 1-1:1.0: USB hub found
<6>[    0.947109] hub 1-1:1.0: 4 ports detected
<6>[    1.085988] Console: switching to colour frame buffer device 60x20
<6>[    1.105640] rockchip-drm display-subsystem: [drm] fb0: rockchipdrmfb frame buffer device
<6>[    1.131899] input: rk817_int Headphones as /devices/platform/rk817-sound/sound/card0/input2
<6>[    1.134245] clk: Disabling unused clocks
<6>[    1.135045] PM: genpd: Disabling unused power domains
<6>[    1.135281] ALSA device list:
<6>[    1.135301]   #0: rk817_int
<6>[    1.137935] Freeing unused kernel memory: 3200K
<6>[    1.138081] Run /init as init process
<7>[    1.138089]   with arguments:
<7>[    1.138095]     /init
<7>[    1.138101]   with environment:
<7>[    1.138106]     HOME=/
<7>[    1.138113]     TERM=linux
<12>[    1.141601] pid351: running as PID 1
<4>[    1.145419] FAT-fs (mmcblk0p1): Volume was not properly unmounted. Some data may be corrupt. Please run fsck.
<12>[    1.153881] pid351: playing /boot/pid351/roms/smb3.nes
<12>[    1.154211] pid351: connector 40, crtc 36, mode 320x480@60
<6>[    1.388683] usb 1-1.2: new full-speed USB device number 3 using dwc2
<6>[    1.486402] input: OpenSimHardware OSH PB Controller Keyboard as /devices/platform/ff300000.usb/usb1/1-1/1-1.2/1-1.2:1.0/0003:1209:3100.0001/input/input3
<6>[    1.541686] input: OpenSimHardware OSH PB Controller Mouse as /devices/platform/ff300000.usb/usb1/1-1/1-1.2/1-1.2:1.0/0003:1209:3100.0001/input/input4
<6>[    1.542699] input: OpenSimHardware OSH PB Controller as /devices/platform/ff300000.usb/usb1/1-1/1-1.2/1-1.2:1.0/0003:1209:3100.0001/input/input5
<6>[    1.543391] hid-generic 0003:1209:3100.0001: input: USB HID v1.11 Keyboard [OpenSimHardware OSH PB Controller] on usb-ff300000.usb-1.2/input0
<12>[    1.556964] pid351: pad on /dev/input/event5 (OpenSimHardware OSH PB Controller)
<12>[    1.557078] pid351: pad appeared after 60 ms
<12>[    1.557102] pid351: display up, rotating counter-clockwise
<12>[    1.563506] pid351: audio card 0 is "rk817int" driver "simple-card" (rk817_int)
<12>[    1.563624] pid351: audio "Playback Mux" = 0
<12>[    1.564171] pid351: audio "Master Playback Volume" = 255
<12>[    1.648713] pid351: audio jack /dev/input/event2 "rk817_int Headphones" reports headphones INSERTED
<12>[    1.761194] pid351: audio accepts channels     2 .. 8
<12>[    1.761265] pid351: audio accepts rate         8000 .. 96000
<12>[    1.761290] pid351: audio accepts period_size  4 .. 65536
<12>[    1.761314] pid351: audio accepts periods      2 .. 32768
<12>[    1.761336] pid351: audio accepts buffer_size  8 .. 131072
<12>[    1.766350] pid351: audio /dev/snd/pcmC0D0p: 48000 Hz, period 512, buffer 4096 (85.3 ms), 799 frames/video frame
<12>[    1.855752] pid351: first frame 256x224 pitch=512 (2.0 bytes/pixel)
<12>[    1.864771] pid351: core fceumm, 256x224, par 1.1429, 60.100 fps, 48000 Hz -> 48000 Hz (stretch -0.133%)
<5>[    3.004595] random: crng init done
<12>[    6.870192] pid351: fceumm 59.95 fps  emu 59.95 (1.00x)  frames=300  ring=1532  aud=2264 x1  scale=4589 blit=2821 us
<12>[   11.884457] pid351: fceumm 60.02 fps  emu 60.02 (1.00x)  frames=601  ring=1478  aud=2297 x1  scale=3054 blit=2344 us
<12>[   16.899654] pid351: fceumm 60.02 fps  emu 60.02 (1.00x)  frames=902  ring=1424  aud=2290 x1  scale=3054 blit=2346 us
<12>[   21.914992] pid351: fceumm 60.02 fps  emu 60.02 (1.00x)  frames=1203  ring=1371  aud=2274 x1  scale=3053 blit=2356 us
<12>[   26.930054] pid351: fceumm 60.02 fps  emu 60.02 (1.00x)  frames=1504  ring=1316  aud=2275 x1  scale=3056 blit=2659 us
<6>[   31.716841] vcc_wifi: disabling
<12>[   31.944707] pid351: fceumm 60.02 fps  emu 60.02 (1.00x)  frames=1805  ring=1262  aud=2292 x1  scale=3056 blit=2994 us
<12>[   36.959590] pid351: fceumm 60.02 fps  emu 60.02 (1.00x)  frames=2106  ring=1209  aud=2301 x1  scale=3204 blit=2512 us
<12>[   41.974817] pid351: fceumm 60.02 fps  emu 60.02 (1.00x)  frames=2407  ring=1159  aud=2285 x1  scale=3057 blit=2231 us
<12>[   42.224388] 
<12>[   42.224424] pid351: ==== session report ====
<12>[   42.224470] pid351: exit (combo) 40.4 s, 2422 panel frames, 2422 emulated
<12>[   42.224483] pid351: normal frames (2422 of 2422, budget 16661 us):
<12>[   42.224744] pid351:   emu      p50   7251  p90   7305  p99   7367  max  10879 us   43.5% of frame
<12>[   42.224829] pid351:   scale    p50   3009  p90   3023  p99   3051  max   4589 us   18.1% of frame
<12>[   42.224895] pid351:   blit     p50   1992  p90   2192  p99   2317  max   2994 us   12.0% of frame
<12>[   42.225062] pid351:   busy     p50  12480  p90  12608  p99  12928  max  17398 us   74.9% of frame
<12>[   42.225083] pid351:   audio    p50     43  p90     45  p99     48  max    658 us    0.3% of frame
<12>[   42.225175] pid351:   vblank   p50   4054  p90   4248  p99   4429  max   4529 us   24.3% of frame
<12>[   42.225338] pid351:   latency  p50  30848  p90  31104  p99  31232  max  34200 us  185.2% of frame
<12>[   42.225497] pid351:   deadtime p50  14272  p90  14464  p99  14656  max  15947 us   85.7% of frame
<12>[   42.225514] pid351:   latency is pad read to the latching vblank; the panel then paints it over 16661 us more, none of that at the first pixel scanned and all of it at the last
<12>[   42.225537] pid351: pacing: 2 over budget of 2422 normal frames (0.083%), 60.0121 fps against 60.0204 panel
<12>[   42.225551] pid351: fast mode: never used
<12>[   42.225568] pid351: audio: 1 xruns, core ring 1156..1586, codec low water 1772 frames (36.9 ms)
<12>[   42.225582] pid351: state: 0 saved, 0 loaded, 0 undone; last save 0 us on the frame, published 30 frames later in 0 us
<12>[   42.225596] pid351: power: backlight 833/1666, governor schedutil, 1296 MHz
<12>[   42.225611] pid351: power: 52% -> 52%, -213796 -> -455284 uA, 1296 MHz, temp 35.0 -> 46.3 peak 46.3 C
<12>[   42.225635] pid351: drain: 4988 uAh over 40.4 s = 445 mA, 3380 mAh pack -> 7.6 h from full, 4.0 h left at 52%
<12>[   42.225645] pid351: verdict:
<12>[   42.225656] pid351:   pacing   PASS  (late frames under 0.1%)
<12>[   42.225665] pid351:   audio    PASS  (no xrun after the first 5 s)
<12>[   42.225675] pid351:   ring     PASS  (never starved)
<12>[   42.225684] pid351:   thermal  PASS  (peak under 70 C)
