<6>[    0.000000] Booting Linux on physical CPU 0x0000000000 [0x410fd042]
<5>[    0.000000] Linux version 6.12.103 (dvh@hp) (aarch64-linux-gnu-gcc (Debian 14.2.0-19) 14.2.0, GNU ld (GNU Binutils for Debian) 2.44) #28 SMP PREEMPT Wed Aug 19 20:07:53 CEST 2026
<4>[    0.000000] KASLR disabled due to lack of seed
<6>[    0.000000] Machine model: Anbernic RG351P (pid351)
<6>[    0.000000] efi: UEFI not found.
<6>[    0.000000] OF: reserved mem: Reserved memory: No reserved-memory node in the DT
<6>[    0.000000] NUMA: Faking a node at [mem 0x0000000000200000-0x000000003fffffff]
<6>[    0.000000] NODE_DATA(0) allocated [mem 0x3fdc31c0-0x3fdc57ff]
<6>[    0.000000] Zone ranges:
<6>[    0.000000]   DMA      [mem 0x0000000000200000-0x000000003fffffff]
<6>[    0.000000]   DMA32    empty
<6>[    0.000000]   Normal   empty
<6>[    0.000000] Movable zone start for each node
<6>[    0.000000] Early memory node ranges
<6>[    0.000000]   node   0: [mem 0x0000000000200000-0x000000003fffffff]
<6>[    0.000000] Initmem setup node 0 [mem 0x0000000000200000-0x000000003fffffff]
<6>[    0.000000] On node 0, zone DMA: 512 pages in unavailable ranges
<6>[    0.000000] cma: Reserved 16 MiB at 0x000000003dc00000 on node -1
<6>[    0.000000] psci: probing for conduit method from DT.
<6>[    0.000000] psci: PSCIv1.1 detected in firmware.
<6>[    0.000000] psci: Using standard PSCI v0.2 function IDs
<6>[    0.000000] psci: MIGRATE_INFO_TYPE not supported.
<6>[    0.000000] psci: SMC Calling Convention v1.2
<6>[    0.000000] percpu: Embedded 22 pages/cpu s57504 r0 d32608 u90112
<7>[    0.000000] pcpu-alloc: s57504 r0 d32608 u90112 alloc=22*4096
<7>[    0.000000] pcpu-alloc: [0] 0 [0] 1 [0] 2 [0] 3 
<6>[    0.000000] Detected VIPT I-cache on CPU0
<6>[    0.000000] alternatives: applying boot alternatives
<5>[    0.000000] Kernel command line: console=ttyS2,1500000 console=tty0 quiet vt.global_cursor_default=0 fbcon=rotate:3 panic=5 cma=16M printk.devkmsg=on
<6>[    0.000000] Dentry cache hash table entries: 131072 (order: 8, 1048576 bytes, linear)
<6>[    0.000000] Inode-cache hash table entries: 65536 (order: 7, 524288 bytes, linear)
<6>[    0.000000] Fallback order for Node 0: 0 
<6>[    0.000000] Built 1 zonelists, mobility grouping on.  Total pages: 261632
<6>[    0.000000] Policy zone: DMA
<6>[    0.000000] mem auto-init: stack:all(zero), heap alloc:off, heap free:off
<6>[    0.000000] software IO TLB: SWIOTLB bounce buffer size adjusted to 0MB
<6>[    0.000000] software IO TLB: area num 4.
<6>[    0.000000] software IO TLB: mapped [mem 0x000000003da80000-0x000000003db80000] (1MB)
<6>[    0.000000] SLUB: HWalign=64, Order=0-3, MinObjects=0, CPUs=4, Nodes=1
<6>[    0.000000] rcu: Preemptible hierarchical RCU implementation.
<6>[    0.000000] rcu: 	RCU event tracing is enabled.
<6>[    0.000000] rcu: 	RCU restricting CPUs from NR_CPUS=512 to nr_cpu_ids=4.
<6>[    0.000000] 	Trampoline variant of Tasks RCU enabled.
<6>[    0.000000] 	Tracing variant of Tasks RCU enabled.
<6>[    0.000000] rcu: RCU calculated value of scheduler-enlistment delay is 25 jiffies.
<6>[    0.000000] rcu: Adjusting geometry for rcu_fanout_leaf=16, nr_cpu_ids=4
<6>[    0.000000] RCU Tasks: Setting shift to 2 and lim to 1 rcu_task_cb_adjust=1 rcu_task_cpu_ids=4.
<6>[    0.000000] RCU Tasks Trace: Setting shift to 2 and lim to 1 rcu_task_cb_adjust=1 rcu_task_cpu_ids=4.
<6>[    0.000000] NR_IRQS: 64, nr_irqs: 64, preallocated irqs: 0
<6>[    0.000000] Root IRQ handler: gic_handle_irq
<6>[    0.000000] GIC: Using split EOI/Deactivate mode
<6>[    0.000000] rcu: srcu_init: Setting srcu_struct sizes based on contention.
<6>[    0.000000] clocksource: jiffies: mask: 0xffffffff max_cycles: 0xffffffff, max_idle_ns: 7645041785100000 ns
<6>[    0.000000] arch_timer: cp15 timer(s) running at 24.00MHz (phys).
<6>[    0.000000] clocksource: arch_sys_counter: mask: 0xffffffffffffff max_cycles: 0x588fe9dc0, max_idle_ns: 440795202592 ns
<6>[    0.000002] sched_clock: 56 bits at 24MHz, resolution 41ns, wraps every 4398046511097ns
<6>[    0.001437] Console: colour dummy device 80x25
<6>[    0.001474] printk: legacy console [tty0] enabled
<6>[    0.001760] Calibrating delay loop (skipped), value calculated using timer frequency.. 48.00 BogoMIPS (lpj=96000)
<6>[    0.001798] pid_max: default: 32768 minimum: 301
<6>[    0.001960] LSM: initializing lsm=capability
<6>[    0.002132] Mount-cache hash table entries: 2048 (order: 2, 16384 bytes, linear)
<6>[    0.002166] Mountpoint-cache hash table entries: 2048 (order: 2, 16384 bytes, linear)
<4>[    0.004317] cacheinfo: Unable to detect cache hierarchy for CPU 0
<6>[    0.007246] rcu: Hierarchical SRCU implementation.
<6>[    0.007282] rcu: 	Max phase no-delay instances is 1000.
<6>[    0.007998] Timer migration: 1 hierarchy levels; 8 children per group; 1 crossnode level
<6>[    0.008972] EFI services will not be available.
<6>[    0.009663] smp: Bringing up secondary CPUs ...
<6>[    0.010913] Detected VIPT I-cache on CPU1
<6>[    0.011098] CPU1: Booted secondary processor 0x0000000001 [0x410fd042]
<6>[    0.012879] Detected VIPT I-cache on CPU2
<6>[    0.013064] CPU2: Booted secondary processor 0x0000000002 [0x410fd042]
<6>[    0.014685] Detected VIPT I-cache on CPU3
<6>[    0.014864] CPU3: Booted secondary processor 0x0000000003 [0x410fd042]
<6>[    0.015217] smp: Brought up 1 node, 4 CPUs
<6>[    0.015257] SMP: Total of 4 processors activated.
<6>[    0.015270] CPU: All CPU(s) started at EL2
<6>[    0.015341] CPU features: detected: 32-bit EL0 Support
<6>[    0.015354] CPU features: detected: 32-bit EL1 Support
<6>[    0.015372] CPU features: detected: CRC32 instructions
<6>[    0.015475] alternatives: applying system-wide alternatives
<6>[    0.018048] Memory: 972352K/1046528K available (15872K kernel code, 3132K rwdata, 7952K rodata, 3200K init, 1034K bss, 53216K reserved, 16384K cma-reserved)
<6>[    0.019558] devtmpfs: initialized
<6>[    0.038243] futex hash table entries: 1024 (order: 4, 65536 bytes, linear)
<6>[    0.040258] 24896 pages in range for non-PLT usage
<6>[    0.040296] 516416 pages in range for PLT usage
<6>[    0.040792] pinctrl core: initialized pinctrl subsystem
<6>[    0.042257] DMI not present or invalid.
<6>[    0.044586] DMA: preallocated 128 KiB GFP_KERNEL pool for atomic allocations
<6>[    0.044864] DMA: preallocated 128 KiB GFP_KERNEL|GFP_DMA pool for atomic allocations
<6>[    0.045210] DMA: preallocated 128 KiB GFP_KERNEL|GFP_DMA32 pool for atomic allocations
<6>[    0.048809] thermal_sys: Registered thermal governor 'step_wise'
<6>[    0.048841] thermal_sys: Registered thermal governor 'power_allocator'
<6>[    0.049025] cpuidle: using governor menu
<6>[    0.049653] hw-breakpoint: found 6 breakpoint and 4 watchpoint registers.
<6>[    0.049881] ASID allocator initialised with 65536 entries
<6>[    0.050434] Serial: AMBA PL011 UART driver
<6>[    0.072642] /dsi@ff450000: Fixed dependency cycle(s) with /dsi@ff450000/panel@0
<6>[    0.072978] /dsi@ff450000/panel@0: Fixed dependency cycle(s) with /dsi@ff450000
<6>[    0.073619] /dsi@ff450000: Fixed dependency cycle(s) with /vop@ff460000
<6>[    0.073773] /vop@ff460000: Fixed dependency cycle(s) with /dsi@ff450000
<4>[    0.094456] gpio gpiochip0: Static allocation of GPIO base is deprecated, use dynamic allocation.
<6>[    0.095228] rockchip-gpio ff040000.gpio: probed /pinctrl/gpio@ff040000
<4>[    0.096012] gpio gpiochip1: Static allocation of GPIO base is deprecated, use dynamic allocation.
<6>[    0.096487] rockchip-gpio ff250000.gpio: probed /pinctrl/gpio@ff250000
<4>[    0.097215] gpio gpiochip2: Static allocation of GPIO base is deprecated, use dynamic allocation.
<6>[    0.097640] rockchip-gpio ff260000.gpio: probed /pinctrl/gpio@ff260000
<4>[    0.098609] gpio gpiochip3: Static allocation of GPIO base is deprecated, use dynamic allocation.
<6>[    0.099080] rockchip-gpio ff270000.gpio: probed /pinctrl/gpio@ff270000
<6>[    0.105538] HugeTLB: registered 1.00 GiB page size, pre-allocated 0 pages
<6>[    0.105579] HugeTLB: 0 KiB vmemmap can be freed for a 1.00 GiB page
<6>[    0.105600] HugeTLB: registered 32.0 MiB page size, pre-allocated 0 pages
<6>[    0.105613] HugeTLB: 0 KiB vmemmap can be freed for a 32.0 MiB page
<6>[    0.105632] HugeTLB: registered 2.00 MiB page size, pre-allocated 0 pages
<6>[    0.105646] HugeTLB: 0 KiB vmemmap can be freed for a 2.00 MiB page
<6>[    0.105664] HugeTLB: registered 64.0 KiB page size, pre-allocated 0 pages
<6>[    0.105678] HugeTLB: 0 KiB vmemmap can be freed for a 64.0 KiB page
<6>[    0.110157] ACPI: Interpreter disabled.
<6>[    0.111820] iommu: Default domain type: Translated
<6>[    0.111859] iommu: DMA domain TLB invalidation policy: strict mode
<5>[    0.113372] SCSI subsystem initialized
<7>[    0.113908] libata version 3.00 loaded.
<6>[    0.114228] usbcore: registered new interface driver usbfs
<6>[    0.114297] usbcore: registered new interface driver hub
<6>[    0.114449] usbcore: registered new device driver usb
<6>[    0.116440] EDAC MC: Ver: 3.0.0
<6>[    0.117191] scmi_core: SCMI protocol bus registered
<6>[    0.118313] FPGA manager framework
<6>[    0.119060] Advanced Linux Sound Architecture Driver Initialized.
<6>[    0.119460] vgaarb: loaded
<6>[    0.120296] clocksource: Switched to clocksource arch_sys_counter
<5>[    0.120882] VFS: Disk quotas dquot_6.6.0
<6>[    0.120938] VFS: Dquot-cache hash table entries: 512 (order 0, 4096 bytes)
<6>[    0.121750] pnp: PnP ACPI: disabled
<6>[    0.139144] PCI: CLS 0 bytes, default 64
<6>[    0.149076] kvm [1]: nv: 554 coarse grained trap handlers
<6>[    0.150285] kvm [1]: IPA Size Limit: 40 bits
<6>[    0.154799] kvm [1]: vgic interrupt IRQ9
<6>[    0.154908] kvm [1]: Hyp nVHE mode initialized successfully
<6>[    0.159251] workingset: timestamp_bits=42 max_order=18 bucket_order=0
<6>[    0.160019] squashfs: version 4.0 (2009/01/31) Phillip Lougher
<6>[    0.160576] fuse: init (API version 7.41)
<6>[    0.323303] Block layer SCSI generic (bsg) driver version 0.4 loaded (major 244)
<6>[    0.323348] io scheduler mq-deadline registered
<6>[    0.323364] io scheduler kyber registered
<6>[    0.323458] io scheduler bfq registered
<6>[    0.339527] ledtrig-cpu: registered to indicate activity on CPUs
<6>[    0.351526] dma-pl330 ff240000.dma-controller: Loaded driver for PL330 DMAC-241330
<6>[    0.351575] dma-pl330 ff240000.dma-controller: 	DBUFF-128x8bytes Num_Chans-8 Num_Peri-32 Num_Events-16
<6>[    0.365715] Serial: 8250/16550 driver, 4 ports, IRQ sharing enabled
<6>[    0.370796] printk: legacy console [ttyS2] disabled
<6>[    0.371659] ff160000.serial: ttyS2 at MMIO 0xff160000 (irq = 22, base_baud = 1500000) is a 16550A
<6>[    0.371879] printk: legacy console [ttyS2] enabled
<6>[    0.382152] rockchip-vop ff460000.vop: Adding to iommu group 0
<6>[    0.386323] /dsi@ff450000: Fixed dependency cycle(s) with /dsi@ff450000/panel@0
<6>[    0.386518] /dsi@ff450000/panel@0: Fixed dependency cycle(s) with /dsi@ff450000
<6>[    0.418135] loop: module loaded
<6>[    0.420728] megasas: 07.727.03.00-rc1
<6>[    0.420921] mpt3sas version 48.100.00.00 loaded
<6>[    0.440696] VFIO - User Level meta-driver version: 0.3
<4>[    0.442527] rockchip-usb2phy ff2c0000.syscon:usb2phy@100: Requested PHY is disabled
<4>[    0.442622] dwc2 ff300000.usb: supply vusb_d not found, using dummy regulator
<4>[    0.442923] dwc2 ff300000.usb: supply vusb_a not found, using dummy regulator
<4>[    0.443172] dwc2 ff300000.usb: Configuration mismatch. dr_mode forced to host
<4>[    0.454836] rockchip-usb2phy ff2c0000.syscon:usb2phy@100: Requested PHY is disabled
<4>[    0.454879] rockchip-usb2phy ff2c0000.syscon:usb2phy@100: Requested PHY is disabled
<6>[    0.454903] dwc2 ff300000.usb: DWC OTG Controller
<6>[    0.454970] dwc2 ff300000.usb: new USB bus registered, assigned bus number 1
<6>[    0.455034] dwc2 ff300000.usb: irq 27, io mem 0xff300000
<6>[    0.457177] hub 1-0:1.0: USB hub found
<6>[    0.457272] hub 1-0:1.0: 1 port detected
<6>[    0.461323] usbcore: registered new interface driver cdc_acm
<6>[    0.461362] cdc_acm: USB Abstract Control Model driver for USB modems and ISDN adapters
<6>[    0.461455] usbcore: registered new interface driver usb-storage
<6>[    0.461645] usbcore: registered new interface driver cp210x
<6>[    0.461704] usbserial: USB Serial support registered for cp210x
<6>[    0.461775] usbcore: registered new interface driver ftdi_sio
<6>[    0.461829] usbserial: USB Serial support registered for FTDI USB Serial Device
<6>[    0.461925] usbcore: registered new interface driver option
<6>[    0.461980] usbserial: USB Serial support registered for GSM modem (1-port)
<6>[    0.462530] usbcore: registered new device driver onboard-usb-dev
<4>[    0.469167] pwm-vibrator vibrator: supply vcc not found, using dummy regulator
<6>[    0.469886] input: pwm-vibrator as /devices/platform/vibrator/input/input0
<6>[    0.473350] i2c_dev: i2c /dev entries driver
<6>[    0.510789] vcc_bl: Bringing 2800000uV into 3300000-3300000uV
<6>[    0.512852] vcc_lcd: Bringing 1800000uV into 2800000-2800000uV
<6>[    0.516094] usb_midu: Bringing 4700000uV into 5000000-5000000uV
<6>[    0.521604] input: rk805 pwrkey as /devices/platform/ff180000.i2c/i2c-0/0-0020/rk805-pwrkey.2.auto/input/input1
<6>[    0.527466] rk808-rtc rk808-rtc.3.auto: registered as rtc0
<6>[    0.528412] rk808-rtc rk808-rtc.3.auto: setting system clock to 2017-08-07T13:04:41 UTC (1502111081)
<4>[    0.547580] rockchip-thermal ff280000.tsadc: Missing tshut mode property, using default (cru)
<4>[    0.547630] rockchip-thermal ff280000.tsadc: Missing tshut-polarity property, using default (low)
<6>[    0.551793] device-mapper: ioctl: 4.48.0-ioctl (2023-03-01) initialised: dm-devel@lists.linux.dev
<6>[    0.554645] cpu cpu0: EM: created perf domain
<6>[    0.558877] sdhci: Secure Digital Host Controller Interface driver
<6>[    0.558906] sdhci: Copyright(c) Pierre Ossman
<6>[    0.559456] Synopsys Designware Multimedia Card Interface Driver
<6>[    0.560424] sdhci-pltfm: SDHCI platform and OF driver helper
<6>[    0.561358] dwmmc_rockchip ff370000.mmc: IDMAC supports 32-bit address mode.
<6>[    0.561429] dwmmc_rockchip ff370000.mmc: Using internal DMA controller.
<6>[    0.561446] dwmmc_rockchip ff370000.mmc: Version ID is 270a
<6>[    0.561544] dwmmc_rockchip ff370000.mmc: DW MMC controller at irq 55,32 bit host data width,256 deep fifo
<6>[    0.562553] dwmmc_rockchip ff370000.mmc: Got CD GPIO
<6>[    0.563109] SMCCC: SOC_ID: ARCH_SOC_ID not implemented, skipping ....
<6>[    0.564592] usbcore: registered new interface driver usbhid
<6>[    0.564623] usbhid: USB HID core driver
<4>[    0.572742] SPI driver st-magn-spi has no spi_device_id for st,lis3mdl-magn
<4>[    0.572774] SPI driver st-magn-spi has no spi_device_id for st,lsm303agr-magn
<4>[    0.572783] SPI driver st-magn-spi has no spi_device_id for st,lsm9ds1-magn
<4>[    0.572791] SPI driver st-magn-spi has no spi_device_id for st,lsm303c-magn
<6>[    0.575176] hw perfevents: enabled with armv8_cortex_a35 PMU driver, 7 (0,8000003f) counters available
<6>[    0.576973] mmc_host mmc0: Bus speed (slot 0) = 400000Hz (slot req 400000Hz, actual 400000HZ div = 0)
<6>[    0.578162]  cs_system_cfg: CoreSight Configuration manager initialised
<6>[    0.582108] gnss: GNSS driver registered with major 236
<6>[    0.617518] Demotion targets for Node 0: null
<6>[    0.635247] mmc_host mmc0: Bus speed (slot 0) = 50000000Hz (slot req 50000000Hz, actual 50000000HZ div = 0)
<6>[    0.635625] mmc0: new high speed SDHC card at address 0001
<6>[    0.637533] mmcblk0: mmc0:0001 00000 29.2 GiB
<6>[    0.641138]  mmcblk0: p1 p2
<6>[    0.652194] rockchip-drm display-subsystem: bound ff460000.vop (ops vop_component_ops)
<6>[    0.652874] rockchip-drm display-subsystem: bound ff450000.dsi (ops dw_mipi_dsi_rockchip_ops)
<6>[    0.654255] [drm] Initialized rockchip 1.0.0 for display-subsystem on minor 0
<6>[    0.744685] usb 1-1: new high-speed USB device number 2 using dwc2
<6>[    0.942276] hub 1-1:1.0: USB hub found
<6>[    0.942836] hub 1-1:1.0: 4 ports detected
<6>[    1.081725] Console: switching to colour frame buffer device 60x20
<6>[    1.100257] rockchip-drm display-subsystem: [drm] fb0: rockchipdrmfb frame buffer device
<6>[    1.127162] input: rk817_int Headphones as /devices/platform/rk817-sound/sound/card0/input2
<6>[    1.128801] clk: Disabling unused clocks
<6>[    1.129285] PM: genpd: Disabling unused power domains
<6>[    1.129360] ALSA device list:
<6>[    1.129370]   #0: rk817_int
<6>[    1.131737] Freeing unused kernel memory: 3200K
<6>[    1.131892] Run /init as init process
<7>[    1.131902]   with arguments:
<7>[    1.131908]     /init
<7>[    1.131915]   with environment:
<7>[    1.131921]     HOME=/
<7>[    1.131927]     TERM=linux
<12>[    1.135929] pid351: running as PID 1
<4>[    1.140189] FAT-fs (mmcblk0p1): Volume was not properly unmounted. Some data may be corrupt. Please run fsck.
<12>[    1.149361] pid351: playing /boot/pid351/roms/smb3.nes
<12>[    1.149689] pid351: connector 40, crtc 36, mode 320x480@60
<6>[    1.388782] usb 1-1.2: new full-speed USB device number 3 using dwc2
<6>[    1.487662] input: OpenSimHardware OSH PB Controller Keyboard as /devices/platform/ff300000.usb/usb1/1-1/1-1.2/1-1.2:1.0/0003:1209:3100.0001/input/input3
<6>[    1.541682] input: OpenSimHardware OSH PB Controller Mouse as /devices/platform/ff300000.usb/usb1/1-1/1-1.2/1-1.2:1.0/0003:1209:3100.0001/input/input4
<6>[    1.542756] input: OpenSimHardware OSH PB Controller as /devices/platform/ff300000.usb/usb1/1-1/1-1.2/1-1.2:1.0/0003:1209:3100.0001/input/input5
<6>[    1.543501] hid-generic 0003:1209:3100.0001: input: USB HID v1.11 Keyboard [OpenSimHardware OSH PB Controller] on usb-ff300000.usb-1.2/input0
<12>[    1.577201] pid351: pad on /dev/input/event5 (OpenSimHardware OSH PB Controller)
<12>[    1.577302] pid351: pad appeared after 60 ms
<12>[    1.577326] pid351: display up, rotating counter-clockwise
<12>[    1.585350] pid351: audio card 0 is "rk817int" driver "simple-card" (rk817_int)
<12>[    1.585444] pid351: audio "Playback Mux" = 0
<12>[    1.586487] pid351: audio "Master Playback Volume" = 255
<12>[    1.648812] pid351: audio jack /dev/input/event2 "rk817_int Headphones" reports headphones INSERTED
<12>[    1.817205] pid351: audio accepts channels     2 .. 8
<12>[    1.817262] pid351: audio accepts rate         8000 .. 96000
<12>[    1.817287] pid351: audio accepts period_size  4 .. 65536
<12>[    1.817311] pid351: audio accepts periods      2 .. 32768
<12>[    1.817334] pid351: audio accepts buffer_size  8 .. 131072
<12>[    1.824620] pid351: audio /dev/snd/pcmC0D0p: 48000 Hz, period 512, buffer 4096 (85.3 ms), 799 frames/video frame
<12>[    1.888664] pid351: first frame 256x224 pitch=512 (2.0 bytes/pixel)
<12>[    1.895159] pid351: core fceumm, 256x224, par 1.1429, 60.100 fps, 48000 Hz -> 48000 Hz (stretch -0.133%)
<5>[    3.504539] random: crng init done
<12>[    8.581670] pid351: fceumm 59.97 fps  emu 59.97 (1.00x)  frames=300  ring=1532  aud=2328 x1  scale=5519 blit=2846 us
<12>[   11.280387] 
<12>[   11.280424] pid351: ==== session report ====
<12>[   11.280467] pid351: exit (combo) 7.7 s, 462 panel frames, 462 emulated
<12>[   11.280480] pid351: normal frames (462 of 462, budget 16661 us):
<12>[   11.280672] pid351:   emu      p50   7252  p90   7309  p99   7769  max   9334 us   43.5% of frame
<12>[   11.280758] pid351:   scale    p50   3002  p90   3018  p99   3932  max   5519 us   18.0% of frame
<12>[   11.280819] pid351:   blit     p50   2108  p90   2227  p99   2524  max   2846 us   12.7% of frame
<12>[   11.280987] pid351:   busy     p50  12544  p90  12672  p99  13952  max  18068 us   75.3% of frame
<12>[   11.281010] pid351:   audio    p50     43  p90     45  p99    129  max    964 us    0.3% of frame
<12>[   11.281103] pid351:   vblank   p50   4008  p90   4230  p99   4422  max   4708 us   24.1% of frame
<12>[   11.281267] pid351:   latency  p50  30784  p90  31040  p99  31168  max  32151 us  184.8% of frame
<12>[   11.281430] pid351:   deadtime p50  14208  p90  14400  p99  14592  max  14786 us   85.3% of frame
<12>[   11.281449] pid351:   latency is pad read to the latching vblank; the panel then paints it over 16661 us more, none of that at the first pixel scanned and all of it at the last
<12>[   11.281472] pid351: pacing: 3 over budget of 462 normal frames (0.649%), 59.9878 fps against 60.0204 panel
<12>[   11.281485] pid351: fast mode: never used
<12>[   11.281503] pid351: audio: 1 xruns, core ring 1503..1586, codec low water 2016 frames (42.0 ms)
<12>[   11.281518] pid351: state: 0 saved, 0 loaded, 0 undone; last save 0 us on the frame, published 30 frames later in 0 us
<12>[   11.281531] pid351: power: backlight 833/1666, governor schedutil, 1296 MHz
<12>[   11.281547] pid351: power: 52% -> 52%, -223772 -> -464400 uA, 1296 MHz, temp 33.1 -> 41.3 peak 41.3 C
<12>[   11.281557] pid351: verdict:
<12>[   11.281567] pid351:   pacing   FAIL  (late frames under 0.1%)
<12>[   11.281577] pid351:   audio    PASS  (no xrun after the first 5 s)
<12>[   11.281587] pid351:   ring     PASS  (never starved)
<12>[   11.281597] pid351:   thermal  PASS  (peak under 70 C)
