<6>[    0.000000] Booting Linux on physical CPU 0x0000000000 [0x410fd042]
<5>[    0.000000] Linux version 6.12.103 (dvh@hp) (aarch64-linux-gnu-gcc (Debian 14.2.0-19) 14.2.0, GNU ld (GNU Binutils for Debian) 2.44) #30 SMP PREEMPT Wed Aug 19 20:37:11 CEST 2026
<4>[    0.000000] KASLR disabled due to lack of seed
<6>[    0.000000] Machine model: Anbernic RG351P (pid351)
<6>[    0.000000] efi: UEFI not found.
<6>[    0.000000] OF: reserved mem: Reserved memory: No reserved-memory node in the DT
<6>[    0.000000] NUMA: Faking a node at [mem 0x0000000000200000-0x000000003fffffff]
<6>[    0.000000] NODE_DATA(0) allocated [mem 0x3fdc31c0-0x3fdc57ff]
<6>[    0.000000] Zone ranges:
<6>[    0.000000]   DMA      [mem 0x0000000000200000-0x000000003fffffff]
<6>[    0.000000]   DMA32    empty
<6>[    0.000000]   Normal   empty
<6>[    0.000000] Movable zone start for each node
<6>[    0.000000] Early memory node ranges
<6>[    0.000000]   node   0: [mem 0x0000000000200000-0x000000003fffffff]
<6>[    0.000000] Initmem setup node 0 [mem 0x0000000000200000-0x000000003fffffff]
<6>[    0.000000] On node 0, zone DMA: 512 pages in unavailable ranges
<6>[    0.000000] cma: Reserved 16 MiB at 0x000000003dc00000 on node -1
<6>[    0.000000] psci: probing for conduit method from DT.
<6>[    0.000000] psci: PSCIv1.1 detected in firmware.
<6>[    0.000000] psci: Using standard PSCI v0.2 function IDs
<6>[    0.000000] psci: MIGRATE_INFO_TYPE not supported.
<6>[    0.000000] psci: SMC Calling Convention v1.2
<6>[    0.000000] percpu: Embedded 22 pages/cpu s57504 r0 d32608 u90112
<7>[    0.000000] pcpu-alloc: s57504 r0 d32608 u90112 alloc=22*4096
<7>[    0.000000] pcpu-alloc: [0] 0 [0] 1 [0] 2 [0] 3 
<6>[    0.000000] Detected VIPT I-cache on CPU0
<6>[    0.000000] alternatives: applying boot alternatives
<5>[    0.000000] Kernel command line: console=ttyS2,1500000 console=tty0 quiet vt.global_cursor_default=0 fbcon=rotate:3 panic=5 cma=16M printk.devkmsg=on
<6>[    0.000000] Dentry cache hash table entries: 131072 (order: 8, 1048576 bytes, linear)
<6>[    0.000000] Inode-cache hash table entries: 65536 (order: 7, 524288 bytes, linear)
<6>[    0.000000] Fallback order for Node 0: 0 
<6>[    0.000000] Built 1 zonelists, mobility grouping on.  Total pages: 261632
<6>[    0.000000] Policy zone: DMA
<6>[    0.000000] mem auto-init: stack:all(zero), heap alloc:off, heap free:off
<6>[    0.000000] software IO TLB: SWIOTLB bounce buffer size adjusted to 0MB
<6>[    0.000000] software IO TLB: area num 4.
<6>[    0.000000] software IO TLB: mapped [mem 0x000000003da80000-0x000000003db80000] (1MB)
<6>[    0.000000] SLUB: HWalign=64, Order=0-3, MinObjects=0, CPUs=4, Nodes=1
<6>[    0.000000] rcu: Preemptible hierarchical RCU implementation.
<6>[    0.000000] rcu: 	RCU event tracing is enabled.
<6>[    0.000000] rcu: 	RCU restricting CPUs from NR_CPUS=512 to nr_cpu_ids=4.
<6>[    0.000000] 	Trampoline variant of Tasks RCU enabled.
<6>[    0.000000] 	Tracing variant of Tasks RCU enabled.
<6>[    0.000000] rcu: RCU calculated value of scheduler-enlistment delay is 25 jiffies.
<6>[    0.000000] rcu: Adjusting geometry for rcu_fanout_leaf=16, nr_cpu_ids=4
<6>[    0.000000] RCU Tasks: Setting shift to 2 and lim to 1 rcu_task_cb_adjust=1 rcu_task_cpu_ids=4.
<6>[    0.000000] RCU Tasks Trace: Setting shift to 2 and lim to 1 rcu_task_cb_adjust=1 rcu_task_cpu_ids=4.
<6>[    0.000000] NR_IRQS: 64, nr_irqs: 64, preallocated irqs: 0
<6>[    0.000000] Root IRQ handler: gic_handle_irq
<6>[    0.000000] GIC: Using split EOI/Deactivate mode
<6>[    0.000000] rcu: srcu_init: Setting srcu_struct sizes based on contention.
<6>[    0.000000] clocksource: jiffies: mask: 0xffffffff max_cycles: 0xffffffff, max_idle_ns: 7645041785100000 ns
<6>[    0.000000] arch_timer: cp15 timer(s) running at 24.00MHz (phys).
<6>[    0.000000] clocksource: arch_sys_counter: mask: 0xffffffffffffff max_cycles: 0x588fe9dc0, max_idle_ns: 440795202592 ns
<6>[    0.000002] sched_clock: 56 bits at 24MHz, resolution 41ns, wraps every 4398046511097ns
<6>[    0.001432] Console: colour dummy device 80x25
<6>[    0.001469] printk: legacy console [tty0] enabled
<6>[    0.001749] Calibrating delay loop (skipped), value calculated using timer frequency.. 48.00 BogoMIPS (lpj=96000)
<6>[    0.001785] pid_max: default: 32768 minimum: 301
<6>[    0.001945] LSM: initializing lsm=capability
<6>[    0.002117] Mount-cache hash table entries: 2048 (order: 2, 16384 bytes, linear)
<6>[    0.002151] Mountpoint-cache hash table entries: 2048 (order: 2, 16384 bytes, linear)
<4>[    0.004303] cacheinfo: Unable to detect cache hierarchy for CPU 0
<6>[    0.007248] rcu: Hierarchical SRCU implementation.
<6>[    0.007284] rcu: 	Max phase no-delay instances is 1000.
<6>[    0.008001] Timer migration: 1 hierarchy levels; 8 children per group; 1 crossnode level
<6>[    0.008965] EFI services will not be available.
<6>[    0.009665] smp: Bringing up secondary CPUs ...
<6>[    0.010893] Detected VIPT I-cache on CPU1
<6>[    0.011078] CPU1: Booted secondary processor 0x0000000001 [0x410fd042]
<6>[    0.012860] Detected VIPT I-cache on CPU2
<6>[    0.013043] CPU2: Booted secondary processor 0x0000000002 [0x410fd042]
<6>[    0.014657] Detected VIPT I-cache on CPU3
<6>[    0.014835] CPU3: Booted secondary processor 0x0000000003 [0x410fd042]
<6>[    0.015189] smp: Brought up 1 node, 4 CPUs
<6>[    0.015230] SMP: Total of 4 processors activated.
<6>[    0.015243] CPU: All CPU(s) started at EL2
<6>[    0.015314] CPU features: detected: 32-bit EL0 Support
<6>[    0.015327] CPU features: detected: 32-bit EL1 Support
<6>[    0.015345] CPU features: detected: CRC32 instructions
<6>[    0.015446] alternatives: applying system-wide alternatives
<6>[    0.018021] Memory: 972352K/1046528K available (15872K kernel code, 3132K rwdata, 7952K rodata, 3200K init, 1034K bss, 53216K reserved, 16384K cma-reserved)
<6>[    0.019529] devtmpfs: initialized
<6>[    0.038230] futex hash table entries: 1024 (order: 4, 65536 bytes, linear)
<6>[    0.040388] 24896 pages in range for non-PLT usage
<6>[    0.040426] 516416 pages in range for PLT usage
<6>[    0.041089] pinctrl core: initialized pinctrl subsystem
<6>[    0.042423] DMI not present or invalid.
<6>[    0.045094] DMA: preallocated 128 KiB GFP_KERNEL pool for atomic allocations
<6>[    0.045978] DMA: preallocated 128 KiB GFP_KERNEL|GFP_DMA pool for atomic allocations
<6>[    0.047486] DMA: preallocated 128 KiB GFP_KERNEL|GFP_DMA32 pool for atomic allocations
<6>[    0.051095] thermal_sys: Registered thermal governor 'step_wise'
<6>[    0.051126] thermal_sys: Registered thermal governor 'power_allocator'
<6>[    0.051299] cpuidle: using governor menu
<6>[    0.051871] hw-breakpoint: found 6 breakpoint and 4 watchpoint registers.
<6>[    0.052102] ASID allocator initialised with 65536 entries
<6>[    0.053511] Serial: AMBA PL011 UART driver
<6>[    0.075563] /dsi@ff450000: Fixed dependency cycle(s) with /dsi@ff450000/panel@0
<6>[    0.075901] /dsi@ff450000/panel@0: Fixed dependency cycle(s) with /dsi@ff450000
<6>[    0.076573] /dsi@ff450000: Fixed dependency cycle(s) with /vop@ff460000
<6>[    0.076729] /vop@ff460000: Fixed dependency cycle(s) with /dsi@ff450000
<4>[    0.097239] gpio gpiochip0: Static allocation of GPIO base is deprecated, use dynamic allocation.
<6>[    0.098080] rockchip-gpio ff040000.gpio: probed /pinctrl/gpio@ff040000
<4>[    0.098886] gpio gpiochip1: Static allocation of GPIO base is deprecated, use dynamic allocation.
<6>[    0.099353] rockchip-gpio ff250000.gpio: probed /pinctrl/gpio@ff250000
<4>[    0.100204] gpio gpiochip2: Static allocation of GPIO base is deprecated, use dynamic allocation.
<6>[    0.100644] rockchip-gpio ff260000.gpio: probed /pinctrl/gpio@ff260000
<4>[    0.101492] gpio gpiochip3: Static allocation of GPIO base is deprecated, use dynamic allocation.
<6>[    0.101959] rockchip-gpio ff270000.gpio: probed /pinctrl/gpio@ff270000
<6>[    0.108519] HugeTLB: registered 1.00 GiB page size, pre-allocated 0 pages
<6>[    0.108560] HugeTLB: 0 KiB vmemmap can be freed for a 1.00 GiB page
<6>[    0.108581] HugeTLB: registered 32.0 MiB page size, pre-allocated 0 pages
<6>[    0.108595] HugeTLB: 0 KiB vmemmap can be freed for a 32.0 MiB page
<6>[    0.108612] HugeTLB: registered 2.00 MiB page size, pre-allocated 0 pages
<6>[    0.108626] HugeTLB: 0 KiB vmemmap can be freed for a 2.00 MiB page
<6>[    0.108645] HugeTLB: registered 64.0 KiB page size, pre-allocated 0 pages
<6>[    0.108658] HugeTLB: 0 KiB vmemmap can be freed for a 64.0 KiB page
<6>[    0.113446] ACPI: Interpreter disabled.
<6>[    0.114970] iommu: Default domain type: Translated
<6>[    0.115010] iommu: DMA domain TLB invalidation policy: strict mode
<5>[    0.116320] SCSI subsystem initialized
<7>[    0.116795] libata version 3.00 loaded.
<6>[    0.117122] usbcore: registered new interface driver usbfs
<6>[    0.117192] usbcore: registered new interface driver hub
<6>[    0.117271] usbcore: registered new device driver usb
<6>[    0.119268] EDAC MC: Ver: 3.0.0
<6>[    0.120063] scmi_core: SCMI protocol bus registered
<6>[    0.121187] FPGA manager framework
<6>[    0.121813] Advanced Linux Sound Architecture Driver Initialized.
<6>[    0.122216] vgaarb: loaded
<6>[    0.123060] clocksource: Switched to clocksource arch_sys_counter
<5>[    0.123707] VFS: Disk quotas dquot_6.6.0
<6>[    0.123828] VFS: Dquot-cache hash table entries: 512 (order 0, 4096 bytes)
<6>[    0.124631] pnp: PnP ACPI: disabled
<6>[    0.141935] PCI: CLS 0 bytes, default 64
<6>[    0.151808] kvm [1]: nv: 554 coarse grained trap handlers
<6>[    0.152999] kvm [1]: IPA Size Limit: 40 bits
<6>[    0.157504] kvm [1]: vgic interrupt IRQ9
<6>[    0.157604] kvm [1]: Hyp nVHE mode initialized successfully
<6>[    0.161967] workingset: timestamp_bits=42 max_order=18 bucket_order=0
<6>[    0.162743] squashfs: version 4.0 (2009/01/31) Phillip Lougher
<6>[    0.163322] fuse: init (API version 7.41)
<6>[    0.325830] Block layer SCSI generic (bsg) driver version 0.4 loaded (major 244)
<6>[    0.325874] io scheduler mq-deadline registered
<6>[    0.325891] io scheduler kyber registered
<6>[    0.325986] io scheduler bfq registered
<6>[    0.342149] ledtrig-cpu: registered to indicate activity on CPUs
<6>[    0.354207] dma-pl330 ff240000.dma-controller: Loaded driver for PL330 DMAC-241330
<6>[    0.354256] dma-pl330 ff240000.dma-controller: 	DBUFF-128x8bytes Num_Chans-8 Num_Peri-32 Num_Events-16
<6>[    0.367999] Serial: 8250/16550 driver, 4 ports, IRQ sharing enabled
<6>[    0.373044] printk: legacy console [ttyS2] disabled
<6>[    0.373910] ff160000.serial: ttyS2 at MMIO 0xff160000 (irq = 22, base_baud = 1500000) is a 16550A
<6>[    0.374128] printk: legacy console [ttyS2] enabled
<6>[    0.384536] rockchip-vop ff460000.vop: Adding to iommu group 0
<6>[    0.388693] /dsi@ff450000: Fixed dependency cycle(s) with /dsi@ff450000/panel@0
<6>[    0.388884] /dsi@ff450000/panel@0: Fixed dependency cycle(s) with /dsi@ff450000
<6>[    0.420687] loop: module loaded
<6>[    0.423145] megasas: 07.727.03.00-rc1
<6>[    0.423361] mpt3sas version 48.100.00.00 loaded
<6>[    0.443106] VFIO - User Level meta-driver version: 0.3
<4>[    0.444938] rockchip-usb2phy ff2c0000.syscon:usb2phy@100: Requested PHY is disabled
<4>[    0.445026] dwc2 ff300000.usb: supply vusb_d not found, using dummy regulator
<4>[    0.445349] dwc2 ff300000.usb: supply vusb_a not found, using dummy regulator
<4>[    0.445646] dwc2 ff300000.usb: Configuration mismatch. dr_mode forced to host
<4>[    0.457599] rockchip-usb2phy ff2c0000.syscon:usb2phy@100: Requested PHY is disabled
<4>[    0.457643] rockchip-usb2phy ff2c0000.syscon:usb2phy@100: Requested PHY is disabled
<6>[    0.457666] dwc2 ff300000.usb: DWC OTG Controller
<6>[    0.457721] dwc2 ff300000.usb: new USB bus registered, assigned bus number 1
<6>[    0.457785] dwc2 ff300000.usb: irq 27, io mem 0xff300000
<6>[    0.459697] hub 1-0:1.0: USB hub found
<6>[    0.459790] hub 1-0:1.0: 1 port detected
<6>[    0.463851] usbcore: registered new interface driver cdc_acm
<6>[    0.463891] cdc_acm: USB Abstract Control Model driver for USB modems and ISDN adapters
<6>[    0.463973] usbcore: registered new interface driver usb-storage
<6>[    0.464182] usbcore: registered new interface driver cp210x
<6>[    0.464244] usbserial: USB Serial support registered for cp210x
<6>[    0.464315] usbcore: registered new interface driver ftdi_sio
<6>[    0.464370] usbserial: USB Serial support registered for FTDI USB Serial Device
<6>[    0.464468] usbcore: registered new interface driver option
<6>[    0.464523] usbserial: USB Serial support registered for GSM modem (1-port)
<6>[    0.465100] usbcore: registered new device driver onboard-usb-dev
<4>[    0.471734] pwm-vibrator vibrator: supply vcc not found, using dummy regulator
<6>[    0.472413] input: pwm-vibrator as /devices/platform/vibrator/input/input0
<6>[    0.475867] i2c_dev: i2c /dev entries driver
<6>[    0.513396] vcc_bl: Bringing 2800000uV into 3300000-3300000uV
<6>[    0.515405] vcc_lcd: Bringing 1800000uV into 2800000-2800000uV
<6>[    0.518591] usb_midu: Bringing 4700000uV into 5000000-5000000uV
<6>[    0.524078] input: rk805 pwrkey as /devices/platform/ff180000.i2c/i2c-0/0-0020/rk805-pwrkey.2.auto/input/input1
<6>[    0.529910] rk808-rtc rk808-rtc.3.auto: registered as rtc0
<6>[    0.530836] rk808-rtc rk808-rtc.3.auto: setting system clock to 2017-08-07T14:45:01 UTC (1502117101)
<4>[    0.549981] rockchip-thermal ff280000.tsadc: Missing tshut mode property, using default (cru)
<4>[    0.550032] rockchip-thermal ff280000.tsadc: Missing tshut-polarity property, using default (low)
<6>[    0.554156] device-mapper: ioctl: 4.48.0-ioctl (2023-03-01) initialised: dm-devel@lists.linux.dev
<6>[    0.556987] cpu cpu0: EM: created perf domain
<6>[    0.562714] sdhci: Secure Digital Host Controller Interface driver
<6>[    0.562743] sdhci: Copyright(c) Pierre Ossman
<6>[    0.563493] Synopsys Designware Multimedia Card Interface Driver
<6>[    0.564458] sdhci-pltfm: SDHCI platform and OF driver helper
<6>[    0.565639] dwmmc_rockchip ff370000.mmc: IDMAC supports 32-bit address mode.
<6>[    0.565715] dwmmc_rockchip ff370000.mmc: Using internal DMA controller.
<6>[    0.565731] dwmmc_rockchip ff370000.mmc: Version ID is 270a
<6>[    0.565824] dwmmc_rockchip ff370000.mmc: DW MMC controller at irq 55,32 bit host data width,256 deep fifo
<6>[    0.566721] SMCCC: SOC_ID: ARCH_SOC_ID not implemented, skipping ....
<6>[    0.566859] dwmmc_rockchip ff370000.mmc: Got CD GPIO
<6>[    0.568460] usbcore: registered new interface driver usbhid
<6>[    0.568492] usbhid: USB HID core driver
<4>[    0.575897] SPI driver st-magn-spi has no spi_device_id for st,lis3mdl-magn
<4>[    0.575929] SPI driver st-magn-spi has no spi_device_id for st,lsm303agr-magn
<4>[    0.575937] SPI driver st-magn-spi has no spi_device_id for st,lsm9ds1-magn
<4>[    0.575945] SPI driver st-magn-spi has no spi_device_id for st,lsm303c-magn
<6>[    0.578212] hw perfevents: enabled with armv8_cortex_a35 PMU driver, 7 (0,8000003f) counters available
<6>[    0.580771]  cs_system_cfg: CoreSight Configuration manager initialised
<6>[    0.582574] mmc_host mmc0: Bus speed (slot 0) = 400000Hz (slot req 400000Hz, actual 400000HZ div = 0)
<6>[    0.584151] gnss: GNSS driver registered with major 236
<6>[    0.619733] Demotion targets for Node 0: null
<6>[    0.643019] mmc_host mmc0: Bus speed (slot 0) = 50000000Hz (slot req 50000000Hz, actual 50000000HZ div = 0)
<6>[    0.643475] mmc0: new high speed SDHC card at address 0001
<6>[    0.645062] mmcblk0: mmc0:0001 00000 29.2 GiB
<6>[    0.648754]  mmcblk0: p1 p2
<6>[    0.651563] rockchip-drm display-subsystem: bound ff460000.vop (ops vop_component_ops)
<6>[    0.652025] rockchip-drm display-subsystem: bound ff450000.dsi (ops dw_mipi_dsi_rockchip_ops)
<6>[    0.653400] [drm] Initialized rockchip 1.0.0 for display-subsystem on minor 0
<6>[    0.747479] usb 1-1: new high-speed USB device number 2 using dwc2
<6>[    0.945219] hub 1-1:1.0: USB hub found
<6>[    0.945769] hub 1-1:1.0: 4 ports detected
<6>[    1.080503] Console: switching to colour frame buffer device 60x20
<6>[    1.100144] rockchip-drm display-subsystem: [drm] fb0: rockchipdrmfb frame buffer device
<6>[    1.124890] input: rk817_int Headphones as /devices/platform/rk817-sound/sound/card0/input2
<6>[    1.126956] clk: Disabling unused clocks
<6>[    1.128984] PM: genpd: Disabling unused power domains
<6>[    1.129130] ALSA device list:
<6>[    1.129141]   #0: rk817_int
<6>[    1.131652] Freeing unused kernel memory: 3200K
<6>[    1.131808] Run /init as init process
<7>[    1.131817]   with arguments:
<7>[    1.131823]     /init
<7>[    1.131829]   with environment:
<7>[    1.131835]     HOME=/
<7>[    1.131842]     TERM=linux
<12>[    1.135736] pid351: running as PID 1
<4>[    1.141670] FAT-fs (mmcblk0p1): Volume was not properly unmounted. Some data may be corrupt. Please run fsck.
<12>[    1.151589] pid351: playing /boot/pid351/roms/smb3.nes
<12>[    1.151981] pid351: connector 40, crtc 36, mode 320x480@60
<6>[    1.383300] usb 1-1.2: new full-speed USB device number 3 using dwc2
<6>[    1.481693] input: OpenSimHardware OSH PB Controller Keyboard as /devices/platform/ff300000.usb/usb1/1-1/1-1.2/1-1.2:1.0/0003:1209:3100.0001/input/input3
<6>[    1.536272] input: OpenSimHardware OSH PB Controller Mouse as /devices/platform/ff300000.usb/usb1/1-1/1-1.2/1-1.2:1.0/0003:1209:3100.0001/input/input4
<6>[    1.537332] input: OpenSimHardware OSH PB Controller as /devices/platform/ff300000.usb/usb1/1-1/1-1.2/1-1.2:1.0/0003:1209:3100.0001/input/input5
<6>[    1.537977] hid-generic 0003:1209:3100.0001: input: USB HID v1.11 Keyboard [OpenSimHardware OSH PB Controller] on usb-ff300000.usb-1.2/input0
<12>[    1.667954] pid351: pad on /dev/input/event5 (OpenSimHardware OSH PB Controller)
<12>[    1.668057] pid351: pad appeared after 60 ms
<12>[    1.668083] pid351: display up, rotating counter-clockwise
<12>[    1.675450] pid351: audio card 0 is "rk817int" driver "simple-card" (rk817_int)
<12>[    1.675548] pid351: audio "Playback Mux" = 0
<12>[    1.677113] pid351: audio "Master Playback Volume" = 0
<12>[    1.747492] pid351: audio jack /dev/input/event2 "rk817_int Headphones" reports headphones INSERTED
<12>[    1.875956] pid351: audio accepts channels     2 .. 8
<12>[    1.876015] pid351: audio accepts rate         8000 .. 96000
<12>[    1.876040] pid351: audio accepts period_size  4 .. 65536
<12>[    1.876064] pid351: audio accepts periods      2 .. 32768
<12>[    1.876088] pid351: audio accepts buffer_size  8 .. 131072
<12>[    1.881180] pid351: audio /dev/snd/pcmC0D0p: 48000 Hz, period 512, buffer 4096 (85.3 ms), 799 frames/video frame
<12>[    1.961490] pid351: first frame 256x224 pitch=512 (2.0 bytes/pixel)
<12>[    1.970713] pid351: core fceumm, 256x224, par 1.1429, 60.100 fps, 48000 Hz -> 48000 Hz (stretch -0.133%)
<12>[    2.473315] pid351: audio "Master Playback Volume" = 8
<12>[    2.490091] pid351: audio "Master Playback Volume" = 17
<12>[    2.506256] pid351: audio "Master Playback Volume" = 25
<12>[    2.522738] pid351: audio "Master Playback Volume" = 34
<12>[    2.538661] pid351: audio "Master Playback Volume" = 42
<12>[    2.556402] pid351: audio "Master Playback Volume" = 51
<12>[    2.573138] pid351: audio "Master Playback Volume" = 59
<12>[    2.589621] pid351: audio "Master Playback Volume" = 68
<12>[    2.606254] pid351: audio "Master Playback Volume" = 76
<12>[    2.622946] pid351: audio "Master Playback Volume" = 85
<12>[    2.638470] pid351: audio "Master Playback Volume" = 93
<12>[    2.655227] pid351: audio "Master Playback Volume" = 102
<12>[    2.672704] pid351: audio "Master Playback Volume" = 110
<12>[    2.689511] pid351: audio "Master Playback Volume" = 119
<12>[    2.705738] pid351: audio "Master Playback Volume" = 127
<12>[    2.722024] pid351: audio "Master Playback Volume" = 136
<12>[    2.738646] pid351: audio "Master Playback Volume" = 144
<12>[    2.755916] pid351: audio "Master Playback Volume" = 153
<12>[    2.772907] pid351: audio "Master Playback Volume" = 161
<12>[    2.789476] pid351: audio "Master Playback Volume" = 170
<12>[    2.806302] pid351: audio "Master Playback Volume" = 178
<12>[    2.823005] pid351: audio "Master Playback Volume" = 187
<12>[    2.839641] pid351: audio "Master Playback Volume" = 195
<12>[    2.856261] pid351: audio "Master Playback Volume" = 204
<12>[    2.872996] pid351: audio "Master Playback Volume" = 212
<12>[    2.889482] pid351: audio "Master Playback Volume" = 221
<12>[    2.906015] pid351: audio "Master Playback Volume" = 229
<12>[    2.922309] pid351: audio "Master Playback Volume" = 238
<12>[    2.938776] pid351: audio "Master Playback Volume" = 246
<12>[    2.956012] pid351: audio "Master Playback Volume" = 255
<5>[    3.315320] random: crng init done
<12>[    3.605035] pid351: audio "Master Playback Volume" = 255
<12>[    6.031399] 
<12>[    6.031436] pid351: ==== session report ====
<12>[    6.031478] pid351: exit (combo) 2.4 s, 141 panel frames, 141 emulated
<12>[    6.031492] pid351: normal frames (141 of 141, budget 16661 us):
<12>[    6.031678] pid351:   emu      p50   7217  p90   7312  p99  12672  max  12947 us   43.3% of frame
<12>[    6.031777] pid351:   scale    p50   3004  p90   3027  p99   6390  max   7316 us   18.0% of frame
<12>[    6.031844] pid351:   blit     p50   2074  p90   2226  p99   3566  max   3593 us   12.4% of frame
<12>[    6.032014] pid351:   busy     p50  12480  p90  12672  p99  22848  max  25803 us   74.9% of frame
<12>[    6.032035] pid351:   audio    p50     43  p90     44  p99     72  max    675 us    0.3% of frame
<12>[    6.032129] pid351:   vblank   p50   4038  p90   4325  p99   4476  max   5341 us   24.2% of frame
<12>[    6.032292] pid351:   latency  p50  30848  p90  31104  p99  31232  max  40898 us  185.2% of frame
<12>[    6.032453] pid351:   deadtime p50  14272  p90  14464  p99  14592  max  14709 us   85.7% of frame
<12>[    6.032471] pid351:   latency is pad read to the latching vblank; the panel then paints it over 16661 us more, none of that at the first pixel scanned and all of it at the last
<12>[    6.032493] pid351: pacing: 3 over budget of 141 normal frames (2.128%), 59.7030 fps against 60.0204 panel
<12>[    6.032508] pid351: fast mode: never used
<12>[    6.032518] pid351: audio: NEVER OPENED - the ring figure below is the core talking to nothing
<12>[    6.032533] pid351: audio: 2 xruns, core ring 1560..1586, codec low water 0 frames (0.0 ms)
<12>[    6.032548] pid351: state: 0 saved, 0 loaded, 0 undone; last save 0 us on the frame, published 30 frames later in 0 us
<12>[    6.032562] pid351: power: backlight 833/1666, governor schedutil, 1296 MHz
<12>[    6.032577] pid351: power: 52% -> 52%, -219988 -> -219988 uA, 1296 MHz, temp 30.4 -> 37.2 peak 37.2 C
<12>[    6.032588] pid351: verdict:
<12>[    6.032598] pid351:   pacing   FAIL  (late frames under 0.1%)
<12>[    6.032608] pid351:   audio    FAIL  (no xrun after the first 5 s)
<12>[    6.032618] pid351:   ring     PASS  (never starved)
<12>[    6.032628] pid351:   thermal  PASS  (peak under 70 C)
