<6>[    0.000000] Booting Linux on physical CPU 0x0000000000 [0x410fd042]
<5>[    0.000000] Linux version 6.12.103 (dvh@hp) (aarch64-linux-gnu-gcc (Debian 14.2.0-19) 14.2.0, GNU ld (GNU Binutils for Debian) 2.44) #7 SMP PREEMPT Wed Aug 19 01:12:53 CEST 2026
<4>[    0.000000] KASLR disabled due to lack of seed
<6>[    0.000000] Machine model: Anbernic RG351P (pid351)
<6>[    0.000000] efi: UEFI not found.
<6>[    0.000000] OF: reserved mem: Reserved memory: No reserved-memory node in the DT
<6>[    0.000000] NUMA: Faking a node at [mem 0x0000000000200000-0x000000003fffffff]
<6>[    0.000000] NODE_DATA(0) allocated [mem 0x3fdc4300-0x3fdc693f]
<6>[    0.000000] Zone ranges:
<6>[    0.000000]   DMA      [mem 0x0000000000200000-0x000000003fffffff]
<6>[    0.000000]   DMA32    empty
<6>[    0.000000]   Normal   empty
<6>[    0.000000] Movable zone start for each node
<6>[    0.000000] Early memory node ranges
<6>[    0.000000]   node   0: [mem 0x0000000000200000-0x000000003fffffff]
<6>[    0.000000] Initmem setup node 0 [mem 0x0000000000200000-0x000000003fffffff]
<6>[    0.000000] On node 0, zone DMA: 512 pages in unavailable ranges
<6>[    0.000000] cma: Reserved 16 MiB at 0x000000003dc00000 on node -1
<6>[    0.000000] psci: probing for conduit method from DT.
<6>[    0.000000] psci: PSCIv1.1 detected in firmware.
<6>[    0.000000] psci: Using standard PSCI v0.2 function IDs
<6>[    0.000000] psci: MIGRATE_INFO_TYPE not supported.
<6>[    0.000000] psci: SMC Calling Convention v1.2
<6>[    0.000000] percpu: Embedded 22 pages/cpu s57504 r0 d32608 u90112
<7>[    0.000000] pcpu-alloc: s57504 r0 d32608 u90112 alloc=22*4096
<7>[    0.000000] pcpu-alloc: [0] 0 [0] 1 [0] 2 [0] 3 
<6>[    0.000000] Detected VIPT I-cache on CPU0
<6>[    0.000000] alternatives: applying boot alternatives
<5>[    0.000000] Kernel command line: console=ttyS2,1500000 console=tty0 panic=5 cma=16M printk.devkmsg=on
<6>[    0.000000] Dentry cache hash table entries: 131072 (order: 8, 1048576 bytes, linear)
<6>[    0.000000] Inode-cache hash table entries: 65536 (order: 7, 524288 bytes, linear)
<6>[    0.000000] Fallback order for Node 0: 0 
<6>[    0.000000] Built 1 zonelists, mobility grouping on.  Total pages: 261632
<6>[    0.000000] Policy zone: DMA
<6>[    0.000000] mem auto-init: stack:all(zero), heap alloc:off, heap free:off
<6>[    0.000000] software IO TLB: SWIOTLB bounce buffer size adjusted to 0MB
<6>[    0.000000] software IO TLB: area num 4.
<6>[    0.000000] software IO TLB: mapped [mem 0x000000003da80000-0x000000003db80000] (1MB)
<6>[    0.000000] SLUB: HWalign=64, Order=0-3, MinObjects=0, CPUs=4, Nodes=1
<6>[    0.000000] rcu: Preemptible hierarchical RCU implementation.
<6>[    0.000000] rcu: 	RCU event tracing is enabled.
<6>[    0.000000] rcu: 	RCU restricting CPUs from NR_CPUS=512 to nr_cpu_ids=4.
<6>[    0.000000] 	Trampoline variant of Tasks RCU enabled.
<6>[    0.000000] 	Tracing variant of Tasks RCU enabled.
<6>[    0.000000] rcu: RCU calculated value of scheduler-enlistment delay is 25 jiffies.
<6>[    0.000000] rcu: Adjusting geometry for rcu_fanout_leaf=16, nr_cpu_ids=4
<6>[    0.000000] RCU Tasks: Setting shift to 2 and lim to 1 rcu_task_cb_adjust=1 rcu_task_cpu_ids=4.
<6>[    0.000000] RCU Tasks Trace: Setting shift to 2 and lim to 1 rcu_task_cb_adjust=1 rcu_task_cpu_ids=4.
<6>[    0.000000] NR_IRQS: 64, nr_irqs: 64, preallocated irqs: 0
<6>[    0.000000] Root IRQ handler: gic_handle_irq
<6>[    0.000000] GIC: Using split EOI/Deactivate mode
<6>[    0.000000] rcu: srcu_init: Setting srcu_struct sizes based on contention.
<6>[    0.000000] clocksource: jiffies: mask: 0xffffffff max_cycles: 0xffffffff, max_idle_ns: 7645041785100000 ns
<6>[    0.000000] arch_timer: cp15 timer(s) running at 24.00MHz (phys).
<6>[    0.000000] clocksource: arch_sys_counter: mask: 0xffffffffffffff max_cycles: 0x588fe9dc0, max_idle_ns: 440795202592 ns
<6>[    0.000002] sched_clock: 56 bits at 24MHz, resolution 41ns, wraps every 4398046511097ns
<6>[    0.001826] Console: colour dummy device 80x25
<6>[    0.001864] printk: legacy console [tty0] enabled
<6>[    0.003112] Calibrating delay loop (skipped), value calculated using timer frequency.. 48.00 BogoMIPS (lpj=96000)
<6>[    0.003179] pid_max: default: 32768 minimum: 301
<6>[    0.003363] LSM: initializing lsm=capability
<6>[    0.003630] Mount-cache hash table entries: 2048 (order: 2, 16384 bytes, linear)
<6>[    0.003690] Mountpoint-cache hash table entries: 2048 (order: 2, 16384 bytes, linear)
<4>[    0.005784] cacheinfo: Unable to detect cache hierarchy for CPU 0
<6>[    0.008757] rcu: Hierarchical SRCU implementation.
<6>[    0.008828] rcu: 	Max phase no-delay instances is 1000.
<6>[    0.009435] Timer migration: 1 hierarchy levels; 8 children per group; 1 crossnode level
<6>[    0.010487] EFI services will not be available.
<6>[    0.011223] smp: Bringing up secondary CPUs ...
<6>[    0.012616] Detected VIPT I-cache on CPU1
<6>[    0.012805] CPU1: Booted secondary processor 0x0000000001 [0x410fd042]
<6>[    0.014433] Detected VIPT I-cache on CPU2
<6>[    0.014618] CPU2: Booted secondary processor 0x0000000002 [0x410fd042]
<6>[    0.016345] Detected VIPT I-cache on CPU3
<6>[    0.016532] CPU3: Booted secondary processor 0x0000000003 [0x410fd042]
<6>[    0.016876] smp: Brought up 1 node, 4 CPUs
<6>[    0.017052] SMP: Total of 4 processors activated.
<6>[    0.017081] CPU: All CPU(s) started at EL2
<6>[    0.017165] CPU features: detected: 32-bit EL0 Support
<6>[    0.017196] CPU features: detected: 32-bit EL1 Support
<6>[    0.017233] CPU features: detected: CRC32 instructions
<6>[    0.017356] alternatives: applying system-wide alternatives
<6>[    0.020018] Memory: 972484K/1046528K available (16192K kernel code, 3172K rwdata, 8240K rodata, 2496K init, 1036K bss, 53084K reserved, 16384K cma-reserved)
<6>[    0.021667] devtmpfs: initialized
<6>[    0.040996] futex hash table entries: 1024 (order: 4, 65536 bytes, linear)
<6>[    0.043125] 24928 pages in range for non-PLT usage
<6>[    0.043161] 516448 pages in range for PLT usage
<6>[    0.043683] pinctrl core: initialized pinctrl subsystem
<6>[    0.045204] DMI not present or invalid.
<6>[    0.047515] DMA: preallocated 128 KiB GFP_KERNEL pool for atomic allocations
<6>[    0.047881] DMA: preallocated 128 KiB GFP_KERNEL|GFP_DMA pool for atomic allocations
<6>[    0.048337] DMA: preallocated 128 KiB GFP_KERNEL|GFP_DMA32 pool for atomic allocations
<6>[    0.052042] thermal_sys: Registered thermal governor 'step_wise'
<6>[    0.052073] thermal_sys: Registered thermal governor 'power_allocator'
<6>[    0.052338] cpuidle: using governor menu
<6>[    0.052901] hw-breakpoint: found 6 breakpoint and 4 watchpoint registers.
<6>[    0.053174] ASID allocator initialised with 65536 entries
<6>[    0.053742] Serial: AMBA PL011 UART driver
<6>[    0.076259] /dsi@ff450000: Fixed dependency cycle(s) with /dsi@ff450000/panel@0
<6>[    0.076729] /dsi@ff450000/panel@0: Fixed dependency cycle(s) with /dsi@ff450000
<6>[    0.077470] /dsi@ff450000: Fixed dependency cycle(s) with /vop@ff460000
<6>[    0.077666] /vop@ff460000: Fixed dependency cycle(s) with /dsi@ff450000
<4>[    0.098250] gpio gpiochip0: Static allocation of GPIO base is deprecated, use dynamic allocation.
<6>[    0.099082] rockchip-gpio ff040000.gpio: probed /pinctrl/gpio@ff040000
<4>[    0.099904] gpio gpiochip1: Static allocation of GPIO base is deprecated, use dynamic allocation.
<6>[    0.100418] rockchip-gpio ff250000.gpio: probed /pinctrl/gpio@ff250000
<4>[    0.101302] gpio gpiochip2: Static allocation of GPIO base is deprecated, use dynamic allocation.
<6>[    0.101789] rockchip-gpio ff260000.gpio: probed /pinctrl/gpio@ff260000
<4>[    0.102693] gpio gpiochip3: Static allocation of GPIO base is deprecated, use dynamic allocation.
<6>[    0.103183] rockchip-gpio ff270000.gpio: probed /pinctrl/gpio@ff270000
<6>[    0.109517] HugeTLB: registered 1.00 GiB page size, pre-allocated 0 pages
<6>[    0.109593] HugeTLB: 0 KiB vmemmap can be freed for a 1.00 GiB page
<6>[    0.109633] HugeTLB: registered 32.0 MiB page size, pre-allocated 0 pages
<6>[    0.109666] HugeTLB: 0 KiB vmemmap can be freed for a 32.0 MiB page
<6>[    0.109702] HugeTLB: registered 2.00 MiB page size, pre-allocated 0 pages
<6>[    0.109735] HugeTLB: 0 KiB vmemmap can be freed for a 2.00 MiB page
<6>[    0.109771] HugeTLB: registered 64.0 KiB page size, pre-allocated 0 pages
<6>[    0.109806] HugeTLB: 0 KiB vmemmap can be freed for a 64.0 KiB page
<6>[    0.114597] ACPI: Interpreter disabled.
<6>[    0.116246] iommu: Default domain type: Translated
<6>[    0.116324] iommu: DMA domain TLB invalidation policy: strict mode
<5>[    0.117859] SCSI subsystem initialized
<7>[    0.118377] libata version 3.00 loaded.
<6>[    0.118717] usbcore: registered new interface driver usbfs
<6>[    0.118820] usbcore: registered new interface driver hub
<6>[    0.118920] usbcore: registered new device driver usb
<6>[    0.120230] pps_core: LinuxPPS API ver. 1 registered
<6>[    0.120277] pps_core: Software ver. 5.3.6 - Copyright 2005-2007 Rodolfo Giometti <giometti@linux.it>
<6>[    0.121226] EDAC MC: Ver: 3.0.0
<6>[    0.122027] scmi_core: SCMI protocol bus registered
<6>[    0.123180] FPGA manager framework
<6>[    0.123865] Advanced Linux Sound Architecture Driver Initialized.
<6>[    0.124580] vgaarb: loaded
<6>[    0.125463] clocksource: Switched to clocksource arch_sys_counter
<5>[    0.126087] VFS: Disk quotas dquot_6.6.0
<6>[    0.126166] VFS: Dquot-cache hash table entries: 512 (order 0, 4096 bytes)
<6>[    0.127019] pnp: PnP ACPI: disabled
<6>[    0.144927] PCI: CLS 0 bytes, default 64
<6>[    0.154522] kvm [1]: nv: 554 coarse grained trap handlers
<6>[    0.155720] kvm [1]: IPA Size Limit: 40 bits
<6>[    0.160439] kvm [1]: vgic interrupt IRQ9
<6>[    0.160572] kvm [1]: Hyp nVHE mode initialized successfully
<5>[    0.164362] Initialise system trusted keyrings
<6>[    0.165018] workingset: timestamp_bits=42 max_order=18 bucket_order=0
<6>[    0.165950] squashfs: version 4.0 (2009/01/31) Phillip Lougher
<6>[    0.166501] fuse: init (API version 7.41)
<5>[    0.328312] Key type asymmetric registered
<5>[    0.328391] Asymmetric key parser 'x509' registered
<6>[    0.328628] Block layer SCSI generic (bsg) driver version 0.4 loaded (major 243)
<6>[    0.328678] io scheduler mq-deadline registered
<6>[    0.328710] io scheduler kyber registered
<6>[    0.328846] io scheduler bfq registered
<6>[    0.345964] ledtrig-cpu: registered to indicate activity on CPUs
<6>[    0.358828] dma-pl330 ff240000.dma-controller: Loaded driver for PL330 DMAC-241330
<6>[    0.358919] dma-pl330 ff240000.dma-controller: 	DBUFF-128x8bytes Num_Chans-8 Num_Peri-32 Num_Events-16
<6>[    0.373355] Serial: 8250/16550 driver, 4 ports, IRQ sharing enabled
<6>[    0.378688] printk: legacy console [ttyS2] disabled
<6>[    0.379618] ff160000.serial: ttyS2 at MMIO 0xff160000 (irq = 22, base_baud = 1500000) is a 16550A
<6>[    0.379868] printk: legacy console [ttyS2] enabled
<6>[    0.471652] rockchip-vop ff460000.vop: Adding to iommu group 0
<6>[    0.476772] /dsi@ff450000: Fixed dependency cycle(s) with /dsi@ff450000/panel@0
<6>[    0.477708] /dsi@ff450000/panel@0: Fixed dependency cycle(s) with /dsi@ff450000
<6>[    0.511934] loop: module loaded
<6>[    0.515033] megasas: 07.727.03.00-rc1
<6>[    0.515593] mpt3sas version 48.100.00.00 loaded
<6>[    0.536379] VFIO - User Level meta-driver version: 0.3
<4>[    0.539179] rockchip-usb2phy ff2c0000.syscon:usb2phy@100: Requested PHY is disabled
<4>[    0.539988] dwc2 ff300000.usb: supply vusb_d not found, using dummy regulator
<4>[    0.540996] dwc2 ff300000.usb: supply vusb_a not found, using dummy regulator
<4>[    0.541983] dwc2 ff300000.usb: Configuration mismatch. dr_mode forced to host
<4>[    0.553287] rockchip-usb2phy ff2c0000.syscon:usb2phy@100: Requested PHY is disabled
<4>[    0.554115] rockchip-usb2phy ff2c0000.syscon:usb2phy@100: Requested PHY is disabled
<6>[    0.554842] dwc2 ff300000.usb: DWC OTG Controller
<6>[    0.555329] dwc2 ff300000.usb: new USB bus registered, assigned bus number 1
<6>[    0.556035] dwc2 ff300000.usb: irq 27, io mem 0xff300000
<6>[    0.558218] hub 1-0:1.0: USB hub found
<6>[    0.558674] hub 1-0:1.0: 1 port detected
<6>[    0.563342] usbcore: registered new interface driver cdc_acm
<6>[    0.563921] cdc_acm: USB Abstract Control Model driver for USB modems and ISDN adapters
<6>[    0.564730] usbcore: registered new interface driver usb-storage
<6>[    0.565585] usbcore: registered new interface driver cp210x
<6>[    0.566175] usbserial: USB Serial support registered for cp210x
<6>[    0.566791] usbcore: registered new interface driver ftdi_sio
<6>[    0.567373] usbserial: USB Serial support registered for FTDI USB Serial Device
<6>[    0.568158] usbcore: registered new interface driver option
<6>[    0.568723] usbserial: USB Serial support registered for GSM modem (1-port)
<6>[    0.570064] usbcore: registered new device driver onboard-usb-dev
<4>[    0.577557] pwm-vibrator vibrator: supply vcc not found, using dummy regulator
<6>[    0.578950] input: pwm-vibrator as /devices/platform/vibrator/input/input0
<6>[    0.583158] i2c_dev: i2c /dev entries driver
<6>[    0.620175] vcc_bl: Bringing 2800000uV into 3300000-3300000uV
<6>[    0.622678] vcc_lcd: Bringing 1800000uV into 2800000-2800000uV
<6>[    0.626364] usb_midu: Bringing 4700000uV into 5000000-5000000uV
<6>[    0.632238] input: rk805 pwrkey as /devices/platform/ff180000.i2c/i2c-0/0-0020/rk805-pwrkey.2.auto/input/input1
<6>[    0.639061] rk808-rtc rk808-rtc.3.auto: registered as rtc0
<6>[    0.640492] rk808-rtc rk808-rtc.3.auto: setting system clock to 2017-08-06T18:12:42 UTC (1502043162)
<4>[    0.660412] rockchip-thermal ff280000.tsadc: Missing tshut mode property, using default (cru)
<4>[    0.661259] rockchip-thermal ff280000.tsadc: Missing tshut-polarity property, using default (low)
<6>[    0.667316] device-mapper: ioctl: 4.48.0-ioctl (2023-03-01) initialised: dm-devel@lists.linux.dev
<6>[    0.671061] cpu cpu0: EM: created perf domain
<6>[    0.675730] sdhci: Secure Digital Host Controller Interface driver
<6>[    0.676335] sdhci: Copyright(c) Pierre Ossman
<6>[    0.677725] Synopsys Designware Multimedia Card Interface Driver
<6>[    0.679517] sdhci-pltfm: SDHCI platform and OF driver helper
<6>[    0.680564] dwmmc_rockchip ff370000.mmc: IDMAC supports 32-bit address mode.
<6>[    0.681280] dwmmc_rockchip ff370000.mmc: Using internal DMA controller.
<6>[    0.682001] dwmmc_rockchip ff370000.mmc: Version ID is 270a
<6>[    0.682427] SMCCC: SOC_ID: ARCH_SOC_ID not implemented, skipping ....
<6>[    0.682614] dwmmc_rockchip ff370000.mmc: DW MMC controller at irq 55,32 bit host data width,256 deep fifo
<6>[    0.684301] usbcore: registered new interface driver usbhid
<6>[    0.684833] usbhid: USB HID core driver
<6>[    0.684880] dwmmc_rockchip ff370000.mmc: Got CD GPIO
<4>[    0.692898] SPI driver st-magn-spi has no spi_device_id for st,lis3mdl-magn
<4>[    0.693630] SPI driver st-magn-spi has no spi_device_id for st,lsm303agr-magn
<4>[    0.694285] SPI driver st-magn-spi has no spi_device_id for st,lsm9ds1-magn
<4>[    0.694911] SPI driver st-magn-spi has no spi_device_id for st,lsm303c-magn
<6>[    0.698137] hw perfevents: enabled with armv8_cortex_a35 PMU driver, 7 (0,8000003f) counters available
<6>[    0.701674]  cs_system_cfg: CoreSight Configuration manager initialised
<6>[    0.702221] mmc_host mmc0: Bus speed (slot 0) = 400000Hz (slot req 400000Hz, actual 400000HZ div = 0)
<6>[    0.705712] gnss: GNSS driver registered with major 235
<5>[    0.740256] Loading compiled-in X.509 certificates
<6>[    0.749753] Demotion targets for Node 0: null
<6>[    0.765027] mmc_host mmc0: Bus speed (slot 0) = 50000000Hz (slot req 50000000Hz, actual 50000000HZ div = 0)
<6>[    0.766552] mmc0: new high speed SDHC card at address 0001
<6>[    0.768955] mmcblk0: mmc0:0001 00000 29.2 GiB
<6>[    0.774442]  mmcblk0: p1 p2
<6>[    0.781725] rockchip-drm display-subsystem: bound ff460000.vop (ops vop_component_ops)
<6>[    0.782930] rockchip-drm display-subsystem: bound ff450000.dsi (ops dw_mipi_dsi_rockchip_ops)
<6>[    0.785119] [drm] Initialized rockchip 1.0.0 for display-subsystem on minor 0
<6>[    0.845714] usb 1-1: new high-speed USB device number 2 using dwc2
<6>[    1.041868] hub 1-1:1.0: USB hub found
<6>[    1.042757] hub 1-1:1.0: 4 ports detected
<6>[    1.231560] Console: switching to colour frame buffer device 40x30
<6>[    1.285303] rockchip-drm display-subsystem: [drm] fb0: rockchipdrmfb frame buffer device
<6>[    1.317961] input: rk817_int Headphones as /devices/platform/rk817-sound/sound/card1/input2
<6>[    1.324267] clk: Disabling unused clocks
<6>[    1.327429] PM: genpd: Disabling unused power domains
<6>[    1.330278] ALSA device list:
<6>[    1.331737]   #0: Loopback 1
<6>[    1.333137]   #1: rk817_int
<6>[    1.336558] Freeing unused kernel memory: 2496K
<6>[    1.339388] Run /init as init process
<7>[    1.340867]   with arguments:
<7>[    1.340881]     /init
<7>[    1.340889]   with environment:
<7>[    1.340895]     HOME=/
<7>[    1.340901]     TERM=linux
<12>[    1.344763] pid351: running as PID 1
<12>[    1.346820] pid351: connector 40, crtc 36, mode 320x480@60
<6>[    1.577838] usb 1-1.2: new full-speed USB device number 3 using dwc2
<6>[    1.680003] input: OpenSimHardware OSH PB Controller Keyboard as /devices/platform/ff300000.usb/usb1/1-1/1-1.2/1-1.2:1.0/0003:1209:3100.0001/input/input3
<6>[    1.746733] input: OpenSimHardware OSH PB Controller Mouse as /devices/platform/ff300000.usb/usb1/1-1/1-1.2/1-1.2:1.0/0003:1209:3100.0001/input/input4
<6>[    1.757590] input: OpenSimHardware OSH PB Controller as /devices/platform/ff300000.usb/usb1/1-1/1-1.2/1-1.2:1.0/0003:1209:3100.0001/input/input5
<6>[    1.768793] hid-generic 0003:1209:3100.0001: input: USB HID v1.11 Keyboard [OpenSimHardware OSH PB Controller] on usb-ff300000.usb-1.2/input0
<12>[    1.834209] pid351: pad on /dev/input/event5 (OpenSimHardware OSH PB Controller)
<12>[    1.842487] pid351: pad appeared after 60 ms
<12>[    1.848310] pid351: display up, rotating counter-clockwise
<12>[    1.856220] pid351: before bench cpu_khz=600000 gov=schedutil gpu_hz=-1 temp_mc=35909 volt_uv=-1 curr_ua=-1 backlight=833
<12>[    1.870248] pid351: clock 152 ns per plat_now_us() over 20000 calls (vDSO if well under 1000 ns, a syscall trap if not); plat_now_us resolution is 1 us by construction
<12>[    1.932876] pid351: memory 300KB sequential, best of 5, us: scanout w=283 r=4164 rmw=4221   ram w=154 r=175 rmw=205   (scanout reads far above ram reads means write combined)
<12>[    1.940640] pid351: mode clock=17000 kHz htotal=584 vtotal=485 -> exact 60.019 Hz
<5>[    3.465559] random: crng init done
<12>[    6.943483] pid351: vblank measured over 300 flips: 60.025 Hz (frame budget 16659 us against our hardcoded 16661)
<12>[    6.952164] pid351: display properties
<12>[    6.957980] pid351:   connector 40:
<12>[    6.960791] pid351:     conn prop EDID                   = 0
<12>[    6.966826] pid351:     conn prop DPMS                   = 0  [0=On]  [1=Standby]  [2=Suspend]  [3=Off]
<12>[    6.975232] pid351:     conn prop link-status            = 0  [0=Good]  [1=Bad]
<12>[    6.981937] pid351:     conn prop non-desktop            = 0
<12>[    6.987099] pid351:     conn prop TILE                   = 0
<12>[    6.991935] pid351:     conn prop panel orientation      = 2  [0=Normal]  [1=Upside Down]  [2=Left Side Up]  [3=Right Side Up]
<12>[    6.999528] pid351:   crtc 36:
<12>[    7.001868] pid351:     crtc prop VRR_ENABLED            = 0
<12>[    7.006079] pid351:   plane 32 (crtc 36, possible_crtcs 0x1) formats: XR24 AR24 XB24 AB24 RG24 BG24 RG16 BG16 NV12 NV21 NV16 NV61 NV24 NV42
<12>[    7.015243] pid351:     plane prop type                   = 1  [0=Overlay]  [1=Primary]  [2=Cursor]
<12>[    7.022765] pid351:     plane prop IN_FORMATS             = 33
<12>[    7.027747] pid351:   plane 34 (crtc 0, possible_crtcs 0x1) formats: XR24 AR24 XB24 AB24 RG24 BG24 RG16 BG16
<12>[    7.032739] pid351:     plane prop type                   = 2  [0=Overlay]  [1=Primary]  [2=Cursor]
<12>[    7.037788] pid351:     plane prop IN_FORMATS             = 35
<12>[    7.043235] pid351:   plane 37 (crtc 0, possible_crtcs 0x1) formats: XR24 AR24 XB24 AB24 RG24 BG24 RG16 BG16
<12>[    7.052451] pid351:     plane prop type                   = 0  [0=Overlay]  [1=Primary]  [2=Cursor]
<12>[    7.057379] pid351:     plane prop IN_FORMATS             = 38
<12>[    7.198605] pid351: verify: 12 comparisons run, only mismatches printed
<12>[    7.201878] pid351: blit variants, 200 iterations each, into the real back buffer, no page flip (STAGED tile 64, ROW clamped to 32 rows)
<12>[    8.039120] pid351:   GBA      240x160 src   75KB  2.000x2.000   STRIDED  1600/ 1617   STAGED  1226/ 1285   ROW  1186/ 1211
<12>[    9.139774] pid351:   NES      256x240 src  120KB  1.875x1.333   STRIDED  2662/ 2716   STAGED  1244/ 1394   ROW  1272/ 1339
<12>[   10.209906] pid351:   SNES     256x224 src  112KB  1.875x1.429   STRIDED  2570/ 2617   STAGED  1304/ 1364   ROW  1249/ 1298
<12>[   11.158982] pid351:   GENESIS  320x224 src  140KB  1.500x1.429   STRIDED  1816/ 1877   STAGED  1336/ 1401   ROW  1240/ 1403
<12>[   12.537765] pid351:   NATIVE   480x320 src  300KB  1.000x1.000   STRIDED  2578/ 2666   STAGED  1466/ 1812   ROW  2311/ 2384
<12>[   13.351187] pid351:   PROBE    160x144 src   45KB  3.000x2.222   STRIDED  1579/ 1583   STAGED  1208/ 1257   ROW  1167/ 1175
<12>[   13.508779] pid351:   CONTROL  480x320 x1  src  300KB  153600 sourced px   LINEAR    701/  748   <- floor: same writes, sequential reads
<12>[   14.842146] pid351:   sweep 480x320 STAGED square tile   16: 2426/ 2500   32: 2237/ 2317   64: 1753/ 1808
<12>[   17.245612] pid351:   sweep 480x320 ROW full-width rows     4: 2333/ 2449    8: 2342/ 2433   16: 2248/ 2422   24: 2288/ 2360   32: 2171/ 2384
<12>[   17.252838] pid351: after bench  cpu_khz=1296000 gov=schedutil gpu_hz=-1 temp_mc=46818 volt_uv=-1 curr_ua=-1 backlight=833
<12>[   17.258605] pid351: fuel gauge census
<12>[   17.260820] pid351:  device tree, as the kernel sees it:
<12>[   17.266680] pid351:   /proc/device-tree/i2c@ff180000/pmic@20                         present
<12>[   17.272016] pid351:   /proc/device-tree/i2c@ff180000/pmic@20/charger                 present
<12>[   17.280029] pid351:   /proc/device-tree/i2c@ff180000/pmic@20/charger/monitored-battery present
<12>[   17.288210] pid351:   /proc/device-tree/battery                                      present
<12>[   17.293416] pid351:   /proc/device-tree/battery/compatible                           present
<12>[   17.297189] pid351:  platform devices matching rk8:
<12>[   17.300665] pid351:   rk817-codec.5.auto           <- driver bound
<12>[   17.307169] pid351:   rk817-sound                  <- driver bound
<12>[   17.310510] pid351:   rk808-rtc.3.auto             <- driver bound
<12>[   17.315273] pid351:   rk817-charger.6.auto         <- driver bound
<12>[   17.319381] pid351:   rk808-regulator.1.auto       <- driver bound
<12>[   17.323119] pid351:   rk805-pwrkey.2.auto          <- driver bound
<12>[   17.326429] pid351:   rk808-clkout.0.auto          <- driver bound
<12>[   17.332030] pid351:  power supplies:
<12>[   17.334709] pid351:   rk817-battery                
<12>[   17.337739] pid351:   rk817-charger                
<12>[   17.340315] pid351:  drivers matching rk8:
<12>[   17.345063] pid351:   rk805-pinctrl                
<12>[   17.348202] pid351:   rk817-codec                  
<12>[   17.352831] pid351:   rk805-pwrkey                 
<12>[   17.357707] pid351:   rk817-charger                
<12>[   17.361248] pid351:   rk808-regulator              
<12>[   17.364842] pid351:   rk808-rtc                    
<12>[   17.368420] pid351:   rk808-clkout                 
<6>[   31.709959] vcc_wifi: disabling
<12>[   52.404087] pid351: PHASE 1296         gov=- khz=1296000 extra=0 bl=833 window=29.0s fps=59.99 q -1->-1 uAh (35 samples, 0 steps)  implied=-1 uA  current_avg=-1 uA  volt=-1 uV  temp_mc=45909  blit=1644/1912  work_med=2735 us
<12>[   87.422588] pid351: PHASE 1200         gov=- khz=1200000 extra=0 bl=833 window=29.0s fps=59.99 q -1->-1 uAh (35 samples, 0 steps)  implied=-1 uA  current_avg=-1 uA  volt=-1 uV  temp_mc=45454  blit=1723/2009  work_med=2870 us
<12>[  122.440993] pid351: PHASE 1008         gov=- khz=1008000 extra=0 bl=833 window=29.0s fps=59.99 q -1->-1 uAh (35 samples, 0 steps)  implied=-1 uA  current_avg=-1 uA  volt=-1 uV  temp_mc=44545  blit=2126/2331  work_med=3275 us
<12>[  157.461024] pid351: PHASE 816          gov=- khz=816000 extra=0 bl=833 window=29.0s fps=59.99 q -1->-1 uAh (35 samples, 0 steps)  implied=-1 uA  current_avg=-1 uA  volt=-1 uV  temp_mc=42727  blit=2300/2596  work_med=3762 us
<12>[  192.484283] pid351: PHASE 600          gov=- khz=600000 extra=0 bl=833 window=29.0s fps=60.00 q -1->-1 uAh (35 samples, 0 steps)  implied=-1 uA  current_avg=-1 uA  volt=-1 uV  temp_mc=42272  blit=2995/3335  work_med=4828 us
<12>[  227.509967] pid351: PHASE 1296-again   gov=- khz=1296000 extra=0 bl=833 window=29.0s fps=59.99 q -1->-1 uAh (35 samples, 0 steps)  implied=-1 uA  current_avg=-1 uA  volt=-1 uV  temp_mc=47727  blit=1631/1913  work_med=2735 us
<12>[  227.518774] pid351: OPP SWEEP (current_avg uA, then charge-implied)
<12>[  227.521962] pid351:   1296              -1         -1   fps=59.99 work_med=2735 us
<12>[  227.525971] pid351:   1200              -1         -1   fps=59.99 work_med=2870 us
<12>[  227.530662] pid351:   1008              -1         -1   fps=59.99 work_med=3275 us
<12>[  227.535272] pid351:   816               -1         -1   fps=59.99 work_med=3762 us
<12>[  227.539881] pid351:   600               -1         -1   fps=60.00 work_med=4828 us
<12>[  227.543854] pid351:   1296-again        -1         -1   fps=59.99 work_med=2735 us
<12>[  227.547752] pid351:   trust current_avg over charge-implied: the coulomb counter only ticks every 6-7 s, which is four steps in a 29 s window and not enough to resolve 20 mA. The two 1296 phases bound the drift; anything smaller than their difference is noise, not a result.
<12>[  227.559378] pid351: after phases cpu_khz=1296000 gov=schedutil gpu_hz=-1 temp_mc=49090 volt_uv=-1 curr_ua=-1 backlight=833
<12>[  237.578742] pid351: t=10s frames=601 fps=60.02 n=256 blit=1619/1897/2160 life=1597/2160 draw=608/624/748 wait=12/14/23 cpu_khz=1296000 gov=schedutil gpu_hz=-1 temp_mc=49090 volt_uv=-1 curr_ua=-1 backlight=833
<12>[  247.592006] pid351: t=20s frames=1202 fps=60.02 n=256 blit=1651/1925/2110 life=1597/2177 draw=590/624/732 wait=3826/4798/5162 cpu_khz=1296000 gov=schedutil gpu_hz=-1 temp_mc=49090 volt_uv=-1 curr_ua=-1 backlight=833
<12>[  257.605357] pid351: t=30s frames=1803 fps=60.02 n=256 blit=1677/1932/2166 life=1597/2198 draw=596/624/731 wait=3957/4909/5237 cpu_khz=1296000 gov=schedutil gpu_hz=-1 temp_mc=50416 volt_uv=-1 curr_ua=-1 backlight=833
<12>[  267.618563] pid351: t=40s frames=2404 fps=60.02 n=256 blit=1677/1785/2088 life=1597/2198 draw=593/623/741 wait=3553/5029/5320 cpu_khz=1296000 gov=schedutil gpu_hz=-1 temp_mc=50416 volt_uv=-1 curr_ua=-1 backlight=833
<12>[  277.631710] pid351: t=50s frames=3005 fps=60.02 n=256 blit=1679/1924/2142 life=1597/2236 draw=591/624/720 wait=3625/5140/5395 cpu_khz=1296000 gov=schedutil gpu_hz=-1 temp_mc=50000 volt_uv=-1 curr_ua=-1 backlight=833
<12>[  287.645007] pid351: t=60s frames=3606 fps=60.03 n=256 blit=1676/1932/2139 life=1597/2240 draw=590/625/743 wait=4239/5228/5550 cpu_khz=1296000 gov=schedutil gpu_hz=-1 temp_mc=48636 volt_uv=-1 curr_ua=-1 backlight=833
<12>[  297.658310] pid351: t=70s frames=4207 fps=60.02 n=256 blit=1674/1926/2107 life=1597/2240 draw=592/624/727 wait=4324/5311/5634 cpu_khz=1296000 gov=schedutil gpu_hz=-1 temp_mc=49090 volt_uv=-1 curr_ua=-1 backlight=833
<12>[  301.807223] pid351: t=74s frames=4456 fps=60.02 n=256 blit=1679/1923/2253 life=1597/2253 draw=593/624/734 wait=19/5390/5733 cpu_khz=1296000 gov=schedutil gpu_hz=-1 temp_mc=49545 volt_uv=-1 curr_ua=-1 backlight=833
<12>[  301.816008] pid351: exit (combo) after 4456 frames, 60.02 fps
<4>[  301.901622] FAT-fs (mmcblk0p1): Volume was not properly unmounted. Some data may be corrupt. Please run fsck.
