<6>[    0.000000] Booting Linux on physical CPU 0x0000000000 [0x410fd042]
<5>[    0.000000] Linux version 6.12.103 (dvh@hp) (aarch64-linux-gnu-gcc (Debian 14.2.0-19) 14.2.0, GNU ld (GNU Binutils for Debian) 2.44) #10 SMP PREEMPT Wed Aug 19 13:00:33 CEST 2026
<4>[    0.000000] KASLR disabled due to lack of seed
<6>[    0.000000] Machine model: Anbernic RG351P (pid351)
<6>[    0.000000] efi: UEFI not found.
<6>[    0.000000] OF: reserved mem: Reserved memory: No reserved-memory node in the DT
<6>[    0.000000] NUMA: Faking a node at [mem 0x0000000000200000-0x000000003fffffff]
<6>[    0.000000] NODE_DATA(0) allocated [mem 0x3fdc4300-0x3fdc693f]
<6>[    0.000000] Zone ranges:
<6>[    0.000000]   DMA      [mem 0x0000000000200000-0x000000003fffffff]
<6>[    0.000000]   DMA32    empty
<6>[    0.000000]   Normal   empty
<6>[    0.000000] Movable zone start for each node
<6>[    0.000000] Early memory node ranges
<6>[    0.000000]   node   0: [mem 0x0000000000200000-0x000000003fffffff]
<6>[    0.000000] Initmem setup node 0 [mem 0x0000000000200000-0x000000003fffffff]
<6>[    0.000000] On node 0, zone DMA: 512 pages in unavailable ranges
<6>[    0.000000] cma: Reserved 16 MiB at 0x000000003dc00000 on node -1
<6>[    0.000000] psci: probing for conduit method from DT.
<6>[    0.000000] psci: PSCIv1.1 detected in firmware.
<6>[    0.000000] psci: Using standard PSCI v0.2 function IDs
<6>[    0.000000] psci: MIGRATE_INFO_TYPE not supported.
<6>[    0.000000] psci: SMC Calling Convention v1.2
<6>[    0.000000] percpu: Embedded 22 pages/cpu s57504 r0 d32608 u90112
<7>[    0.000000] pcpu-alloc: s57504 r0 d32608 u90112 alloc=22*4096
<7>[    0.000000] pcpu-alloc: [0] 0 [0] 1 [0] 2 [0] 3 
<6>[    0.000000] Detected VIPT I-cache on CPU0
<6>[    0.000000] alternatives: applying boot alternatives
<5>[    0.000000] Kernel command line: console=ttyS2,1500000 console=tty0 panic=5 cma=16M printk.devkmsg=on
<6>[    0.000000] Dentry cache hash table entries: 131072 (order: 8, 1048576 bytes, linear)
<6>[    0.000000] Inode-cache hash table entries: 65536 (order: 7, 524288 bytes, linear)
<6>[    0.000000] Fallback order for Node 0: 0 
<6>[    0.000000] Built 1 zonelists, mobility grouping on.  Total pages: 261632
<6>[    0.000000] Policy zone: DMA
<6>[    0.000000] mem auto-init: stack:all(zero), heap alloc:off, heap free:off
<6>[    0.000000] software IO TLB: SWIOTLB bounce buffer size adjusted to 0MB
<6>[    0.000000] software IO TLB: area num 4.
<6>[    0.000000] software IO TLB: mapped [mem 0x000000003da80000-0x000000003db80000] (1MB)
<6>[    0.000000] SLUB: HWalign=64, Order=0-3, MinObjects=0, CPUs=4, Nodes=1
<6>[    0.000000] rcu: Preemptible hierarchical RCU implementation.
<6>[    0.000000] rcu: 	RCU event tracing is enabled.
<6>[    0.000000] rcu: 	RCU restricting CPUs from NR_CPUS=512 to nr_cpu_ids=4.
<6>[    0.000000] 	Trampoline variant of Tasks RCU enabled.
<6>[    0.000000] 	Tracing variant of Tasks RCU enabled.
<6>[    0.000000] rcu: RCU calculated value of scheduler-enlistment delay is 25 jiffies.
<6>[    0.000000] rcu: Adjusting geometry for rcu_fanout_leaf=16, nr_cpu_ids=4
<6>[    0.000000] RCU Tasks: Setting shift to 2 and lim to 1 rcu_task_cb_adjust=1 rcu_task_cpu_ids=4.
<6>[    0.000000] RCU Tasks Trace: Setting shift to 2 and lim to 1 rcu_task_cb_adjust=1 rcu_task_cpu_ids=4.
<6>[    0.000000] NR_IRQS: 64, nr_irqs: 64, preallocated irqs: 0
<6>[    0.000000] Root IRQ handler: gic_handle_irq
<6>[    0.000000] GIC: Using split EOI/Deactivate mode
<6>[    0.000000] rcu: srcu_init: Setting srcu_struct sizes based on contention.
<6>[    0.000000] clocksource: jiffies: mask: 0xffffffff max_cycles: 0xffffffff, max_idle_ns: 7645041785100000 ns
<6>[    0.000000] arch_timer: cp15 timer(s) running at 24.00MHz (phys).
<6>[    0.000000] clocksource: arch_sys_counter: mask: 0xffffffffffffff max_cycles: 0x588fe9dc0, max_idle_ns: 440795202592 ns
<6>[    0.000002] sched_clock: 56 bits at 24MHz, resolution 41ns, wraps every 4398046511097ns
<6>[    0.001820] Console: colour dummy device 80x25
<6>[    0.001857] printk: legacy console [tty0] enabled
<6>[    0.003094] Calibrating delay loop (skipped), value calculated using timer frequency.. 48.00 BogoMIPS (lpj=96000)
<6>[    0.003161] pid_max: default: 32768 minimum: 301
<6>[    0.003341] LSM: initializing lsm=capability
<6>[    0.003531] Mount-cache hash table entries: 2048 (order: 2, 16384 bytes, linear)
<6>[    0.003665] Mountpoint-cache hash table entries: 2048 (order: 2, 16384 bytes, linear)
<4>[    0.005756] cacheinfo: Unable to detect cache hierarchy for CPU 0
<6>[    0.008715] rcu: Hierarchical SRCU implementation.
<6>[    0.008786] rcu: 	Max phase no-delay instances is 1000.
<6>[    0.009398] Timer migration: 1 hierarchy levels; 8 children per group; 1 crossnode level
<6>[    0.010468] EFI services will not be available.
<6>[    0.011200] smp: Bringing up secondary CPUs ...
<6>[    0.012604] Detected VIPT I-cache on CPU1
<6>[    0.012792] CPU1: Booted secondary processor 0x0000000001 [0x410fd042]
<6>[    0.014396] Detected VIPT I-cache on CPU2
<6>[    0.014581] CPU2: Booted secondary processor 0x0000000002 [0x410fd042]
<6>[    0.016307] Detected VIPT I-cache on CPU3
<6>[    0.016496] CPU3: Booted secondary processor 0x0000000003 [0x410fd042]
<6>[    0.016844] smp: Brought up 1 node, 4 CPUs
<6>[    0.017015] SMP: Total of 4 processors activated.
<6>[    0.017045] CPU: All CPU(s) started at EL2
<6>[    0.017129] CPU features: detected: 32-bit EL0 Support
<6>[    0.017161] CPU features: detected: 32-bit EL1 Support
<6>[    0.017196] CPU features: detected: CRC32 instructions
<6>[    0.017317] alternatives: applying system-wide alternatives
<6>[    0.019976] Memory: 971716K/1046528K available (16192K kernel code, 3172K rwdata, 8240K rodata, 3264K init, 1036K bss, 53852K reserved, 16384K cma-reserved)
<6>[    0.021621] devtmpfs: initialized
<6>[    0.040964] futex hash table entries: 1024 (order: 4, 65536 bytes, linear)
<6>[    0.043081] 24736 pages in range for non-PLT usage
<6>[    0.043115] 516256 pages in range for PLT usage
<6>[    0.043641] pinctrl core: initialized pinctrl subsystem
<6>[    0.045143] DMI not present or invalid.
<6>[    0.047450] DMA: preallocated 128 KiB GFP_KERNEL pool for atomic allocations
<6>[    0.047809] DMA: preallocated 128 KiB GFP_KERNEL|GFP_DMA pool for atomic allocations
<6>[    0.048297] DMA: preallocated 128 KiB GFP_KERNEL|GFP_DMA32 pool for atomic allocations
<6>[    0.052019] thermal_sys: Registered thermal governor 'step_wise'
<6>[    0.052050] thermal_sys: Registered thermal governor 'power_allocator'
<6>[    0.052314] cpuidle: using governor menu
<6>[    0.052879] hw-breakpoint: found 6 breakpoint and 4 watchpoint registers.
<6>[    0.053143] ASID allocator initialised with 65536 entries
<6>[    0.053710] Serial: AMBA PL011 UART driver
<6>[    0.076269] /dsi@ff450000: Fixed dependency cycle(s) with /dsi@ff450000/panel@0
<6>[    0.076745] /dsi@ff450000/panel@0: Fixed dependency cycle(s) with /dsi@ff450000
<6>[    0.077485] /dsi@ff450000: Fixed dependency cycle(s) with /vop@ff460000
<6>[    0.077671] /vop@ff460000: Fixed dependency cycle(s) with /dsi@ff450000
<4>[    0.098233] gpio gpiochip0: Static allocation of GPIO base is deprecated, use dynamic allocation.
<6>[    0.099060] rockchip-gpio ff040000.gpio: probed /pinctrl/gpio@ff040000
<4>[    0.099877] gpio gpiochip1: Static allocation of GPIO base is deprecated, use dynamic allocation.
<6>[    0.100389] rockchip-gpio ff250000.gpio: probed /pinctrl/gpio@ff250000
<4>[    0.101270] gpio gpiochip2: Static allocation of GPIO base is deprecated, use dynamic allocation.
<6>[    0.101760] rockchip-gpio ff260000.gpio: probed /pinctrl/gpio@ff260000
<4>[    0.102664] gpio gpiochip3: Static allocation of GPIO base is deprecated, use dynamic allocation.
<6>[    0.103142] rockchip-gpio ff270000.gpio: probed /pinctrl/gpio@ff270000
<6>[    0.109489] HugeTLB: registered 1.00 GiB page size, pre-allocated 0 pages
<6>[    0.109566] HugeTLB: 0 KiB vmemmap can be freed for a 1.00 GiB page
<6>[    0.109608] HugeTLB: registered 32.0 MiB page size, pre-allocated 0 pages
<6>[    0.109640] HugeTLB: 0 KiB vmemmap can be freed for a 32.0 MiB page
<6>[    0.109677] HugeTLB: registered 2.00 MiB page size, pre-allocated 0 pages
<6>[    0.109711] HugeTLB: 0 KiB vmemmap can be freed for a 2.00 MiB page
<6>[    0.109749] HugeTLB: registered 64.0 KiB page size, pre-allocated 0 pages
<6>[    0.109782] HugeTLB: 0 KiB vmemmap can be freed for a 64.0 KiB page
<6>[    0.114555] ACPI: Interpreter disabled.
<6>[    0.116150] iommu: Default domain type: Translated
<6>[    0.116225] iommu: DMA domain TLB invalidation policy: strict mode
<5>[    0.117709] SCSI subsystem initialized
<7>[    0.118246] libata version 3.00 loaded.
<6>[    0.118579] usbcore: registered new interface driver usbfs
<6>[    0.118681] usbcore: registered new interface driver hub
<6>[    0.118778] usbcore: registered new device driver usb
<6>[    0.120213] pps_core: LinuxPPS API ver. 1 registered
<6>[    0.120265] pps_core: Software ver. 5.3.6 - Copyright 2005-2007 Rodolfo Giometti <giometti@linux.it>
<6>[    0.121168] EDAC MC: Ver: 3.0.0
<6>[    0.121982] scmi_core: SCMI protocol bus registered
<6>[    0.123127] FPGA manager framework
<6>[    0.123893] Advanced Linux Sound Architecture Driver Initialized.
<6>[    0.124799] vgaarb: loaded
<6>[    0.125683] clocksource: Switched to clocksource arch_sys_counter
<5>[    0.126313] VFS: Disk quotas dquot_6.6.0
<6>[    0.126396] VFS: Dquot-cache hash table entries: 512 (order 0, 4096 bytes)
<6>[    0.127265] pnp: PnP ACPI: disabled
<6>[    0.145068] PCI: CLS 0 bytes, default 64
<6>[    0.154650] kvm [1]: nv: 554 coarse grained trap handlers
<6>[    0.155847] kvm [1]: IPA Size Limit: 40 bits
<6>[    0.160548] kvm [1]: vgic interrupt IRQ9
<6>[    0.160682] kvm [1]: Hyp nVHE mode initialized successfully
<5>[    0.164425] Initialise system trusted keyrings
<6>[    0.165049] workingset: timestamp_bits=42 max_order=18 bucket_order=0
<6>[    0.165951] squashfs: version 4.0 (2009/01/31) Phillip Lougher
<6>[    0.166514] fuse: init (API version 7.41)
<5>[    0.328783] Key type asymmetric registered
<5>[    0.328869] Asymmetric key parser 'x509' registered
<6>[    0.329146] Block layer SCSI generic (bsg) driver version 0.4 loaded (major 243)
<6>[    0.329197] io scheduler mq-deadline registered
<6>[    0.329229] io scheduler kyber registered
<6>[    0.329340] io scheduler bfq registered
<6>[    0.346472] ledtrig-cpu: registered to indicate activity on CPUs
<6>[    0.359385] dma-pl330 ff240000.dma-controller: Loaded driver for PL330 DMAC-241330
<6>[    0.359475] dma-pl330 ff240000.dma-controller: 	DBUFF-128x8bytes Num_Chans-8 Num_Peri-32 Num_Events-16
<6>[    0.373354] Serial: 8250/16550 driver, 4 ports, IRQ sharing enabled
<6>[    0.378675] printk: legacy console [ttyS2] disabled
<6>[    0.379598] ff160000.serial: ttyS2 at MMIO 0xff160000 (irq = 22, base_baud = 1500000) is a 16550A
<6>[    0.379851] printk: legacy console [ttyS2] enabled
<6>[    0.472021] rockchip-vop ff460000.vop: Adding to iommu group 0
<6>[    0.477126] /dsi@ff450000: Fixed dependency cycle(s) with /dsi@ff450000/panel@0
<6>[    0.478080] /dsi@ff450000/panel@0: Fixed dependency cycle(s) with /dsi@ff450000
<6>[    0.512122] loop: module loaded
<6>[    0.515234] megasas: 07.727.03.00-rc1
<6>[    0.515842] mpt3sas version 48.100.00.00 loaded
<6>[    0.537444] VFIO - User Level meta-driver version: 0.3
<4>[    0.540161] rockchip-usb2phy ff2c0000.syscon:usb2phy@100: Requested PHY is disabled
<4>[    0.540964] dwc2 ff300000.usb: supply vusb_d not found, using dummy regulator
<4>[    0.541995] dwc2 ff300000.usb: supply vusb_a not found, using dummy regulator
<4>[    0.542956] dwc2 ff300000.usb: Configuration mismatch. dr_mode forced to host
<4>[    0.554193] rockchip-usb2phy ff2c0000.syscon:usb2phy@100: Requested PHY is disabled
<4>[    0.554945] rockchip-usb2phy ff2c0000.syscon:usb2phy@100: Requested PHY is disabled
<6>[    0.555666] dwc2 ff300000.usb: DWC OTG Controller
<6>[    0.556152] dwc2 ff300000.usb: new USB bus registered, assigned bus number 1
<6>[    0.556854] dwc2 ff300000.usb: irq 27, io mem 0xff300000
<6>[    0.559335] hub 1-0:1.0: USB hub found
<6>[    0.559798] hub 1-0:1.0: 1 port detected
<6>[    0.564821] usbcore: registered new interface driver cdc_acm
<6>[    0.565399] cdc_acm: USB Abstract Control Model driver for USB modems and ISDN adapters
<6>[    0.566346] usbcore: registered new interface driver usb-storage
<6>[    0.567095] usbcore: registered new interface driver cp210x
<6>[    0.567667] usbserial: USB Serial support registered for cp210x
<6>[    0.568281] usbcore: registered new interface driver ftdi_sio
<6>[    0.568859] usbserial: USB Serial support registered for FTDI USB Serial Device
<6>[    0.569731] usbcore: registered new interface driver option
<6>[    0.570317] usbserial: USB Serial support registered for GSM modem (1-port)
<6>[    0.571610] usbcore: registered new device driver onboard-usb-dev
<4>[    0.579147] pwm-vibrator vibrator: supply vcc not found, using dummy regulator
<6>[    0.580521] input: pwm-vibrator as /devices/platform/vibrator/input/input0
<6>[    0.585234] i2c_dev: i2c /dev entries driver
<6>[    0.622274] vcc_bl: Bringing 2800000uV into 3300000-3300000uV
<6>[    0.624731] vcc_lcd: Bringing 1800000uV into 2800000-2800000uV
<6>[    0.628415] usb_midu: Bringing 4700000uV into 5000000-5000000uV
<6>[    0.634329] input: rk805 pwrkey as /devices/platform/ff180000.i2c/i2c-0/0-0020/rk805-pwrkey.2.auto/input/input1
<6>[    0.641008] rk808-rtc rk808-rtc.3.auto: registered as rtc0
<6>[    0.642442] rk808-rtc rk808-rtc.3.auto: setting system clock to 2017-08-07T07:10:04 UTC (1502089804)
<4>[    0.662488] rockchip-thermal ff280000.tsadc: Missing tshut mode property, using default (cru)
<4>[    0.663333] rockchip-thermal ff280000.tsadc: Missing tshut-polarity property, using default (low)
<6>[    0.668351] device-mapper: ioctl: 4.48.0-ioctl (2023-03-01) initialised: dm-devel@lists.linux.dev
<6>[    0.672054] cpu cpu0: EM: created perf domain
<6>[    0.676399] sdhci: Secure Digital Host Controller Interface driver
<6>[    0.676999] sdhci: Copyright(c) Pierre Ossman
<6>[    0.678194] Synopsys Designware Multimedia Card Interface Driver
<6>[    0.679688] sdhci-pltfm: SDHCI platform and OF driver helper
<6>[    0.680782] dwmmc_rockchip ff370000.mmc: IDMAC supports 32-bit address mode.
<6>[    0.681496] dwmmc_rockchip ff370000.mmc: Using internal DMA controller.
<6>[    0.682182] dwmmc_rockchip ff370000.mmc: Version ID is 270a
<6>[    0.682679] SMCCC: SOC_ID: ARCH_SOC_ID not implemented, skipping ....
<6>[    0.682798] dwmmc_rockchip ff370000.mmc: DW MMC controller at irq 55,32 bit host data width,256 deep fifo
<6>[    0.684495] usbcore: registered new interface driver usbhid
<6>[    0.685024] usbhid: USB HID core driver
<6>[    0.685082] dwmmc_rockchip ff370000.mmc: Got CD GPIO
<4>[    0.691561] SPI driver st-magn-spi has no spi_device_id for st,lis3mdl-magn
<4>[    0.692231] SPI driver st-magn-spi has no spi_device_id for st,lsm303agr-magn
<4>[    0.692870] SPI driver st-magn-spi has no spi_device_id for st,lsm9ds1-magn
<4>[    0.693494] SPI driver st-magn-spi has no spi_device_id for st,lsm303c-magn
<6>[    0.696679] hw perfevents: enabled with armv8_cortex_a35 PMU driver, 7 (0,8000003f) counters available
<6>[    0.700169]  cs_system_cfg: CoreSight Configuration manager initialised
<6>[    0.701131] mmc_host mmc0: Bus speed (slot 0) = 400000Hz (slot req 400000Hz, actual 400000HZ div = 0)
<6>[    0.704316] gnss: GNSS driver registered with major 235
<5>[    0.739276] Loading compiled-in X.509 certificates
<6>[    0.748629] Demotion targets for Node 0: null
<6>[    0.764002] mmc_host mmc0: Bus speed (slot 0) = 50000000Hz (slot req 50000000Hz, actual 50000000HZ div = 0)
<6>[    0.765120] mmc0: new high speed SDHC card at address 0001
<6>[    0.767572] mmcblk0: mmc0:0001 00000 29.2 GiB
<6>[    0.772324]  mmcblk0: p1 p2
<6>[    0.780406] rockchip-drm display-subsystem: bound ff460000.vop (ops vop_component_ops)
<6>[    0.781601] rockchip-drm display-subsystem: bound ff450000.dsi (ops dw_mipi_dsi_rockchip_ops)
<6>[    0.783741] [drm] Initialized rockchip 1.0.0 for display-subsystem on minor 0
<6>[    0.845742] usb 1-1: new high-speed USB device number 2 using dwc2
<6>[    1.042850] hub 1-1:1.0: USB hub found
<6>[    1.043215] hub 1-1:1.0: 4 ports detected
<6>[    1.246714] Console: switching to colour frame buffer device 40x30
<6>[    1.300094] rockchip-drm display-subsystem: [drm] fb0: rockchipdrmfb frame buffer device
<6>[    1.345118] input: rk817_int Headphones as /devices/platform/rk817-sound/sound/card1/input2
<6>[    1.356353] clk: Disabling unused clocks
<6>[    1.361222] PM: genpd: Disabling unused power domains
<6>[    1.364417] ALSA device list:
<6>[    1.366054]   #0: Loopback 1
<6>[    1.367497]   #1: rk817_int
<6>[    1.371982] Freeing unused kernel memory: 3264K
<6>[    1.374798] Run /init as init process
<7>[    1.376282]   with arguments:
<7>[    1.376298]     /init
<7>[    1.376305]   with environment:
<7>[    1.376311]     HOME=/
<7>[    1.376317]     TERM=linux
<12>[    1.381326] pid351: running as PID 1
<4>[    1.388920] FAT-fs (mmcblk0p1): Volume was not properly unmounted. Some data may be corrupt. Please run fsck.
<12>[    1.403643] pid351: playing /boot/pid351/roms/smb.nes
<12>[    1.407789] pid351: connector 40, crtc 36, mode 320x480@60
<6>[    1.590036] usb 1-1.2: new full-speed USB device number 3 using dwc2
<6>[    1.693162] input: OpenSimHardware OSH PB Controller Keyboard as /devices/platform/ff300000.usb/usb1/1-1/1-1.2/1-1.2:1.0/0003:1209:3100.0001/input/input3
<6>[    1.759089] input: OpenSimHardware OSH PB Controller Mouse as /devices/platform/ff300000.usb/usb1/1-1/1-1.2/1-1.2:1.0/0003:1209:3100.0001/input/input4
<6>[    1.770110] input: OpenSimHardware OSH PB Controller as /devices/platform/ff300000.usb/usb1/1-1/1-1.2/1-1.2:1.0/0003:1209:3100.0001/input/input5
<6>[    1.781968] hid-generic 0003:1209:3100.0001: input: USB HID v1.11 Keyboard [OpenSimHardware OSH PB Controller] on usb-ff300000.usb-1.2/input0
<12>[    1.890450] pid351: pad on /dev/input/event5 (OpenSimHardware OSH PB Controller)
<12>[    1.898913] pid351: pad appeared after 60 ms
<12>[    1.904861] pid351: display up, rotating counter-clockwise
<12>[    1.916354] pid351: audio accepts channels     1 .. 32
<12>[    1.922207] pid351: audio accepts rate         8000 .. 768000
<12>[    1.928361] pid351: audio accepts period_size  1 .. 524288
<12>[    1.936427] pid351: audio accepts periods      1 .. 1024
<12>[    1.944717] pid351: audio accepts buffer_size  1 .. 1048576
<12>[    1.950346] pid351: audio /dev/snd/pcmC0D0p: 48000 Hz, period 512, buffer 4096 (85.3 ms), 799 frames/video frame
<12>[    1.984590] pid351: first frame 256x224 pitch=512 (2.0 bytes/pixel)
<12>[    1.998918] pid351: core fceumm, 256x224, 60.100 fps, 48000 Hz -> 48000 Hz (stretch -0.133%)
<5>[    3.229824] random: crng init done
<12>[    7.013639] pid351: fceumm 60.08 fps  frames=301  ring=1532  aud=2768 x1
<12>[   12.027948] pid351: fceumm 60.03 fps  frames=602  ring=1478  aud=2721 x1
<12>[   17.043047] pid351: fceumm 60.02 fps  frames=903  ring=1423  aud=2674 x1
<12>[   22.058157] pid351: fceumm 60.02 fps  frames=1204  ring=1370  aud=2626 x1
<12>[   27.073634] pid351: fceumm 60.01 fps  frames=1505  ring=1315  aud=2771 x1
<6>[   31.710117] vcc_wifi: disabling
<12>[   32.088367] pid351: fceumm 60.02 fps  frames=1806  ring=1262  aud=2724 x1
<12>[   37.103122] pid351: fceumm 60.02 fps  frames=2107  ring=1209  aud=2676 x1
<12>[   42.117984] pid351: fceumm 60.02 fps  frames=2408  ring=1159  aud=2629 x1
<12>[   47.133076] pid351: fceumm 60.02 fps  frames=2709  ring=1111  aud=2774 x1
<12>[   52.147704] pid351: fceumm 60.02 fps  frames=3010  ring=1067  aud=2726 x1
<12>[   57.168913] pid351: fceumm 34.65 fps  frames=3184  ring=1045  aud=1567 x43
<12>[   62.175979] pid351: fceumm 46.73 fps  frames=3418  ring=1013  aud=1431 x65
<12>[   67.191056] pid351: fceumm 57.23 fps  frames=3705  ring=977  aud=1900 x70
<12>[   72.205752] pid351: fceumm 60.02 fps  frames=4006  ring=939  aud=2045 x70
<12>[   77.232526] pid351: fceumm 39.19 fps  frames=4203  ring=919  aud=1920 x105
<12>[   82.235760] pid351: fceumm 35.98 fps  frames=4383  ring=903  aud=2960 x146
<12>[   87.250810] pid351: fceumm 60.02 fps  frames=4684  ring=869  aud=2913 x146
<12>[   92.265758] pid351: fceumm 60.02 fps  frames=4985  ring=839  aud=3058 x146
<12>[   97.280672] pid351: fceumm 60.02 fps  frames=5286  ring=810  aud=3010 x146
<12>[  102.295774] pid351: fceumm 60.02 fps  frames=5587  ring=781  aud=2963 x146
<12>[  107.311204] pid351: fceumm 60.01 fps  frames=5888  ring=755  aud=2916 x146
<12>[  112.326142] pid351: fceumm 60.02 fps  frames=6189  ring=729  aud=2869 x146
<12>[  117.340785] pid351: fceumm 60.02 fps  frames=6490  ring=706  aud=3013 x146
<12>[  122.355841] pid351: fceumm 60.02 fps  frames=6791  ring=684  aud=2966 x146
<12>[  127.370848] pid351: fceumm 56.83 fps  frames=7076  ring=664  aud=2366 x151
<12>[  132.386278] pid351: fceumm 51.04 fps  frames=7332  ring=647  aud=2419 x166
<12>[  132.951002] pid351: save ok
<12>[  137.401149] pid351: fceumm 58.43 fps  frames=7625  ring=629  aud=3034 x167
<12>[  142.406016] pid351: fceumm 57.34 fps  frames=7912  ring=613  aud=1919 x171
<12>[  142.787103] pid351: save ok
<12>[  143.379070] pid351: save ok
<12>[  144.471124] pid351: save ok
<12>[  145.082344] pid351: save ok
<12>[  145.567075] pid351: save ok
<12>[  147.414650] pid351: fceumm 50.31 fps  frames=8164  ring=598  aud=2467 x177
<12>[  148.231376] pid351: load ok
<12>[  151.196489] pid351: load ok
<12>[  152.429294] pid351: fceumm 60.02 fps  frames=8465  ring=582  aud=2612 x177
<12>[  157.444164] pid351: fceumm 60.02 fps  frames=8766  ring=567  aud=2564 x177
<12>[  162.459387] pid351: fceumm 60.02 fps  frames=9067  ring=552  aud=2517 x177
<12>[  167.474879] pid351: fceumm 44.46 fps  frames=9290  ring=545  aud=1919 x202
<12>[  168.581215] pid351: save ok
<12>[  169.098681] pid351: save ok
<12>[  172.489324] pid351: fceumm 54.24 fps  frames=9562  ring=533  aud=2731 x209
<12>[  174.255507] pid351: exit (combo) after 9668 frames
