<6>[    0.000000] Booting Linux on physical CPU 0x0000000000 [0x410fd042]
<5>[    0.000000] Linux version 6.12.103 (dvh@hp) (aarch64-linux-gnu-gcc (Debian 14.2.0-19) 14.2.0, GNU ld (GNU Binutils for Debian) 2.44) #11 SMP PREEMPT Wed Aug 19 14:26:25 CEST 2026
<4>[    0.000000] KASLR disabled due to lack of seed
<6>[    0.000000] Machine model: Anbernic RG351P (pid351)
<6>[    0.000000] efi: UEFI not found.
<6>[    0.000000] OF: reserved mem: Reserved memory: No reserved-memory node in the DT
<6>[    0.000000] NUMA: Faking a node at [mem 0x0000000000200000-0x000000003fffffff]
<6>[    0.000000] NODE_DATA(0) allocated [mem 0x3fdc4300-0x3fdc693f]
<6>[    0.000000] Zone ranges:
<6>[    0.000000]   DMA      [mem 0x0000000000200000-0x000000003fffffff]
<6>[    0.000000]   DMA32    empty
<6>[    0.000000]   Normal   empty
<6>[    0.000000] Movable zone start for each node
<6>[    0.000000] Early memory node ranges
<6>[    0.000000]   node   0: [mem 0x0000000000200000-0x000000003fffffff]
<6>[    0.000000] Initmem setup node 0 [mem 0x0000000000200000-0x000000003fffffff]
<6>[    0.000000] On node 0, zone DMA: 512 pages in unavailable ranges
<6>[    0.000000] cma: Reserved 16 MiB at 0x000000003dc00000 on node -1
<6>[    0.000000] psci: probing for conduit method from DT.
<6>[    0.000000] psci: PSCIv1.1 detected in firmware.
<6>[    0.000000] psci: Using standard PSCI v0.2 function IDs
<6>[    0.000000] psci: MIGRATE_INFO_TYPE not supported.
<6>[    0.000000] psci: SMC Calling Convention v1.2
<6>[    0.000000] percpu: Embedded 22 pages/cpu s57504 r0 d32608 u90112
<7>[    0.000000] pcpu-alloc: s57504 r0 d32608 u90112 alloc=22*4096
<7>[    0.000000] pcpu-alloc: [0] 0 [0] 1 [0] 2 [0] 3 
<6>[    0.000000] Detected VIPT I-cache on CPU0
<6>[    0.000000] alternatives: applying boot alternatives
<5>[    0.000000] Kernel command line: console=ttyS2,1500000 console=tty0 panic=5 cma=16M printk.devkmsg=on
<6>[    0.000000] Dentry cache hash table entries: 131072 (order: 8, 1048576 bytes, linear)
<6>[    0.000000] Inode-cache hash table entries: 65536 (order: 7, 524288 bytes, linear)
<6>[    0.000000] Fallback order for Node 0: 0 
<6>[    0.000000] Built 1 zonelists, mobility grouping on.  Total pages: 261632
<6>[    0.000000] Policy zone: DMA
<6>[    0.000000] mem auto-init: stack:all(zero), heap alloc:off, heap free:off
<6>[    0.000000] software IO TLB: SWIOTLB bounce buffer size adjusted to 0MB
<6>[    0.000000] software IO TLB: area num 4.
<6>[    0.000000] software IO TLB: mapped [mem 0x000000003da80000-0x000000003db80000] (1MB)
<6>[    0.000000] SLUB: HWalign=64, Order=0-3, MinObjects=0, CPUs=4, Nodes=1
<6>[    0.000000] rcu: Preemptible hierarchical RCU implementation.
<6>[    0.000000] rcu: 	RCU event tracing is enabled.
<6>[    0.000000] rcu: 	RCU restricting CPUs from NR_CPUS=512 to nr_cpu_ids=4.
<6>[    0.000000] 	Trampoline variant of Tasks RCU enabled.
<6>[    0.000000] 	Tracing variant of Tasks RCU enabled.
<6>[    0.000000] rcu: RCU calculated value of scheduler-enlistment delay is 25 jiffies.
<6>[    0.000000] rcu: Adjusting geometry for rcu_fanout_leaf=16, nr_cpu_ids=4
<6>[    0.000000] RCU Tasks: Setting shift to 2 and lim to 1 rcu_task_cb_adjust=1 rcu_task_cpu_ids=4.
<6>[    0.000000] RCU Tasks Trace: Setting shift to 2 and lim to 1 rcu_task_cb_adjust=1 rcu_task_cpu_ids=4.
<6>[    0.000000] NR_IRQS: 64, nr_irqs: 64, preallocated irqs: 0
<6>[    0.000000] Root IRQ handler: gic_handle_irq
<6>[    0.000000] GIC: Using split EOI/Deactivate mode
<6>[    0.000000] rcu: srcu_init: Setting srcu_struct sizes based on contention.
<6>[    0.000000] clocksource: jiffies: mask: 0xffffffff max_cycles: 0xffffffff, max_idle_ns: 7645041785100000 ns
<6>[    0.000000] arch_timer: cp15 timer(s) running at 24.00MHz (phys).
<6>[    0.000000] clocksource: arch_sys_counter: mask: 0xffffffffffffff max_cycles: 0x588fe9dc0, max_idle_ns: 440795202592 ns
<6>[    0.000002] sched_clock: 56 bits at 24MHz, resolution 41ns, wraps every 4398046511097ns
<6>[    0.001826] Console: colour dummy device 80x25
<6>[    0.001862] printk: legacy console [tty0] enabled
<6>[    0.003101] Calibrating delay loop (skipped), value calculated using timer frequency.. 48.00 BogoMIPS (lpj=96000)
<6>[    0.003169] pid_max: default: 32768 minimum: 301
<6>[    0.003351] LSM: initializing lsm=capability
<6>[    0.003540] Mount-cache hash table entries: 2048 (order: 2, 16384 bytes, linear)
<6>[    0.003673] Mountpoint-cache hash table entries: 2048 (order: 2, 16384 bytes, linear)
<4>[    0.005772] cacheinfo: Unable to detect cache hierarchy for CPU 0
<6>[    0.008733] rcu: Hierarchical SRCU implementation.
<6>[    0.008805] rcu: 	Max phase no-delay instances is 1000.
<6>[    0.009423] Timer migration: 1 hierarchy levels; 8 children per group; 1 crossnode level
<6>[    0.010490] EFI services will not be available.
<6>[    0.011224] smp: Bringing up secondary CPUs ...
<6>[    0.012627] Detected VIPT I-cache on CPU1
<6>[    0.012816] CPU1: Booted secondary processor 0x0000000001 [0x410fd042]
<6>[    0.014442] Detected VIPT I-cache on CPU2
<6>[    0.014628] CPU2: Booted secondary processor 0x0000000002 [0x410fd042]
<6>[    0.016358] Detected VIPT I-cache on CPU3
<6>[    0.016547] CPU3: Booted secondary processor 0x0000000003 [0x410fd042]
<6>[    0.016896] smp: Brought up 1 node, 4 CPUs
<6>[    0.017068] SMP: Total of 4 processors activated.
<6>[    0.017097] CPU: All CPU(s) started at EL2
<6>[    0.017181] CPU features: detected: 32-bit EL0 Support
<6>[    0.017213] CPU features: detected: 32-bit EL1 Support
<6>[    0.017249] CPU features: detected: CRC32 instructions
<6>[    0.017370] alternatives: applying system-wide alternatives
<6>[    0.020031] Memory: 971716K/1046528K available (16192K kernel code, 3172K rwdata, 8240K rodata, 3264K init, 1036K bss, 53852K reserved, 16384K cma-reserved)
<6>[    0.021678] devtmpfs: initialized
<6>[    0.041022] futex hash table entries: 1024 (order: 4, 65536 bytes, linear)
<6>[    0.043136] 24736 pages in range for non-PLT usage
<6>[    0.043172] 516256 pages in range for PLT usage
<6>[    0.043699] pinctrl core: initialized pinctrl subsystem
<6>[    0.045202] DMI not present or invalid.
<6>[    0.047507] DMA: preallocated 128 KiB GFP_KERNEL pool for atomic allocations
<6>[    0.047874] DMA: preallocated 128 KiB GFP_KERNEL|GFP_DMA pool for atomic allocations
<6>[    0.048353] DMA: preallocated 128 KiB GFP_KERNEL|GFP_DMA32 pool for atomic allocations
<6>[    0.052070] thermal_sys: Registered thermal governor 'step_wise'
<6>[    0.052101] thermal_sys: Registered thermal governor 'power_allocator'
<6>[    0.052366] cpuidle: using governor menu
<6>[    0.052931] hw-breakpoint: found 6 breakpoint and 4 watchpoint registers.
<6>[    0.053203] ASID allocator initialised with 65536 entries
<6>[    0.053771] Serial: AMBA PL011 UART driver
<6>[    0.076290] /dsi@ff450000: Fixed dependency cycle(s) with /dsi@ff450000/panel@0
<6>[    0.076758] /dsi@ff450000/panel@0: Fixed dependency cycle(s) with /dsi@ff450000
<6>[    0.077505] /dsi@ff450000: Fixed dependency cycle(s) with /vop@ff460000
<6>[    0.077698] /vop@ff460000: Fixed dependency cycle(s) with /dsi@ff450000
<4>[    0.098301] gpio gpiochip0: Static allocation of GPIO base is deprecated, use dynamic allocation.
<6>[    0.099137] rockchip-gpio ff040000.gpio: probed /pinctrl/gpio@ff040000
<4>[    0.099961] gpio gpiochip1: Static allocation of GPIO base is deprecated, use dynamic allocation.
<6>[    0.100472] rockchip-gpio ff250000.gpio: probed /pinctrl/gpio@ff250000
<4>[    0.101365] gpio gpiochip2: Static allocation of GPIO base is deprecated, use dynamic allocation.
<6>[    0.101851] rockchip-gpio ff260000.gpio: probed /pinctrl/gpio@ff260000
<4>[    0.102751] gpio gpiochip3: Static allocation of GPIO base is deprecated, use dynamic allocation.
<6>[    0.103237] rockchip-gpio ff270000.gpio: probed /pinctrl/gpio@ff270000
<6>[    0.109608] HugeTLB: registered 1.00 GiB page size, pre-allocated 0 pages
<6>[    0.109683] HugeTLB: 0 KiB vmemmap can be freed for a 1.00 GiB page
<6>[    0.109723] HugeTLB: registered 32.0 MiB page size, pre-allocated 0 pages
<6>[    0.109756] HugeTLB: 0 KiB vmemmap can be freed for a 32.0 MiB page
<6>[    0.109792] HugeTLB: registered 2.00 MiB page size, pre-allocated 0 pages
<6>[    0.109825] HugeTLB: 0 KiB vmemmap can be freed for a 2.00 MiB page
<6>[    0.109864] HugeTLB: registered 64.0 KiB page size, pre-allocated 0 pages
<6>[    0.109898] HugeTLB: 0 KiB vmemmap can be freed for a 64.0 KiB page
<6>[    0.114690] ACPI: Interpreter disabled.
<6>[    0.116288] iommu: Default domain type: Translated
<6>[    0.116365] iommu: DMA domain TLB invalidation policy: strict mode
<5>[    0.117863] SCSI subsystem initialized
<7>[    0.118397] libata version 3.00 loaded.
<6>[    0.118728] usbcore: registered new interface driver usbfs
<6>[    0.118830] usbcore: registered new interface driver hub
<6>[    0.118927] usbcore: registered new device driver usb
<6>[    0.120312] pps_core: LinuxPPS API ver. 1 registered
<6>[    0.120361] pps_core: Software ver. 5.3.6 - Copyright 2005-2007 Rodolfo Giometti <giometti@linux.it>
<6>[    0.121342] EDAC MC: Ver: 3.0.0
<6>[    0.122160] scmi_core: SCMI protocol bus registered
<6>[    0.123300] FPGA manager framework
<6>[    0.124060] Advanced Linux Sound Architecture Driver Initialized.
<6>[    0.124959] vgaarb: loaded
<6>[    0.125875] clocksource: Switched to clocksource arch_sys_counter
<5>[    0.126503] VFS: Disk quotas dquot_6.6.0
<6>[    0.126587] VFS: Dquot-cache hash table entries: 512 (order 0, 4096 bytes)
<6>[    0.127449] pnp: PnP ACPI: disabled
<6>[    0.145392] PCI: CLS 0 bytes, default 64
<6>[    0.154992] kvm [1]: nv: 554 coarse grained trap handlers
<6>[    0.156180] kvm [1]: IPA Size Limit: 40 bits
<6>[    0.160888] kvm [1]: vgic interrupt IRQ9
<6>[    0.161024] kvm [1]: Hyp nVHE mode initialized successfully
<5>[    0.164760] Initialise system trusted keyrings
<6>[    0.165404] workingset: timestamp_bits=42 max_order=18 bucket_order=0
<6>[    0.166309] squashfs: version 4.0 (2009/01/31) Phillip Lougher
<6>[    0.166872] fuse: init (API version 7.41)
<5>[    0.329100] Key type asymmetric registered
<5>[    0.329185] Asymmetric key parser 'x509' registered
<6>[    0.329466] Block layer SCSI generic (bsg) driver version 0.4 loaded (major 243)
<6>[    0.329515] io scheduler mq-deadline registered
<6>[    0.329547] io scheduler kyber registered
<6>[    0.329657] io scheduler bfq registered
<6>[    0.346844] ledtrig-cpu: registered to indicate activity on CPUs
<6>[    0.359664] dma-pl330 ff240000.dma-controller: Loaded driver for PL330 DMAC-241330
<6>[    0.359754] dma-pl330 ff240000.dma-controller: 	DBUFF-128x8bytes Num_Chans-8 Num_Peri-32 Num_Events-16
<6>[    0.373749] Serial: 8250/16550 driver, 4 ports, IRQ sharing enabled
<6>[    0.379065] printk: legacy console [ttyS2] disabled
<6>[    0.379994] ff160000.serial: ttyS2 at MMIO 0xff160000 (irq = 22, base_baud = 1500000) is a 16550A
<6>[    0.380247] printk: legacy console [ttyS2] enabled
<6>[    0.472540] rockchip-vop ff460000.vop: Adding to iommu group 0
<6>[    0.477612] /dsi@ff450000: Fixed dependency cycle(s) with /dsi@ff450000/panel@0
<6>[    0.478564] /dsi@ff450000/panel@0: Fixed dependency cycle(s) with /dsi@ff450000
<6>[    0.512745] loop: module loaded
<6>[    0.515852] megasas: 07.727.03.00-rc1
<6>[    0.516451] mpt3sas version 48.100.00.00 loaded
<6>[    0.538319] VFIO - User Level meta-driver version: 0.3
<4>[    0.540973] rockchip-usb2phy ff2c0000.syscon:usb2phy@100: Requested PHY is disabled
<4>[    0.541776] dwc2 ff300000.usb: supply vusb_d not found, using dummy regulator
<4>[    0.542870] dwc2 ff300000.usb: supply vusb_a not found, using dummy regulator
<4>[    0.543818] dwc2 ff300000.usb: Configuration mismatch. dr_mode forced to host
<4>[    0.556404] rockchip-usb2phy ff2c0000.syscon:usb2phy@100: Requested PHY is disabled
<4>[    0.557154] rockchip-usb2phy ff2c0000.syscon:usb2phy@100: Requested PHY is disabled
<6>[    0.557937] dwc2 ff300000.usb: DWC OTG Controller
<6>[    0.558431] dwc2 ff300000.usb: new USB bus registered, assigned bus number 1
<6>[    0.559139] dwc2 ff300000.usb: irq 27, io mem 0xff300000
<6>[    0.561243] hub 1-0:1.0: USB hub found
<6>[    0.561718] hub 1-0:1.0: 1 port detected
<6>[    0.566449] usbcore: registered new interface driver cdc_acm
<6>[    0.567027] cdc_acm: USB Abstract Control Model driver for USB modems and ISDN adapters
<6>[    0.567849] usbcore: registered new interface driver usb-storage
<6>[    0.568570] usbcore: registered new interface driver cp210x
<6>[    0.569136] usbserial: USB Serial support registered for cp210x
<6>[    0.569748] usbcore: registered new interface driver ftdi_sio
<6>[    0.570431] usbserial: USB Serial support registered for FTDI USB Serial Device
<6>[    0.571206] usbcore: registered new interface driver option
<6>[    0.571774] usbserial: USB Serial support registered for GSM modem (1-port)
<6>[    0.573085] usbcore: registered new device driver onboard-usb-dev
<4>[    0.580625] pwm-vibrator vibrator: supply vcc not found, using dummy regulator
<6>[    0.582626] input: pwm-vibrator as /devices/platform/vibrator/input/input0
<6>[    0.586894] i2c_dev: i2c /dev entries driver
<6>[    0.623821] vcc_bl: Bringing 2800000uV into 3300000-3300000uV
<6>[    0.626345] vcc_lcd: Bringing 1800000uV into 2800000-2800000uV
<6>[    0.630004] usb_midu: Bringing 4700000uV into 5000000-5000000uV
<6>[    0.635840] input: rk805 pwrkey as /devices/platform/ff180000.i2c/i2c-0/0-0020/rk805-pwrkey.2.auto/input/input1
<6>[    0.643082] rk808-rtc rk808-rtc.3.auto: registered as rtc0
<6>[    0.644518] rk808-rtc rk808-rtc.3.auto: setting system clock to 2017-08-07T07:21:33 UTC (1502090493)
<4>[    0.664771] rockchip-thermal ff280000.tsadc: Missing tshut mode property, using default (cru)
<4>[    0.665619] rockchip-thermal ff280000.tsadc: Missing tshut-polarity property, using default (low)
<6>[    0.670730] device-mapper: ioctl: 4.48.0-ioctl (2023-03-01) initialised: dm-devel@lists.linux.dev
<6>[    0.674394] cpu cpu0: EM: created perf domain
<6>[    0.679641] sdhci: Secure Digital Host Controller Interface driver
<6>[    0.680283] sdhci: Copyright(c) Pierre Ossman
<6>[    0.681562] Synopsys Designware Multimedia Card Interface Driver
<6>[    0.683234] sdhci-pltfm: SDHCI platform and OF driver helper
<6>[    0.684272] dwmmc_rockchip ff370000.mmc: IDMAC supports 32-bit address mode.
<6>[    0.684984] dwmmc_rockchip ff370000.mmc: Using internal DMA controller.
<6>[    0.685596] dwmmc_rockchip ff370000.mmc: Version ID is 270a
<6>[    0.686030] SMCCC: SOC_ID: ARCH_SOC_ID not implemented, skipping ....
<6>[    0.686258] dwmmc_rockchip ff370000.mmc: DW MMC controller at irq 55,32 bit host data width,256 deep fifo
<6>[    0.688110] usbcore: registered new interface driver usbhid
<6>[    0.688626] dwmmc_rockchip ff370000.mmc: Got CD GPIO
<6>[    0.688648] usbhid: USB HID core driver
<4>[    0.695794] SPI driver st-magn-spi has no spi_device_id for st,lis3mdl-magn
<4>[    0.696463] SPI driver st-magn-spi has no spi_device_id for st,lsm303agr-magn
<4>[    0.697102] SPI driver st-magn-spi has no spi_device_id for st,lsm9ds1-magn
<4>[    0.697726] SPI driver st-magn-spi has no spi_device_id for st,lsm303c-magn
<6>[    0.701029] hw perfevents: enabled with armv8_cortex_a35 PMU driver, 7 (0,8000003f) counters available
<6>[    0.702528] mmc_host mmc0: Bus speed (slot 0) = 400000Hz (slot req 400000Hz, actual 400000HZ div = 0)
<6>[    0.704557]  cs_system_cfg: CoreSight Configuration manager initialised
<6>[    0.708473] gnss: GNSS driver registered with major 235
<5>[    0.743884] Loading compiled-in X.509 certificates
<6>[    0.753235] Demotion targets for Node 0: null
<6>[    0.767696] mmc_host mmc0: Bus speed (slot 0) = 50000000Hz (slot req 50000000Hz, actual 50000000HZ div = 0)
<6>[    0.769285] mmc0: new high speed SDHC card at address 0001
<6>[    0.771704] mmcblk0: mmc0:0001 00000 29.2 GiB
<6>[    0.775944]  mmcblk0: p1 p2
<6>[    0.786342] rockchip-drm display-subsystem: bound ff460000.vop (ops vop_component_ops)
<6>[    0.787545] rockchip-drm display-subsystem: bound ff450000.dsi (ops dw_mipi_dsi_rockchip_ops)
<6>[    0.789668] [drm] Initialized rockchip 1.0.0 for display-subsystem on minor 0
<6>[    0.849987] usb 1-1: new high-speed USB device number 2 using dwc2
<6>[    1.047619] hub 1-1:1.0: USB hub found
<6>[    1.048514] hub 1-1:1.0: 4 ports detected
<6>[    1.235752] Console: switching to colour frame buffer device 40x30
<6>[    1.282225] rockchip-drm display-subsystem: [drm] fb0: rockchipdrmfb frame buffer device
<6>[    1.312588] input: rk817_int Headphones as /devices/platform/rk817-sound/sound/card1/input2
<6>[    1.320266] clk: Disabling unused clocks
<6>[    1.323242] PM: genpd: Disabling unused power domains
<6>[    1.326118] ALSA device list:
<6>[    1.327577]   #0: Loopback 1
<6>[    1.328984]   #1: rk817_int
<6>[    1.332875] Freeing unused kernel memory: 3264K
<6>[    1.335706] Run /init as init process
<7>[    1.337188]   with arguments:
<7>[    1.337202]     /init
<7>[    1.337210]   with environment:
<7>[    1.337216]     HOME=/
<7>[    1.337223]     TERM=linux
<12>[    1.341823] pid351: running as PID 1
<4>[    1.349318] FAT-fs (mmcblk0p1): Volume was not properly unmounted. Some data may be corrupt. Please run fsck.
<12>[    1.364182] pid351: playing /boot/pid351/roms/smb.nes
<12>[    1.368273] pid351: connector 40, crtc 36, mode 320x480@60
<6>[    1.570196] usb 1-1.2: new full-speed USB device number 3 using dwc2
<6>[    1.673682] input: OpenSimHardware OSH PB Controller Keyboard as /devices/platform/ff300000.usb/usb1/1-1/1-1.2/1-1.2:1.0/0003:1209:3100.0001/input/input3
<6>[    1.739046] input: OpenSimHardware OSH PB Controller Mouse as /devices/platform/ff300000.usb/usb1/1-1/1-1.2/1-1.2:1.0/0003:1209:3100.0001/input/input4
<6>[    1.750036] input: OpenSimHardware OSH PB Controller as /devices/platform/ff300000.usb/usb1/1-1/1-1.2/1-1.2:1.0/0003:1209:3100.0001/input/input5
<6>[    1.761779] hid-generic 0003:1209:3100.0001: input: USB HID v1.11 Keyboard [OpenSimHardware OSH PB Controller] on usb-ff300000.usb-1.2/input0
<12>[    1.834586] pid351: pad on /dev/input/event5 (OpenSimHardware OSH PB Controller)
<12>[    1.842982] pid351: pad appeared after 60 ms
<12>[    1.848815] pid351: display up, rotating counter-clockwise
<12>[    1.859859] pid351: audio "Playback Mux" = 1: No such file or directory
<12>[    1.865457] pid351: audio "Master Playback Volume" = 255: No such file or directory
<12>[    1.874543] pid351: audio card has 112 controls:
<12>[    1.878656] pid351:   iface 3 "PCM Rate Shift 100000"
<12>[    1.883428] pid351:   iface 3 "PCM Notify"
<12>[    1.888222] pid351:   iface 3 "PCM Slave Active"
<12>[    1.894331] pid351:   iface 3 "PCM Slave Format"
<12>[    1.898650] pid351:   iface 3 "PCM Slave Rate"
<12>[    1.902224] pid351:   iface 3 "PCM Slave Channels"
<12>[    1.905511] pid351:   iface 3 "PCM Slave Access Mode"
<12>[    1.908521] pid351:   iface 3 "PCM Rate Shift 100000"
<12>[    1.911454] pid351:   iface 3 "PCM Notify"
<12>[    1.914260] pid351:   iface 3 "PCM Slave Active"
<12>[    1.917148] pid351:   iface 3 "PCM Slave Format"
<12>[    1.920085] pid351:   iface 3 "PCM Slave Rate"
<12>[    1.922999] pid351:   iface 3 "PCM Slave Channels"
<12>[    1.925706] pid351:   iface 3 "PCM Slave Access Mode"
<12>[    1.928540] pid351:   iface 3 "PCM Rate Shift 100000"
<12>[    1.931314] pid351:   iface 3 "PCM Notify"
<12>[    1.934036] pid351:   iface 3 "PCM Slave Active"
<12>[    1.936739] pid351:   iface 3 "PCM Slave Format"
<12>[    1.939462] pid351:   iface 3 "PCM Slave Rate"
<12>[    1.942183] pid351:   iface 3 "PCM Slave Channels"
<12>[    1.944912] pid351:   iface 3 "PCM Slave Access Mode"
<12>[    1.947734] pid351:   iface 3 "PCM Rate Shift 100000"
<12>[    1.950447] pid351:   iface 3 "PCM Notify"
<12>[    1.953069] pid351:   iface 3 "PCM Slave Active"
<12>[    1.955878] pid351:   iface 3 "PCM Slave Format"
<12>[    1.958584] pid351:   iface 3 "PCM Slave Rate"
<12>[    1.961259] pid351:   iface 3 "PCM Slave Channels"
<12>[    1.964116] pid351:   iface 3 "PCM Slave Access Mode"
<12>[    1.967664] pid351:   iface 3 "PCM Rate Shift 100000"
<12>[    1.971223] pid351:   iface 3 "PCM Notify"
<12>[    1.975273] pid351:   iface 3 "PCM Slave Active"
<12>[    1.980644] pid351:   iface 3 "PCM Slave Format"
<12>[    1.984571] pid351:   iface 3 "PCM Slave Rate"
<12>[    1.988479] pid351:   iface 3 "PCM Slave Channels"
<12>[    1.991518] pid351:   iface 3 "PCM Slave Access Mode"
<12>[    1.994343] pid351:   iface 3 "PCM Rate Shift 100000"
<12>[    1.997086] pid351:   iface 3 "PCM Notify"
<12>[    1.999851] pid351:   iface 3 "PCM Slave Active"
<12>[    2.002659] pid351:   iface 3 "PCM Slave Format"
<12>[    2.005288] pid351:   iface 3 "PCM Slave Rate"
<12>[    2.008086] pid351:   iface 3 "PCM Slave Channels"
<12>[    2.010969] pid351:   iface 3 "PCM Slave Access Mode"
<12>[    2.013699] pid351:   iface 3 "PCM Rate Shift 100000"
<12>[    2.016489] pid351:   iface 3 "PCM Notify"
<12>[    2.019230] pid351:   iface 3 "PCM Slave Active"
<12>[    2.022011] pid351:   iface 3 "PCM Slave Format"
<12>[    2.024635] pid351:   iface 3 "PCM Slave Rate"
<12>[    2.027380] pid351:   iface 3 "PCM Slave Channels"
<12>[    2.030092] pid351:   iface 3 "PCM Slave Access Mode"
<12>[    2.032797] pid351:   iface 3 "PCM Rate Shift 100000"
<12>[    2.035706] pid351:   iface 3 "PCM Notify"
<12>[    2.038299] pid351:   iface 3 "PCM Slave Active"
<12>[    2.041004] pid351:   iface 3 "PCM Slave Format"
<12>[    2.043775] pid351:   iface 3 "PCM Slave Rate"
<12>[    2.046454] pid351:   iface 3 "PCM Slave Channels"
<12>[    2.049156] pid351:   iface 3 "PCM Slave Access Mode"
<12>[    2.052074] pid351:   iface 3 "PCM Rate Shift 100000"
<12>[    2.054833] pid351:   iface 3 "PCM Notify"
<12>[    2.057486] pid351:   iface 3 "PCM Slave Active"
<12>[    2.060297] pid351:   iface 3 "PCM Slave Format"
<12>[    2.063184] pid351:   iface 3 "PCM Slave Rate"
<12>[    2.065781] pid351:   iface 3 "PCM Slave Channels"
<12>[    2.068467] pid351:   iface 3 "PCM Slave Access Mode"
<12>[    2.071287] pid351:   iface 3 "PCM Rate Shift 100000"
<12>[    2.074012] pid351:   iface 3 "PCM Notify"
<12>[    2.076737] pid351:   iface 3 "PCM Slave Active"
<12>[    2.079520] pid351:   iface 3 "PCM Slave Format"
<12>[    2.083008] pid351:   iface 3 "PCM Slave Rate"
<12>[    2.086007] pid351:   iface 3 "PCM Slave Channels"
<12>[    2.088574] pid351:   iface 3 "PCM Slave Access Mode"
<12>[    2.092525] pid351:   iface 3 "PCM Rate Shift 100000"
<12>[    2.095449] pid351:   iface 3 "PCM Notify"
<12>[    2.098403] pid351:   iface 3 "PCM Slave Active"
<12>[    2.101107] pid351:   iface 3 "PCM Slave Format"
<12>[    2.104906] pid351:   iface 3 "PCM Slave Rate"
<12>[    2.108561] pid351:   iface 3 "PCM Slave Channels"
<12>[    2.112509] pid351:   iface 3 "PCM Slave Access Mode"
<12>[    2.115560] pid351:   iface 3 "PCM Rate Shift 100000"
<12>[    2.118471] pid351:   iface 3 "PCM Notify"
<12>[    2.121085] pid351:   iface 3 "PCM Slave Active"
<12>[    2.123909] pid351:   iface 3 "PCM Slave Format"
<12>[    2.126661] pid351:   iface 3 "PCM Slave Rate"
<12>[    2.129294] pid351:   iface 3 "PCM Slave Channels"
<12>[    2.132202] pid351:   iface 3 "PCM Slave Access Mode"
<12>[    2.135099] pid351:   iface 3 "PCM Rate Shift 100000"
<12>[    2.137802] pid351:   iface 3 "PCM Notify"
<12>[    2.140479] pid351:   iface 3 "PCM Slave Active"
<12>[    2.143283] pid351:   iface 3 "PCM Slave Format"
<12>[    2.146020] pid351:   iface 3 "PCM Slave Rate"
<12>[    2.148705] pid351:   iface 3 "PCM Slave Channels"
<12>[    2.151466] pid351:   iface 3 "PCM Slave Access Mode"
<12>[    2.154199] pid351:   iface 3 "PCM Rate Shift 100000"
<12>[    2.156918] pid351:   iface 3 "PCM Notify"
<12>[    2.159666] pid351:   iface 3 "PCM Slave Active"
<12>[    2.162333] pid351:   iface 3 "PCM Slave Format"
<12>[    2.165049] pid351:   iface 3 "PCM Slave Rate"
<12>[    2.168580] pid351:   iface 3 "PCM Slave Channels"
<12>[    2.172135] pid351:   iface 3 "PCM Slave Access Mode"
<12>[    2.175181] pid351:   iface 3 "PCM Rate Shift 100000"
<12>[    2.178093] pid351:   iface 3 "PCM Notify"
<12>[    2.180716] pid351:   iface 3 "PCM Slave Active"
<12>[    2.183483] pid351:   iface 3 "PCM Slave Format"
<12>[    2.187044] pid351:   iface 3 "PCM Slave Rate"
<12>[    2.190003] pid351:   iface 3 "PCM Slave Channels"
<12>[    2.192574] pid351:   iface 3 "PCM Slave Access Mode"
<12>[    2.196586] pid351:   iface 3 "PCM Rate Shift 100000"
<12>[    2.199579] pid351:   iface 3 "PCM Notify"
<12>[    2.202513] pid351:   iface 3 "PCM Slave Active"
<12>[    2.205340] pid351:   iface 3 "PCM Slave Format"
<12>[    2.208882] pid351:   iface 3 "PCM Slave Rate"
<12>[    2.212396] pid351:   iface 3 "PCM Slave Channels"
<12>[    2.215930] pid351:   iface 3 "PCM Slave Access Mode"
<12>[    2.219780] pid351: audio accepts channels     1 .. 32
<12>[    2.222836] pid351: audio accepts rate         8000 .. 768000
<12>[    2.226164] pid351: audio accepts period_size  1 .. 524288
<12>[    2.229450] pid351: audio accepts periods      1 .. 1024
<12>[    2.233007] pid351: audio accepts buffer_size  1 .. 1048576
<12>[    2.236999] pid351: audio /dev/snd/pcmC0D0p: 48000 Hz, period 512, buffer 4096 (85.3 ms), 799 frames/video frame
<12>[    2.269166] pid351: first frame 256x224 pitch=512 (2.0 bytes/pixel)
<12>[    2.279108] pid351: core fceumm, 256x224, 60.100 fps, 48000 Hz -> 48000 Hz (stretch -0.133%)
<5>[    3.125980] random: crng init done
<12>[    7.299909] pid351: fceumm 60.01 fps  emu 60.01 (1.00x)  frames=301  ring=1532  aud=2384 x1
<12>[   12.314925] pid351: fceumm 60.02 fps  emu 60.02 (1.00x)  frames=602  ring=1478  aud=2337 x1
<12>[   17.329518] pid351: fceumm 60.02 fps  emu 60.02 (1.00x)  frames=903  ring=1423  aud=2482 x1
<12>[   22.344438] pid351: fceumm 60.02 fps  emu 60.02 (1.00x)  frames=1204  ring=1370  aud=2434 x1
<12>[   27.359666] pid351: fceumm 60.02 fps  emu 60.02 (1.00x)  frames=1505  ring=1315  aud=2387 x1
<6>[   31.710409] vcc_wifi: disabling
<12>[   32.374978] pid351: fceumm 56.43 fps  emu 69.99 (1.24x)  frames=1788  ring=1265  aud=1369 x7
<12>[   37.389676] pid351: fceumm 59.62 fps  emu 61.22 (1.03x)  frames=2087  ring=1213  aud=2163 x8
<12>[   40.475862] pid351: save ok
<12>[   42.404507] pid351: fceumm 58.23 fps  emu 58.23 (1.00x)  frames=2379  ring=1164  aud=2434 x9
<12>[   42.521516] pid351: load ok
<12>[   47.419777] pid351: fceumm 60.02 fps  emu 60.02 (1.00x)  frames=2680  ring=1117  aud=2386 x9
<12>[   52.434883] pid351: fceumm 60.02 fps  emu 60.02 (1.00x)  frames=2981  ring=1071  aud=2339 x9
<12>[   57.451968] pid351: fceumm 40.86 fps  emu 112.42 (2.75x)  frames=3186  ring=1034  aud=1599 x43
<12>[   62.457415] pid351: fceumm 45.15 fps  emu 112.28 (2.49x)  frames=3412  ring=1007  aud=2847 x70
<12>[   67.463341] pid351: fceumm 53.14 fps  emu 83.30 (1.57x)  frames=3678  ring=974  aud=1516 x82
<12>[   72.478465] pid351: fceumm 60.02 fps  emu 60.02 (1.00x)  frames=3979  ring=936  aud=1469 x82
<12>[   77.492927] pid351: fceumm 60.03 fps  emu 60.03 (1.00x)  frames=4280  ring=901  aud=1614 x82
<12>[   79.025792] pid351: exit (combo) after 4372 frames
