<6>[    0.000000] Booting Linux on physical CPU 0x0000000000 [0x410fd042]
<5>[    0.000000] Linux version 6.12.103 (dvh@hp) (aarch64-linux-gnu-gcc (Debian 14.2.0-19) 14.2.0, GNU ld (GNU Binutils for Debian) 2.44) #12 SMP PREEMPT Wed Aug 19 14:34:43 CEST 2026
<4>[    0.000000] KASLR disabled due to lack of seed
<6>[    0.000000] Machine model: Anbernic RG351P (pid351)
<6>[    0.000000] efi: UEFI not found.
<6>[    0.000000] OF: reserved mem: Reserved memory: No reserved-memory node in the DT
<6>[    0.000000] NUMA: Faking a node at [mem 0x0000000000200000-0x000000003fffffff]
<6>[    0.000000] NODE_DATA(0) allocated [mem 0x3fdc4300-0x3fdc693f]
<6>[    0.000000] Zone ranges:
<6>[    0.000000]   DMA      [mem 0x0000000000200000-0x000000003fffffff]
<6>[    0.000000]   DMA32    empty
<6>[    0.000000]   Normal   empty
<6>[    0.000000] Movable zone start for each node
<6>[    0.000000] Early memory node ranges
<6>[    0.000000]   node   0: [mem 0x0000000000200000-0x000000003fffffff]
<6>[    0.000000] Initmem setup node 0 [mem 0x0000000000200000-0x000000003fffffff]
<6>[    0.000000] On node 0, zone DMA: 512 pages in unavailable ranges
<6>[    0.000000] cma: Reserved 16 MiB at 0x000000003dc00000 on node -1
<6>[    0.000000] psci: probing for conduit method from DT.
<6>[    0.000000] psci: PSCIv1.1 detected in firmware.
<6>[    0.000000] psci: Using standard PSCI v0.2 function IDs
<6>[    0.000000] psci: MIGRATE_INFO_TYPE not supported.
<6>[    0.000000] psci: SMC Calling Convention v1.2
<6>[    0.000000] percpu: Embedded 22 pages/cpu s57504 r0 d32608 u90112
<7>[    0.000000] pcpu-alloc: s57504 r0 d32608 u90112 alloc=22*4096
<7>[    0.000000] pcpu-alloc: [0] 0 [0] 1 [0] 2 [0] 3 
<6>[    0.000000] Detected VIPT I-cache on CPU0
<6>[    0.000000] alternatives: applying boot alternatives
<5>[    0.000000] Kernel command line: console=ttyS2,1500000 console=tty0 panic=5 cma=16M printk.devkmsg=on
<6>[    0.000000] Dentry cache hash table entries: 131072 (order: 8, 1048576 bytes, linear)
<6>[    0.000000] Inode-cache hash table entries: 65536 (order: 7, 524288 bytes, linear)
<6>[    0.000000] Fallback order for Node 0: 0 
<6>[    0.000000] Built 1 zonelists, mobility grouping on.  Total pages: 261632
<6>[    0.000000] Policy zone: DMA
<6>[    0.000000] mem auto-init: stack:all(zero), heap alloc:off, heap free:off
<6>[    0.000000] software IO TLB: SWIOTLB bounce buffer size adjusted to 0MB
<6>[    0.000000] software IO TLB: area num 4.
<6>[    0.000000] software IO TLB: mapped [mem 0x000000003da80000-0x000000003db80000] (1MB)
<6>[    0.000000] SLUB: HWalign=64, Order=0-3, MinObjects=0, CPUs=4, Nodes=1
<6>[    0.000000] rcu: Preemptible hierarchical RCU implementation.
<6>[    0.000000] rcu: 	RCU event tracing is enabled.
<6>[    0.000000] rcu: 	RCU restricting CPUs from NR_CPUS=512 to nr_cpu_ids=4.
<6>[    0.000000] 	Trampoline variant of Tasks RCU enabled.
<6>[    0.000000] 	Tracing variant of Tasks RCU enabled.
<6>[    0.000000] rcu: RCU calculated value of scheduler-enlistment delay is 25 jiffies.
<6>[    0.000000] rcu: Adjusting geometry for rcu_fanout_leaf=16, nr_cpu_ids=4
<6>[    0.000000] RCU Tasks: Setting shift to 2 and lim to 1 rcu_task_cb_adjust=1 rcu_task_cpu_ids=4.
<6>[    0.000000] RCU Tasks Trace: Setting shift to 2 and lim to 1 rcu_task_cb_adjust=1 rcu_task_cpu_ids=4.
<6>[    0.000000] NR_IRQS: 64, nr_irqs: 64, preallocated irqs: 0
<6>[    0.000000] Root IRQ handler: gic_handle_irq
<6>[    0.000000] GIC: Using split EOI/Deactivate mode
<6>[    0.000000] rcu: srcu_init: Setting srcu_struct sizes based on contention.
<6>[    0.000000] clocksource: jiffies: mask: 0xffffffff max_cycles: 0xffffffff, max_idle_ns: 7645041785100000 ns
<6>[    0.000000] arch_timer: cp15 timer(s) running at 24.00MHz (phys).
<6>[    0.000000] clocksource: arch_sys_counter: mask: 0xffffffffffffff max_cycles: 0x588fe9dc0, max_idle_ns: 440795202592 ns
<6>[    0.000002] sched_clock: 56 bits at 24MHz, resolution 41ns, wraps every 4398046511097ns
<6>[    0.001828] Console: colour dummy device 80x25
<6>[    0.001867] printk: legacy console [tty0] enabled
<6>[    0.003108] Calibrating delay loop (skipped), value calculated using timer frequency.. 48.00 BogoMIPS (lpj=96000)
<6>[    0.003174] pid_max: default: 32768 minimum: 301
<6>[    0.003355] LSM: initializing lsm=capability
<6>[    0.003619] Mount-cache hash table entries: 2048 (order: 2, 16384 bytes, linear)
<6>[    0.003681] Mountpoint-cache hash table entries: 2048 (order: 2, 16384 bytes, linear)
<4>[    0.005790] cacheinfo: Unable to detect cache hierarchy for CPU 0
<6>[    0.008739] rcu: Hierarchical SRCU implementation.
<6>[    0.008811] rcu: 	Max phase no-delay instances is 1000.
<6>[    0.009427] Timer migration: 1 hierarchy levels; 8 children per group; 1 crossnode level
<6>[    0.010500] EFI services will not be available.
<6>[    0.011226] smp: Bringing up secondary CPUs ...
<6>[    0.012600] Detected VIPT I-cache on CPU1
<6>[    0.012788] CPU1: Booted secondary processor 0x0000000001 [0x410fd042]
<6>[    0.014391] Detected VIPT I-cache on CPU2
<6>[    0.014572] CPU2: Booted secondary processor 0x0000000002 [0x410fd042]
<6>[    0.016307] Detected VIPT I-cache on CPU3
<6>[    0.016493] CPU3: Booted secondary processor 0x0000000003 [0x410fd042]
<6>[    0.016843] smp: Brought up 1 node, 4 CPUs
<6>[    0.017016] SMP: Total of 4 processors activated.
<6>[    0.017046] CPU: All CPU(s) started at EL2
<6>[    0.017129] CPU features: detected: 32-bit EL0 Support
<6>[    0.017160] CPU features: detected: 32-bit EL1 Support
<6>[    0.017196] CPU features: detected: CRC32 instructions
<6>[    0.017315] alternatives: applying system-wide alternatives
<6>[    0.019980] Memory: 971716K/1046528K available (16192K kernel code, 3170K rwdata, 8236K rodata, 3264K init, 1035K bss, 53852K reserved, 16384K cma-reserved)
<6>[    0.021635] devtmpfs: initialized
<6>[    0.040496] futex hash table entries: 1024 (order: 4, 65536 bytes, linear)
<6>[    0.042562] 24736 pages in range for non-PLT usage
<6>[    0.042597] 516256 pages in range for PLT usage
<6>[    0.043119] pinctrl core: initialized pinctrl subsystem
<6>[    0.044626] DMI not present or invalid.
<6>[    0.046933] DMA: preallocated 128 KiB GFP_KERNEL pool for atomic allocations
<6>[    0.047263] DMA: preallocated 128 KiB GFP_KERNEL|GFP_DMA pool for atomic allocations
<6>[    0.047651] DMA: preallocated 128 KiB GFP_KERNEL|GFP_DMA32 pool for atomic allocations
<6>[    0.051406] thermal_sys: Registered thermal governor 'step_wise'
<6>[    0.051439] thermal_sys: Registered thermal governor 'power_allocator'
<6>[    0.051647] cpuidle: using governor menu
<6>[    0.052266] hw-breakpoint: found 6 breakpoint and 4 watchpoint registers.
<6>[    0.052501] ASID allocator initialised with 65536 entries
<6>[    0.053062] Serial: AMBA PL011 UART driver
<6>[    0.075497] /dsi@ff450000: Fixed dependency cycle(s) with /dsi@ff450000/panel@0
<6>[    0.075851] /dsi@ff450000/panel@0: Fixed dependency cycle(s) with /dsi@ff450000
<6>[    0.076644] /dsi@ff450000: Fixed dependency cycle(s) with /vop@ff460000
<6>[    0.076845] /vop@ff460000: Fixed dependency cycle(s) with /dsi@ff450000
<4>[    0.097327] gpio gpiochip0: Static allocation of GPIO base is deprecated, use dynamic allocation.
<6>[    0.098167] rockchip-gpio ff040000.gpio: probed /pinctrl/gpio@ff040000
<4>[    0.098990] gpio gpiochip1: Static allocation of GPIO base is deprecated, use dynamic allocation.
<6>[    0.099547] rockchip-gpio ff250000.gpio: probed /pinctrl/gpio@ff250000
<4>[    0.100330] gpio gpiochip2: Static allocation of GPIO base is deprecated, use dynamic allocation.
<6>[    0.100881] rockchip-gpio ff260000.gpio: probed /pinctrl/gpio@ff260000
<4>[    0.101828] gpio gpiochip3: Static allocation of GPIO base is deprecated, use dynamic allocation.
<6>[    0.102333] rockchip-gpio ff270000.gpio: probed /pinctrl/gpio@ff270000
<6>[    0.108633] HugeTLB: registered 1.00 GiB page size, pre-allocated 0 pages
<6>[    0.108709] HugeTLB: 0 KiB vmemmap can be freed for a 1.00 GiB page
<6>[    0.108749] HugeTLB: registered 32.0 MiB page size, pre-allocated 0 pages
<6>[    0.108782] HugeTLB: 0 KiB vmemmap can be freed for a 32.0 MiB page
<6>[    0.108819] HugeTLB: registered 2.00 MiB page size, pre-allocated 0 pages
<6>[    0.108853] HugeTLB: 0 KiB vmemmap can be freed for a 2.00 MiB page
<6>[    0.108891] HugeTLB: registered 64.0 KiB page size, pre-allocated 0 pages
<6>[    0.108984] HugeTLB: 0 KiB vmemmap can be freed for a 64.0 KiB page
<6>[    0.113784] ACPI: Interpreter disabled.
<6>[    0.115362] iommu: Default domain type: Translated
<6>[    0.115435] iommu: DMA domain TLB invalidation policy: strict mode
<5>[    0.116920] SCSI subsystem initialized
<7>[    0.117546] libata version 3.00 loaded.
<6>[    0.117879] usbcore: registered new interface driver usbfs
<6>[    0.117983] usbcore: registered new interface driver hub
<6>[    0.118086] usbcore: registered new device driver usb
<6>[    0.119338] pps_core: LinuxPPS API ver. 1 registered
<6>[    0.119380] pps_core: Software ver. 5.3.6 - Copyright 2005-2007 Rodolfo Giometti <giometti@linux.it>
<6>[    0.120346] EDAC MC: Ver: 3.0.0
<6>[    0.121141] scmi_core: SCMI protocol bus registered
<6>[    0.122310] FPGA manager framework
<6>[    0.122977] Advanced Linux Sound Architecture Driver Initialized.
<6>[    0.123858] vgaarb: loaded
<6>[    0.124741] clocksource: Switched to clocksource arch_sys_counter
<5>[    0.125444] VFS: Disk quotas dquot_6.6.0
<6>[    0.125558] VFS: Dquot-cache hash table entries: 512 (order 0, 4096 bytes)
<6>[    0.126385] pnp: PnP ACPI: disabled
<6>[    0.143859] PCI: CLS 0 bytes, default 64
<6>[    0.153416] kvm [1]: nv: 554 coarse grained trap handlers
<6>[    0.154604] kvm [1]: IPA Size Limit: 40 bits
<6>[    0.159248] kvm [1]: vgic interrupt IRQ9
<6>[    0.159382] kvm [1]: Hyp nVHE mode initialized successfully
<5>[    0.163089] Initialise system trusted keyrings
<6>[    0.163765] workingset: timestamp_bits=42 max_order=18 bucket_order=0
<6>[    0.164578] squashfs: version 4.0 (2009/01/31) Phillip Lougher
<6>[    0.165223] fuse: init (API version 7.41)
<5>[    0.327156] Key type asymmetric registered
<5>[    0.327242] Asymmetric key parser 'x509' registered
<6>[    0.327506] Block layer SCSI generic (bsg) driver version 0.4 loaded (major 243)
<6>[    0.327555] io scheduler mq-deadline registered
<6>[    0.327587] io scheduler kyber registered
<6>[    0.327695] io scheduler bfq registered
<6>[    0.344536] ledtrig-cpu: registered to indicate activity on CPUs
<6>[    0.357115] dma-pl330 ff240000.dma-controller: Loaded driver for PL330 DMAC-241330
<6>[    0.357206] dma-pl330 ff240000.dma-controller: 	DBUFF-128x8bytes Num_Chans-8 Num_Peri-32 Num_Events-16
<6>[    0.371037] Serial: 8250/16550 driver, 4 ports, IRQ sharing enabled
<6>[    0.376189] printk: legacy console [ttyS2] disabled
<6>[    0.377202] ff160000.serial: ttyS2 at MMIO 0xff160000 (irq = 22, base_baud = 1500000) is a 16550A
<6>[    0.377463] printk: legacy console [ttyS2] enabled
<6>[    0.469210] rockchip-vop ff460000.vop: Adding to iommu group 0
<6>[    0.474204] /dsi@ff450000: Fixed dependency cycle(s) with /dsi@ff450000/panel@0
<6>[    0.475081] /dsi@ff450000/panel@0: Fixed dependency cycle(s) with /dsi@ff450000
<6>[    0.509091] loop: module loaded
<6>[    0.512043] megasas: 07.727.03.00-rc1
<6>[    0.512636] mpt3sas version 48.100.00.00 loaded
<6>[    0.534317] VFIO - User Level meta-driver version: 0.3
<4>[    0.537034] rockchip-usb2phy ff2c0000.syscon:usb2phy@100: Requested PHY is disabled
<4>[    0.537841] dwc2 ff300000.usb: supply vusb_d not found, using dummy regulator
<4>[    0.538790] dwc2 ff300000.usb: supply vusb_a not found, using dummy regulator
<4>[    0.539740] dwc2 ff300000.usb: Configuration mismatch. dr_mode forced to host
<4>[    0.551051] rockchip-usb2phy ff2c0000.syscon:usb2phy@100: Requested PHY is disabled
<4>[    0.551802] rockchip-usb2phy ff2c0000.syscon:usb2phy@100: Requested PHY is disabled
<6>[    0.552523] dwc2 ff300000.usb: DWC OTG Controller
<6>[    0.553082] dwc2 ff300000.usb: new USB bus registered, assigned bus number 1
<6>[    0.553791] dwc2 ff300000.usb: irq 27, io mem 0xff300000
<6>[    0.555880] hub 1-0:1.0: USB hub found
<6>[    0.556327] hub 1-0:1.0: 1 port detected
<6>[    0.560957] usbcore: registered new interface driver cdc_acm
<6>[    0.561530] cdc_acm: USB Abstract Control Model driver for USB modems and ISDN adapters
<6>[    0.562343] usbcore: registered new interface driver usb-storage
<6>[    0.563082] usbcore: registered new interface driver cp210x
<6>[    0.563653] usbserial: USB Serial support registered for cp210x
<6>[    0.564265] usbcore: registered new interface driver ftdi_sio
<6>[    0.564948] usbserial: USB Serial support registered for FTDI USB Serial Device
<6>[    0.565740] usbcore: registered new interface driver option
<6>[    0.566308] usbserial: USB Serial support registered for GSM modem (1-port)
<6>[    0.567604] usbcore: registered new device driver onboard-usb-dev
<4>[    0.575016] pwm-vibrator vibrator: supply vcc not found, using dummy regulator
<6>[    0.576379] input: pwm-vibrator as /devices/platform/vibrator/input/input0
<6>[    0.580824] i2c_dev: i2c /dev entries driver
<6>[    0.617764] vcc_bl: Bringing 2800000uV into 3300000-3300000uV
<6>[    0.620196] vcc_lcd: Bringing 1800000uV into 2800000-2800000uV
<6>[    0.623916] usb_midu: Bringing 4700000uV into 5000000-5000000uV
<6>[    0.629734] input: rk805 pwrkey as /devices/platform/ff180000.i2c/i2c-0/0-0020/rk805-pwrkey.2.auto/input/input1
<6>[    0.636330] rk808-rtc rk808-rtc.3.auto: registered as rtc0
<6>[    0.637792] rk808-rtc rk808-rtc.3.auto: setting system clock to 2017-08-07T07:30:16 UTC (1502091016)
<4>[    0.656834] rockchip-thermal ff280000.tsadc: Missing tshut mode property, using default (cru)
<4>[    0.657729] rockchip-thermal ff280000.tsadc: Missing tshut-polarity property, using default (low)
<6>[    0.663441] device-mapper: ioctl: 4.48.0-ioctl (2023-03-01) initialised: dm-devel@lists.linux.dev
<6>[    0.667086] cpu cpu0: EM: created perf domain
<6>[    0.671621] sdhci: Secure Digital Host Controller Interface driver
<6>[    0.672219] sdhci: Copyright(c) Pierre Ossman
<6>[    0.673478] Synopsys Designware Multimedia Card Interface Driver
<6>[    0.674977] sdhci-pltfm: SDHCI platform and OF driver helper
<6>[    0.676032] dwmmc_rockchip ff370000.mmc: IDMAC supports 32-bit address mode.
<6>[    0.676843] dwmmc_rockchip ff370000.mmc: Using internal DMA controller.
<6>[    0.677475] dwmmc_rockchip ff370000.mmc: Version ID is 270a
<6>[    0.677959] SMCCC: SOC_ID: ARCH_SOC_ID not implemented, skipping ....
<6>[    0.678068] dwmmc_rockchip ff370000.mmc: DW MMC controller at irq 55,32 bit host data width,256 deep fifo
<6>[    0.679747] usbcore: registered new interface driver usbhid
<6>[    0.680250] dwmmc_rockchip ff370000.mmc: Got CD GPIO
<6>[    0.680276] usbhid: USB HID core driver
<4>[    0.687208] SPI driver st-magn-spi has no spi_device_id for st,lis3mdl-magn
<4>[    0.687879] SPI driver st-magn-spi has no spi_device_id for st,lsm303agr-magn
<4>[    0.688518] SPI driver st-magn-spi has no spi_device_id for st,lsm9ds1-magn
<4>[    0.689231] SPI driver st-magn-spi has no spi_device_id for st,lsm303c-magn
<6>[    0.692285] hw perfevents: enabled with armv8_cortex_a35 PMU driver, 7 (0,8000003f) counters available
<6>[    0.693314] mmc_host mmc0: Bus speed (slot 0) = 400000Hz (slot req 400000Hz, actual 400000HZ div = 0)
<6>[    0.695809]  cs_system_cfg: CoreSight Configuration manager initialised
<6>[    0.699722] gnss: GNSS driver registered with major 235
<5>[    0.729499] Loading compiled-in X.509 certificates
<6>[    0.739031] Demotion targets for Node 0: null
<6>[    0.751481] mmc_host mmc0: Bus speed (slot 0) = 50000000Hz (slot req 50000000Hz, actual 50000000HZ div = 0)
<6>[    0.752599] mmc0: new high speed SDHC card at address 0001
<6>[    0.754965] mmcblk0: mmc0:0001 00000 29.2 GiB
<6>[    0.759664]  mmcblk0: p1 p2
<6>[    0.771829] rockchip-drm display-subsystem: bound ff460000.vop (ops vop_component_ops)
<6>[    0.773205] rockchip-drm display-subsystem: bound ff450000.dsi (ops dw_mipi_dsi_rockchip_ops)
<6>[    0.775397] [drm] Initialized rockchip 1.0.0 for display-subsystem on minor 0
<6>[    0.849155] usb 1-1: new high-speed USB device number 2 using dwc2
<6>[    1.045820] hub 1-1:1.0: USB hub found
<6>[    1.046185] hub 1-1:1.0: 4 ports detected
<6>[    1.221843] Console: switching to colour frame buffer device 40x30
<6>[    1.251699] rockchip-drm display-subsystem: [drm] fb0: rockchipdrmfb frame buffer device
<6>[    1.287430] input: rk817_int Headphones as /devices/platform/rk817-sound/sound/card0/input2
<6>[    1.298974] clk: Disabling unused clocks
<6>[    1.304446] PM: genpd: Disabling unused power domains
<6>[    1.307531] ALSA device list:
<6>[    1.309412]   #0: rk817_int
<6>[    1.314193] Freeing unused kernel memory: 3264K
<6>[    1.316930] Run /init as init process
<7>[    1.318364]   with arguments:
<7>[    1.318379]     /init
<7>[    1.318387]   with environment:
<7>[    1.318392]     HOME=/
<7>[    1.318398]     TERM=linux
<12>[    1.323166] pid351: running as PID 1
<4>[    1.331503] FAT-fs (mmcblk0p1): Volume was not properly unmounted. Some data may be corrupt. Please run fsck.
<12>[    1.350031] pid351: playing /boot/pid351/roms/smb.nes
<12>[    1.354155] pid351: connector 40, crtc 36, mode 320x480@60
<6>[    1.540949] usb 1-1.2: new full-speed USB device number 3 using dwc2
<6>[    1.642430] input: OpenSimHardware OSH PB Controller Keyboard as /devices/platform/ff300000.usb/usb1/1-1/1-1.2/1-1.2:1.0/0003:1209:3100.0001/input/input3
<6>[    1.705689] input: OpenSimHardware OSH PB Controller Mouse as /devices/platform/ff300000.usb/usb1/1-1/1-1.2/1-1.2:1.0/0003:1209:3100.0001/input/input4
<6>[    1.716594] input: OpenSimHardware OSH PB Controller as /devices/platform/ff300000.usb/usb1/1-1/1-1.2/1-1.2:1.0/0003:1209:3100.0001/input/input5
<6>[    1.728336] hid-generic 0003:1209:3100.0001: input: USB HID v1.11 Keyboard [OpenSimHardware OSH PB Controller] on usb-ff300000.usb-1.2/input0
<12>[    1.897197] pid351: pad on /dev/input/event5 (OpenSimHardware OSH PB Controller)
<12>[    1.906060] pid351: pad appeared after 60 ms
<12>[    1.912273] pid351: display up, rotating counter-clockwise
<12>[    1.923663] pid351: audio card 0 is "rk817int" driver "simple-card" (rk817_int)
<12>[    1.931562] pid351: audio "Playback Mux" = 1
<12>[    1.937933] pid351: audio "Master Playback Volume" = 255
<12>[    1.944451] pid351: audio accepts channels     2 .. 8
<12>[    1.949417] pid351: audio accepts rate         8000 .. 96000
<12>[    1.954964] pid351: audio accepts period_size  4 .. 65536
<12>[    1.961221] pid351: audio accepts periods      2 .. 32768
<12>[    1.967244] pid351: audio accepts buffer_size  8 .. 131072
<12>[    1.975902] pid351: audio /dev/snd/pcmC0D0p: 48000 Hz, period 512, buffer 4096 (85.3 ms), 799 frames/video frame
<12>[    2.009094] pid351: first frame 256x224 pitch=512 (2.0 bytes/pixel)
<12>[    2.018861] pid351: core fceumm, 256x224, 60.100 fps, 48000 Hz -> 48000 Hz (stretch -0.133%)
<5>[    3.040820] random: crng init done
<12>[    7.036091] pid351: fceumm 60.05 fps  emu 60.05 (1.00x)  frames=301  ring=1532  aud=2480 x1
<12>[   12.051113] pid351: fceumm 60.02 fps  emu 60.02 (1.00x)  frames=602  ring=1478  aud=2481 x1
<12>[   17.066144] pid351: fceumm 60.02 fps  emu 60.02 (1.00x)  frames=903  ring=1423  aud=2482 x1
<12>[   22.081028] pid351: fceumm 60.02 fps  emu 60.02 (1.00x)  frames=1204  ring=1370  aud=2490 x1
<12>[   27.098438] pid351: fceumm 57.60 fps  emu 86.10 (1.49x)  frames=1493  ring=1317  aud=1531 x5
<6>[   31.713052] vcc_wifi: disabling
<12>[   32.111251] pid351: fceumm 56.85 fps  emu 93.16 (1.64x)  frames=1778  ring=1263  aud=1435 x11
<12>[   37.126174] pid351: fceumm 57.83 fps  emu 80.96 (1.40x)  frames=2068  ring=1210  aud=1500 x15
<12>[   42.141204] pid351: fceumm 60.02 fps  emu 60.02 (1.00x)  frames=2369  ring=1161  aud=1500 x15
<12>[   47.155834] pid351: fceumm 60.02 fps  emu 60.02 (1.00x)  frames=2670  ring=1113  aud=1517 x15
<12>[   52.170905] pid351: fceumm 60.02 fps  emu 60.02 (1.00x)  frames=2971  ring=1067  aud=1518 x15
<12>[   57.186106] pid351: fceumm 60.02 fps  emu 60.02 (1.00x)  frames=3272  ring=1025  aud=1510 x15
<12>[   62.201164] pid351: fceumm 60.02 fps  emu 60.02 (1.00x)  frames=3573  ring=986  aud=1503 x15
<12>[   67.216018] pid351: fceumm 60.02 fps  emu 60.02 (1.00x)  frames=3874  ring=948  aud=1512 x15
<12>[   72.232347] pid351: fceumm 57.01 fps  emu 92.10 (1.62x)  frames=4160  ring=918  aud=2037 x21
<12>[   77.234839] pid351: fceumm 53.37 fps  emu 116.54 (2.18x)  frames=4427  ring=887  aud=964 x32
<12>[   82.244396] pid351: fceumm 58.69 fps  emu 85.44 (1.46x)  frames=4721  ring=860  aud=1941 x35
<12>[   87.259545] pid351: fceumm 60.02 fps  emu 60.02 (1.00x)  frames=5022  ring=829  aud=1934 x35
<12>[   92.274669] pid351: fceumm 60.02 fps  emu 60.02 (1.00x)  frames=5323  ring=800  aud=1927 x35
<12>[   97.289502] pid351: fceumm 60.02 fps  emu 60.02 (1.00x)  frames=5624  ring=773  aud=1935 x35
<12>[   99.622004] pid351: exit (combo) after 5764 frames
